

================================================================
== Vivado HLS Report for 'conv_layer1'
================================================================
* Date:           Sun Apr  5 18:32:34 2020

* Version:        2018.3 (Build 2405991 on Thu Dec 06 23:56:15 MST 2018)
* Project:        ER_lenet
* Solution:       Pipeline5
* Product family: kintex7
* Target device:  xc7k160tfbg484-1


================================================================
== Performance Estimates
================================================================
+ Timing (ns): 
    * Summary: 
    +--------+-------+----------+------------+
    |  Clock | Target| Estimated| Uncertainty|
    +--------+-------+----------+------------+
    |ap_clk  |  10.00|     8.616|        1.25|
    +--------+-------+----------+------------+

+ Latency (clock cycles): 
    * Summary: 
    +-------+-------+-------+-------+---------+
    |    Latency    |    Interval   | Pipeline|
    |  min  |  max  |  min  |  max  |   Type  |
    +-------+-------+-------+-------+---------+
    |  22015|  22015|  22015|  22015|   none  |
    +-------+-------+-------+-------+---------+

    + Detail: 
        * Instance: 
        N/A

        * Loop: 
        +--------------------------------------------------------+-------+-------+----------+-----------+-----------+------+----------+
        |                                                        |    Latency    | Iteration|  Initiation Interval  | Trip |          |
        |                        Loop Name                       |  min  |  max  |  Latency |  achieved |   target  | Count| Pipelined|
        +--------------------------------------------------------+-------+-------+----------+-----------+-----------+------+----------+
        |- conv_layer1_neurons_loop                              |  22014|  22014|      3669|          -|          -|     6|    no    |
        | + conv_layer1_kernel_1_loop_conv_layer1_kernel_2_loop  |   2704|   2704|         8|          3|          1|   900|    yes   |
        | + conv_layer1_relu_outer_loop                          |    960|    960|        32|          -|          -|    30|    no    |
        |  ++ conv_layer1_relu_inner_loop                        |     30|     30|         2|          -|          -|    15|    no    |
        +--------------------------------------------------------+-------+-------+----------+-----------+-----------+------+----------+



================================================================
== Utilization Estimates
================================================================
* Summary: 
+-----------------+---------+-------+--------+--------+
|       Name      | BRAM_18K| DSP48E|   FF   |   LUT  |
+-----------------+---------+-------+--------+--------+
|DSP              |        -|      -|       -|       -|
|Expression       |        -|      0|       0|    2020|
|FIFO             |        -|      -|       -|       -|
|Instance         |        -|      -|       -|       -|
|Memory           |        0|      -|      35|      10|
|Multiplexer      |        -|      -|       -|     341|
|Register         |        0|      -|     705|      96|
+-----------------+---------+-------+--------+--------+
|Total            |        0|      0|     740|    2467|
+-----------------+---------+-------+--------+--------+
|Available        |      650|    600|  202800|  101400|
+-----------------+---------+-------+--------+--------+
|Utilization (%)  |        0|      0|   ~0   |       2|
+-----------------+---------+-------+--------+--------+

+ Detail: 
    * Instance: 
    N/A

    * DSP48: 
    N/A

    * Memory: 
    +--------------------------+------------------------------------+---------+---+----+------+-----+------+-------------+
    |          Memory          |               Module               | BRAM_18K| FF| LUT| Words| Bits| Banks| W*Bits*Banks|
    +--------------------------+------------------------------------+---------+---+----+------+-----+------+-------------+
    |conv_1_biases_V_U         |conv_layer1_conv_1_biases_V         |        0|  3|   1|     6|    3|     1|           18|
    |conv_1_weights_V_0_0_U    |conv_layer1_conv_1_weights_V_0_0    |        0|  4|   1|     6|    4|     1|           24|
    |conv_1_weights_V_0_0_1_U  |conv_layer1_conv_1_weights_V_0_0_1  |        0|  4|   1|     6|    4|     1|           24|
    |conv_1_weights_V_0_0_2_U  |conv_layer1_conv_1_weights_V_0_0_2  |        0|  2|   1|     6|    2|     1|           12|
    |conv_1_weights_V_0_1_U    |conv_layer1_conv_1_weights_V_0_1    |        0|  4|   1|     6|    4|     1|           24|
    |conv_1_weights_V_0_1_1_U  |conv_layer1_conv_1_weights_V_0_1_1  |        0|  3|   1|     6|    3|     1|           18|
    |conv_1_weights_V_0_1_2_U  |conv_layer1_conv_1_weights_V_0_1_2  |        0|  4|   1|     6|    4|     1|           24|
    |conv_1_weights_V_0_2_U    |conv_layer1_conv_1_weights_V_0_2    |        0|  4|   1|     6|    4|     1|           24|
    |conv_1_weights_V_0_2_1_U  |conv_layer1_conv_1_weights_V_0_2_1  |        0|  4|   1|     6|    4|     1|           24|
    |conv_1_weights_V_0_2_2_U  |conv_layer1_conv_1_weights_V_0_2_2  |        0|  3|   1|     6|    3|     1|           18|
    +--------------------------+------------------------------------+---------+---+----+------+-----+------+-------------+
    |Total                     |                                    |        0| 35|  10|    60|   35|    10|          210|
    +--------------------------+------------------------------------+---------+---+----+------+-----+------+-------------+

    * FIFO: 
    N/A

    * Expression: 
    +-----------------------------------+----------+-------+---+----+------------+------------+
    |           Variable Name           | Operation| DSP48E| FF| LUT| Bitwidth P0| Bitwidth P1|
    +-----------------------------------+----------+-------+---+----+------------+------------+
    |r_V_12_0_0_1_fu_954_p2             |     *    |      0|  0|  41|           8|           4|
    |r_V_12_0_0_2_fu_993_p2             |     *    |      0|  0|  41|           8|           2|
    |r_V_12_0_1_1_fu_1347_p2            |     *    |      0|  0|  41|           8|           3|
    |r_V_12_0_1_2_fu_1420_p2            |     *    |      0|  0|  41|           8|           4|
    |r_V_12_0_1_fu_1321_p2              |     *    |      0|  0|  41|           8|           4|
    |r_V_12_0_2_1_fu_1760_p2            |     *    |      0|  0|  41|           8|           4|
    |r_V_12_0_2_2_fu_1829_p2            |     *    |      0|  0|  41|           8|           3|
    |r_V_12_0_2_fu_1734_p2              |     *    |      0|  0|  41|           8|           4|
    |r_V_s_fu_914_p2                    |     *    |      0|  0|  41|           8|           4|
    |accumulation_V_0_0_1_fu_1145_p2    |     +    |      0|  0|  15|           8|           8|
    |accumulation_V_0_0_2_fu_1249_p2    |     +    |      0|  0|  15|           8|           8|
    |accumulation_V_0_1_1_fu_1624_p2    |     +    |      0|  0|  15|           8|           8|
    |accumulation_V_0_1_2_fu_1878_p2    |     +    |      0|  0|  15|           8|           8|
    |accumulation_V_0_1_fu_1536_p2      |     +    |      0|  0|  15|           8|           8|
    |accumulation_V_0_2_1_fu_2094_p2    |     +    |      0|  0|  15|           8|           8|
    |accumulation_V_0_2_2_fu_2224_p2    |     +    |      0|  0|  15|           8|           8|
    |accumulation_V_0_2_fu_2005_p2      |     +    |      0|  0|  15|           8|           8|
    |col_3_1_fu_2560_p2                 |     +    |      0|  0|  15|           2|           5|
    |indvar_flatten_next_fu_717_p2      |     +    |      0|  0|  17|          10|           1|
    |p_5_fu_587_p2                      |     +    |      0|  0|  12|           3|           1|
    |p_Val2_21_fu_2307_p2               |     +    |      0|  0|  15|           8|           8|
    |p_Val2_23_fu_1055_p2               |     +    |      0|  0|  15|           8|           8|
    |p_Val2_29_0_0_1_fu_1094_p2         |     +    |      0|  0|  15|           8|           8|
    |p_Val2_29_0_0_2_fu_1020_p2         |     +    |      0|  0|  15|           6|           6|
    |p_Val2_29_0_1_1_fu_1386_p2         |     +    |      0|  0|  15|           8|           8|
    |p_Val2_29_0_1_2_fu_1701_p2         |     +    |      0|  0|  15|           8|           8|
    |p_Val2_29_0_1_fu_1486_p2           |     +    |      0|  0|  15|           8|           8|
    |p_Val2_29_0_2_1_fu_1795_p2         |     +    |      0|  0|  15|           8|           8|
    |p_Val2_29_0_2_2_fu_2174_p2         |     +    |      0|  0|  15|           8|           8|
    |p_Val2_29_0_2_fu_1954_p2           |     +    |      0|  0|  15|           8|           8|
    |p_Val2_s_fu_697_p2                 |     +    |      0|  0|  10|           2|           2|
    |ret_V_0_0_1_fu_1131_p2             |     +    |      0|  0|  16|           9|           9|
    |ret_V_0_0_2_fu_1235_p2             |     +    |      0|  0|  16|           9|           9|
    |ret_V_0_1_1_fu_1610_p2             |     +    |      0|  0|  16|           9|           9|
    |ret_V_0_1_2_fu_1864_p2             |     +    |      0|  0|  16|           9|           9|
    |ret_V_0_1_fu_1522_p2               |     +    |      0|  0|  16|           9|           9|
    |ret_V_0_2_1_fu_2080_p2             |     +    |      0|  0|  16|           9|           9|
    |ret_V_0_2_2_fu_2210_p2             |     +    |      0|  0|  16|           9|           9|
    |ret_V_0_2_fu_1991_p2               |     +    |      0|  0|  16|           9|           9|
    |ret_V_7_fu_2294_p2                 |     +    |      0|  0|  16|           9|           9|
    |row_3_fu_2493_p2                   |     +    |      0|  0|  15|           5|           1|
    |tmp_106_fu_777_p2                  |     +    |      0|  0|  15|           2|           5|
    |tmp_107_fu_1446_p2                 |     +    |      0|  0|  17|          10|          10|
    |tmp_118_fu_1852_p2                 |     +    |      0|  0|  11|          13|          13|
    |tmp_119_fu_2503_p2                 |     +    |      0|  0|  17|          10|          10|
    |tmp_121_fu_2550_p2                 |     +    |      0|  0|  20|          13|          13|
    |tmp_45_fu_809_p2                   |     +    |      0|  0|  15|           2|           5|
    |tmp_71_0_2_mid1_fu_803_p2          |     +    |      0|  0|  15|           2|           5|
    |tmp_71_0_s_fu_790_p2               |     +    |      0|  0|  15|           1|           5|
    |tmp_83_0_0_2_fu_864_p2             |     +    |      0|  0|  15|           1|           5|
    |tmp_105_fu_631_p2                  |     -    |      0|  0|  16|           9|           9|
    |tmp_108_fu_1467_p2                 |     -    |      0|  0|  11|          13|          13|
    |tmp_120_fu_2524_p2                 |     -    |      0|  0|  20|          13|          13|
    |p_demorgan_fu_2420_p2              |    and   |      0|  0|  16|          16|          16|
    |tmp_230_fu_2471_p2                 |    and   |      0|  0|  16|          16|          16|
    |underflow_0_0_1_fu_1165_p2         |    and   |      0|  0|   6|           1|           1|
    |underflow_0_0_2_fu_1269_p2         |    and   |      0|  0|   6|           1|           1|
    |underflow_0_1_1_fu_1643_p2         |    and   |      0|  0|   6|           1|           1|
    |underflow_0_1_2_fu_1896_p2         |    and   |      0|  0|   6|           1|           1|
    |underflow_0_1_fu_1555_p2           |    and   |      0|  0|   6|           1|           1|
    |underflow_0_2_1_fu_2113_p2         |    and   |      0|  0|   6|           1|           1|
    |underflow_0_2_2_fu_2242_p2         |    and   |      0|  0|   6|           1|           1|
    |underflow_0_2_fu_2025_p2           |    and   |      0|  0|   6|           1|           1|
    |underflow_s_fu_2326_p2             |    and   |      0|  0|   6|           1|           1|
    |exitcond2_fu_723_p2                |   icmp   |      0|  0|  11|           5|           2|
    |exitcond3_fu_581_p2                |   icmp   |      0|  0|   9|           3|           3|
    |exitcond5_fu_2487_p2               |   icmp   |      0|  0|  11|           5|           3|
    |exitcond_flatten_fu_711_p2         |   icmp   |      0|  0|  13|          10|           8|
    |exitcond_fu_2530_p2                |   icmp   |      0|  0|  11|           5|           3|
    |tmp_213_fu_771_p2                  |   icmp   |      0|  0|   9|           4|           4|
    |tmp_54_fu_2574_p2                  |   icmp   |      0|  0|  11|           8|           1|
    |tmp_70_1_fu_2612_p2                |   icmp   |      0|  0|  11|           8|           1|
    |tmp_229_fu_2414_p2                 |   lshr   |      0|  0|  35|           2|          16|
    |brmerge18_fu_2344_p2               |    or    |      0|  0|   6|           1|           1|
    |brmerge39_0_0_1_fu_1183_p2         |    or    |      0|  0|   6|           1|           1|
    |brmerge39_0_0_2_fu_1287_p2         |    or    |      0|  0|   6|           1|           1|
    |brmerge39_0_1_1_fu_1661_p2         |    or    |      0|  0|   6|           1|           1|
    |brmerge39_0_1_2_fu_1914_p2         |    or    |      0|  0|   6|           1|           1|
    |brmerge39_0_1_fu_1573_p2           |    or    |      0|  0|   6|           1|           1|
    |brmerge39_0_2_1_fu_2131_p2         |    or    |      0|  0|   6|           1|           1|
    |brmerge39_0_2_2_fu_2260_p2         |    or    |      0|  0|   6|           1|           1|
    |brmerge39_0_2_fu_2043_p2           |    or    |      0|  0|   6|           1|           1|
    |tmp_48_fu_765_p2                   |    or    |      0|  0|   6|           4|           3|
    |col_mid2_fu_729_p3                 |  select  |      0|  0|   5|           1|           1|
    |grp_fu_560_p3                      |  select  |      0|  0|   8|           1|           8|
    |grp_fu_567_p3                      |  select  |      0|  0|   8|           1|           8|
    |grp_fu_574_p3                      |  select  |      0|  0|   8|           1|           8|
    |input_V_load_0_1_1_p_fu_1026_p3    |  select  |      0|  0|   8|           1|           8|
    |p_0306_1_fu_2366_p3                |  select  |      0|  0|   8|           1|           8|
    |p_0461_5_0_0_1_fu_1205_p3          |  select  |      0|  0|   8|           1|           8|
    |p_0461_5_0_0_2_fu_1309_p3          |  select  |      0|  0|   8|           1|           8|
    |p_0461_5_0_1_1_fu_1683_p3          |  select  |      0|  0|   8|           1|           8|
    |p_0461_5_0_1_2_fu_1936_p3          |  select  |      0|  0|   8|           1|           8|
    |p_0461_5_0_1_fu_1595_p3            |  select  |      0|  0|   8|           1|           8|
    |p_0461_5_0_2_1_fu_2153_p3          |  select  |      0|  0|   8|           1|           8|
    |p_0461_5_0_2_2_fu_2282_p3          |  select  |      0|  0|   8|           1|           8|
    |p_0461_5_0_2_fu_2065_p3            |  select  |      0|  0|   8|           1|           8|
    |p_0514_2_fu_2580_p3                |  select  |      0|  0|   7|           1|           7|
    |p_5_0_0_1_fu_1197_p3               |  select  |      0|  0|   9|           1|           9|
    |p_5_0_0_2_fu_1301_p3               |  select  |      0|  0|   9|           1|           9|
    |p_5_0_1_1_fu_1675_p3               |  select  |      0|  0|   9|           1|           9|
    |p_5_0_1_2_fu_1928_p3               |  select  |      0|  0|   9|           1|           9|
    |p_5_0_1_fu_1587_p3                 |  select  |      0|  0|   9|           1|           9|
    |p_5_0_2_1_fu_2145_p3               |  select  |      0|  0|   9|           1|           9|
    |p_5_0_2_2_fu_2274_p3               |  select  |      0|  0|   9|           1|           9|
    |p_5_0_2_fu_2057_p3                 |  select  |      0|  0|   9|           1|           9|
    |p_Val2_24_fu_1076_p3               |  select  |      0|  0|   8|           1|           8|
    |p_Val2_30_0_0_1_fu_1115_p3         |  select  |      0|  0|   8|           1|           8|
    |p_Val2_30_0_1_1_fu_1408_p3         |  select  |      0|  0|   8|           1|           8|
    |p_Val2_30_0_1_2_fu_1722_p3         |  select  |      0|  0|   8|           1|           8|
    |p_Val2_30_0_1_fu_1507_p3           |  select  |      0|  0|   8|           1|           8|
    |p_Val2_30_0_2_1_fu_1817_p3         |  select  |      0|  0|   8|           1|           8|
    |p_Val2_30_0_2_2_fu_2196_p3         |  select  |      0|  0|   8|           1|           8|
    |p_Val2_30_0_2_fu_1975_p3           |  select  |      0|  0|   8|           1|           8|
    |p_Val2_cast_fu_685_p3              |  select  |      0|  0|   2|           1|           2|
    |p_mux7_0_0_1_fu_1189_p3            |  select  |      0|  0|   8|           1|           7|
    |p_mux7_0_0_2_fu_1293_p3            |  select  |      0|  0|   8|           1|           7|
    |p_mux7_0_1_1_fu_1667_p3            |  select  |      0|  0|   8|           1|           7|
    |p_mux7_0_1_2_fu_1920_p3            |  select  |      0|  0|   8|           1|           7|
    |p_mux7_0_1_fu_1579_p3              |  select  |      0|  0|   8|           1|           7|
    |p_mux7_0_2_1_fu_2137_p3            |  select  |      0|  0|   8|           1|           7|
    |p_mux7_0_2_2_fu_2266_p3            |  select  |      0|  0|   8|           1|           7|
    |p_mux7_0_2_fu_2049_p3              |  select  |      0|  0|   8|           1|           7|
    |p_mux_fu_2350_p3                   |  select  |      0|  0|   8|           1|           7|
    |p_s_fu_2358_p3                     |  select  |      0|  0|   9|           1|           9|
    |p_v4_fu_893_p3                     |  select  |      0|  0|   5|           1|           5|
    |p_v_fu_796_p3                      |  select  |      0|  0|   5|           1|           5|
    |phitmp_0_0_1_fu_1107_p3            |  select  |      0|  0|   8|           1|           8|
    |phitmp_0_1_1_fu_1400_p3            |  select  |      0|  0|   8|           1|           8|
    |phitmp_0_1_2_fu_1714_p3            |  select  |      0|  0|   8|           1|           8|
    |phitmp_0_1_fu_1499_p3              |  select  |      0|  0|   8|           1|           8|
    |phitmp_0_2_1_fu_1809_p3            |  select  |      0|  0|   8|           1|           8|
    |phitmp_0_2_2_fu_2188_p3            |  select  |      0|  0|   8|           1|           8|
    |phitmp_0_2_fu_1967_p3              |  select  |      0|  0|   8|           1|           8|
    |phitmp_fu_1068_p3                  |  select  |      0|  0|   8|           1|           8|
    |tmp_218_fu_2380_p3                 |  select  |      0|  0|   5|           1|           5|
    |tmp_219_fu_2387_p3                 |  select  |      0|  0|   5|           1|           5|
    |tmp_220_fu_2438_p3                 |  select  |      0|  0|   5|           1|           5|
    |tmp_227_fu_2464_p3                 |  select  |      0|  0|  16|           1|          16|
    |tmp_51_mid2_v_fu_783_p3            |  select  |      0|  0|   5|           1|           5|
    |tmp_66_s_fu_2618_p3                |  select  |      0|  0|   7|           1|           7|
    |mask_fu_2480_p2                    |    shl   |      0|  0|   6|           1|           2|
    |tmp_225_fu_2448_p2                 |    shl   |      0|  0|  35|          16|          16|
    |tmp_228_fu_2408_p2                 |    shl   |      0|  0|  35|           2|          16|
    |ap_enable_pp0                      |    xor   |      0|  0|   6|           1|           2|
    |brmerge38_0_0_1_fu_1171_p2         |    xor   |      0|  0|   6|           1|           1|
    |brmerge38_0_0_2_fu_1275_p2         |    xor   |      0|  0|   6|           1|           1|
    |brmerge38_0_1_1_fu_1649_p2         |    xor   |      0|  0|   6|           1|           1|
    |brmerge38_0_1_2_fu_1902_p2         |    xor   |      0|  0|   6|           1|           1|
    |brmerge38_0_1_fu_1561_p2           |    xor   |      0|  0|   6|           1|           1|
    |brmerge38_0_2_1_fu_2119_p2         |    xor   |      0|  0|   6|           1|           1|
    |brmerge38_0_2_2_fu_2248_p2         |    xor   |      0|  0|   6|           1|           1|
    |brmerge38_0_2_fu_2031_p2           |    xor   |      0|  0|   6|           1|           1|
    |brmerge_fu_2332_p2                 |    xor   |      0|  0|   6|           1|           1|
    |signbit_i_i122_0_not_1_fu_1908_p2  |    xor   |      0|  0|   6|           1|           2|
    |signbit_i_i122_0_not_2_fu_2037_p2  |    xor   |      0|  0|   6|           1|           2|
    |signbit_i_i122_0_not_3_fu_2125_p2  |    xor   |      0|  0|   6|           1|           2|
    |signbit_i_i122_0_not_4_fu_2254_p2  |    xor   |      0|  0|   6|           1|           2|
    |signbit_i_i122_0_not_5_fu_1655_p2  |    xor   |      0|  0|   6|           1|           2|
    |signbit_i_i122_0_not_8_fu_1281_p2  |    xor   |      0|  0|   6|           1|           2|
    |signbit_i_i122_0_not_9_fu_1567_p2  |    xor   |      0|  0|   6|           1|           2|
    |signbit_i_i122_0_not_fu_1177_p2    |    xor   |      0|  0|   6|           1|           2|
    |signbit_i_i_i_i77_0_s_fu_2338_p2   |    xor   |      0|  0|   6|           1|           2|
    |tmp_217_fu_2433_p2                 |    xor   |      0|  0|   6|           5|           4|
    |tmp_221_fu_2394_p2                 |    xor   |      0|  0|   6|           5|           4|
    |tmp_46_fu_2320_p2                  |    xor   |      0|  0|   6|           1|           2|
    |tmp_69_cast_cast_fu_751_p2         |    xor   |      0|  0|   6|           1|           2|
    |tmp_92_0_0_1_fu_1159_p2            |    xor   |      0|  0|   6|           1|           2|
    |tmp_92_0_0_2_fu_1263_p2            |    xor   |      0|  0|   6|           1|           2|
    |tmp_92_0_1_1_fu_1637_p2            |    xor   |      0|  0|   6|           1|           2|
    |tmp_92_0_1_2_fu_1890_p2            |    xor   |      0|  0|   6|           1|           2|
    |tmp_92_0_1_fu_1549_p2              |    xor   |      0|  0|   6|           1|           2|
    |tmp_92_0_2_1_fu_2107_p2            |    xor   |      0|  0|   6|           1|           2|
    |tmp_92_0_2_2_fu_2236_p2            |    xor   |      0|  0|   6|           1|           2|
    |tmp_92_0_2_fu_2019_p2              |    xor   |      0|  0|   6|           1|           2|
    +-----------------------------------+----------+-------+---+----+------------+------------+
    |Total                              |          |      0|  0|2020|         626|         995|
    +-----------------------------------+----------+-------+---+----+------------+------------+

    * Multiplexer: 
    +-----------------------------------------+----+-----------+-----+-----------+
    |                   Name                  | LUT| Input Size| Bits| Total Bits|
    +-----------------------------------------+----+-----------+-----+-----------+
    |ap_NS_fsm                                |  50|         11|    1|         11|
    |ap_enable_reg_pp0_iter2                  |   9|          2|    1|          2|
    |ap_phi_mux_col_phi_fu_531_p4             |   9|          2|    5|         10|
    |ap_phi_mux_indvar_flatten_phi_fu_508_p4  |   9|          2|   10|         20|
    |ap_phi_mux_row_phi_fu_519_p4             |   9|          2|    5|         10|
    |col2_reg_549                             |   9|          2|    5|         10|
    |col_reg_527                              |   9|          2|    5|         10|
    |grp_fu_560_p0                            |  15|          3|    1|          3|
    |grp_fu_574_p0                            |  15|          3|    1|          3|
    |indvar_flatten_reg_504                   |   9|          2|   10|         20|
    |input_0_V_address0                       |  33|          6|    9|         54|
    |input_0_V_address1                       |  27|          5|    9|         45|
    |input_1_V_address0                       |  33|          6|    9|         54|
    |input_1_V_address1                       |  27|          5|    9|         45|
    |output_V_address0                        |  21|          4|   12|         48|
    |output_V_d0                              |  15|          3|   16|         48|
    |output_V_we0                             |  15|          3|    2|          6|
    |p_reg_492                                |   9|          2|    3|          6|
    |row1_reg_538                             |   9|          2|    5|         10|
    |row_reg_515                              |   9|          2|    5|         10|
    +-----------------------------------------+----+-----------+-----+-----------+
    |Total                                    | 341|         69|  123|        425|
    +-----------------------------------------+----+-----------+-----+-----------+

    * Register: 
    +--------------------------------+----+----+-----+-----------+
    |              Name              | FF | LUT| Bits| Const Bits|
    +--------------------------------+----+----+-----+-----------+
    |ap_CS_fsm                       |  10|   0|   10|          0|
    |ap_enable_reg_pp0_iter0         |   1|   0|    1|          0|
    |ap_enable_reg_pp0_iter1         |   1|   0|    1|          0|
    |ap_enable_reg_pp0_iter2         |   1|   0|    1|          0|
    |col2_reg_549                    |   5|   0|    5|          0|
    |col_3_1_reg_3144                |   5|   0|    5|          0|
    |col_mid2_reg_2774               |   5|   0|    5|          0|
    |col_reg_527                     |   5|   0|    5|          0|
    |exitcond2_reg_2767              |   1|   0|    1|          0|
    |exitcond_flatten_reg_2758       |   1|   0|    1|          0|
    |indvar_flatten_next_reg_2762    |  10|   0|   10|          0|
    |indvar_flatten_reg_504          |  10|   0|   10|          0|
    |input_V_load_0_1_1_p_reg_2970   |   8|   0|    8|          0|
    |input_V_load_0_2_1_p_reg_3037   |   8|   0|    8|          0|
    |lhs_V_reg_2753                  |   9|   0|    9|          0|
    |newIndex1_reg_2882              |   4|   0|    4|          0|
    |newIndex8_reg_2788              |   4|   0|    4|          0|
    |newIndex_reg_2840               |   4|   0|    4|          0|
    |output_V_addr_reg_3139          |  12|   0|   12|          0|
    |p_0306_1_reg_3107               |   8|   0|    8|          0|
    |p_0461_5_0_0_2_reg_2995         |   8|   0|    8|          0|
    |p_0461_5_0_1_1_reg_3042         |   8|   0|    8|          0|
    |p_0461_5_0_2_1_reg_3095         |   8|   0|    8|          0|
    |p_5_reg_2642                    |   3|   0|    3|          0|
    |p_Val2_22_cast_reg_2748         |   8|   0|    8|          0|
    |p_Val2_22_reg_2919              |   8|   0|    8|          0|
    |p_Val2_28_0_0_1_reg_2944        |   8|   0|    8|          0|
    |p_Val2_28_0_1_2_reg_3027        |   8|   0|    8|          0|
    |p_Val2_28_0_1_reg_3006          |   8|   0|    8|          0|
    |p_Val2_28_0_2_reg_3059          |   8|   0|    8|          0|
    |p_Val2_29_0_0_2_reg_2964        |   6|   0|    6|          0|
    |p_Val2_30_0_1_1_reg_3016        |   8|   0|    8|          0|
    |p_Val2_30_0_1_2_reg_3048        |   8|   0|    8|          0|
    |p_Val2_30_0_2_1_reg_3069        |   8|   0|    8|          0|
    |p_Val2_30_0_2_2_reg_3101        |   8|   0|    8|          0|
    |p_demorgan_reg_3118             |  16|   0|   16|          0|
    |p_reg_492                       |   3|   0|    3|          0|
    |p_v4_reg_2898                   |   5|   0|    5|          0|
    |p_v_reg_2828                    |   5|   0|    5|          0|
    |r_V_12_0_0_1_reg_2939           |  12|   0|   12|          0|
    |r_V_12_0_1_2_reg_3022           |  12|   0|   12|          0|
    |r_V_12_0_1_reg_3001             |  12|   0|   12|          0|
    |r_V_12_0_2_2_reg_3075           |  11|   0|   11|          0|
    |r_V_12_0_2_reg_3054             |  12|   0|   12|          0|
    |r_V_s_reg_2914                  |  12|   0|   12|          0|
    |row1_reg_538                    |   5|   0|    5|          0|
    |row_3_reg_3126                  |   5|   0|    5|          0|
    |row_reg_515                     |   5|   0|    5|          0|
    |tmp_106_cast_reg_2697           |   9|   0|   10|          1|
    |tmp_118_reg_3090                |  13|   0|   13|          0|
    |tmp_120_reg_3131                |  13|   0|   13|          0|
    |tmp_160_reg_2780                |   1|   0|    1|          0|
    |tmp_160_reg_2780_pp0_iter1_reg  |   1|   0|    1|          0|
    |tmp_165_reg_2924                |   1|   0|    1|          0|
    |tmp_171_reg_2949                |   1|   0|    1|          0|
    |tmp_182_reg_3011                |   1|   0|    1|          0|
    |tmp_192_reg_3032                |   1|   0|    1|          0|
    |tmp_197_reg_3064                |   1|   0|    1|          0|
    |tmp_207_reg_3085                |   1|   0|    1|          0|
    |tmp_213_reg_2810                |   1|   0|    1|          0|
    |tmp_214_reg_3112                |   1|   0|    5|          4|
    |tmp_26_reg_3080                 |   7|   0|    7|          0|
    |tmp_41_reg_2703                 |  12|   0|   12|          0|
    |tmp_47_reg_2800                 |   1|   0|    4|          3|
    |tmp_47_reg_2800_pp0_iter1_reg   |   1|   0|    4|          3|
    |tmp_48_reg_2805                 |   1|   0|    4|          3|
    |tmp_48_reg_2805_pp0_iter1_reg   |   1|   0|    4|          3|
    |tmp_51_mid2_v_reg_2818          |   5|   0|    5|          0|
    |tmp_69_cast_cast_reg_2795       |   1|   0|    1|          0|
    |tmp_71_0_2_mid1_reg_2835        |   5|   0|    5|          0|
    |tmp_71_0_s_reg_2823             |   5|   0|    5|          0|
    |tmp_83_0_0_2_reg_2877           |   5|   0|    5|          0|
    |tmp_86_0_0_1_reg_2708           |  12|   0|   12|          0|
    |tmp_86_0_0_2_cast_reg_2713      |   2|   0|   10|          8|
    |tmp_86_0_1_1_cast_reg_2723      |  11|   0|   11|          0|
    |tmp_86_0_1_2_reg_2728           |  12|   0|   12|          0|
    |tmp_86_0_1_reg_2718             |  12|   0|   12|          0|
    |tmp_86_0_2_1_reg_2738           |  12|   0|   12|          0|
    |tmp_86_0_2_2_cast_reg_2743      |  11|   0|   11|          0|
    |tmp_86_0_2_reg_2733             |  12|   0|   12|          0|
    |exitcond_flatten_reg_2758       |  64|  32|    1|          0|
    |tmp_213_reg_2810                |  64|  32|    1|          0|
    |tmp_69_cast_cast_reg_2795       |  64|  32|    1|          0|
    +--------------------------------+----+----+-----+-----------+
    |Total                           | 705|  96|  541|         25|
    +--------------------------------+----+----+-----+-----------+



================================================================
== Interface
================================================================
* Summary: 
+--------------------+-----+-----+------------+--------------+--------------+
|      RTL Ports     | Dir | Bits|  Protocol  | Source Object|    C Type    |
+--------------------+-----+-----+------------+--------------+--------------+
|ap_clk              |  in |    1| ap_ctrl_hs |  conv_layer1 | return value |
|ap_rst              |  in |    1| ap_ctrl_hs |  conv_layer1 | return value |
|ap_start            |  in |    1| ap_ctrl_hs |  conv_layer1 | return value |
|ap_done             | out |    1| ap_ctrl_hs |  conv_layer1 | return value |
|ap_idle             | out |    1| ap_ctrl_hs |  conv_layer1 | return value |
|ap_ready            | out |    1| ap_ctrl_hs |  conv_layer1 | return value |
|input_0_V_address0  | out |    9|  ap_memory |   input_0_V  |     array    |
|input_0_V_ce0       | out |    1|  ap_memory |   input_0_V  |     array    |
|input_0_V_q0        |  in |    8|  ap_memory |   input_0_V  |     array    |
|input_0_V_address1  | out |    9|  ap_memory |   input_0_V  |     array    |
|input_0_V_ce1       | out |    1|  ap_memory |   input_0_V  |     array    |
|input_0_V_q1        |  in |    8|  ap_memory |   input_0_V  |     array    |
|input_1_V_address0  | out |    9|  ap_memory |   input_1_V  |     array    |
|input_1_V_ce0       | out |    1|  ap_memory |   input_1_V  |     array    |
|input_1_V_q0        |  in |    8|  ap_memory |   input_1_V  |     array    |
|input_1_V_address1  | out |    9|  ap_memory |   input_1_V  |     array    |
|input_1_V_ce1       | out |    1|  ap_memory |   input_1_V  |     array    |
|input_1_V_q1        |  in |    8|  ap_memory |   input_1_V  |     array    |
|output_V_address0   | out |   12|  ap_memory |   output_V   |     array    |
|output_V_ce0        | out |    1|  ap_memory |   output_V   |     array    |
|output_V_we0        | out |    2|  ap_memory |   output_V   |     array    |
|output_V_d0         | out |   16|  ap_memory |   output_V   |     array    |
|output_V_q0         |  in |   16|  ap_memory |   output_V   |     array    |
+--------------------+-----+-----+------------+--------------+--------------+

