

================================================================
== Vivado HLS Report for 'conv_layer2'
================================================================
* Date:           Sun Apr  5 18:32:39 2020

* Version:        2018.3 (Build 2405991 on Thu Dec 06 23:56:15 MST 2018)
* Project:        ER_lenet
* Solution:       Pipeline5
* Product family: kintex7
* Target device:  xc7k160tfbg484-1


================================================================
== Performance Estimates
================================================================
+ Timing (ns): 
    * Summary: 
    +--------+-------+----------+------------+
    |  Clock | Target| Estimated| Uncertainty|
    +--------+-------+----------+------------+
    |ap_clk  |  10.00|     8.616|        1.25|
    +--------+-------+----------+------------+

+ Latency (clock cycles): 
    * Summary: 
    +-------+-------+-------+-------+---------+
    |    Latency    |    Interval   | Pipeline|
    |  min  |  max  |  min  |  max  |   Type  |
    +-------+-------+-------+-------+---------+
    |  54641|  54641|  54641|  54641|   none  |
    +-------+-------+-------+-------+---------+

    + Detail: 
        * Instance: 
        N/A

        * Loop: 
        +----------------------------------------------------------------------------------+-------+-------+----------+-----------+-----------+------+----------+
        |                                                                                  |    Latency    | Iteration|  Initiation Interval  | Trip |          |
        |                                     Loop Name                                    |  min  |  max  |  Latency |  achieved |   target  | Count| Pipelined|
        +----------------------------------------------------------------------------------+-------+-------+----------+-----------+-----------+------+----------+
        |- conv_layer2_neurons_loop                                                        |  54640|  54640|      3415|          -|          -|    16|    no    |
        | + conv_layer2_kernel_0_loop_conv_layer2_kernel_1_loop_conv_layer2_kernel_2_loop  |   3046|   3046|         8|          3|          1|  1014|    yes   |
        | + conv_layer2_relu_outer_loop                                                    |    364|    364|        28|          -|          -|    13|    no    |
        |  ++ conv_layer2_relu_inner_loop                                                  |     26|     26|         2|          -|          -|    13|    no    |
        +----------------------------------------------------------------------------------+-------+-------+----------+-----------+-----------+------+----------+



================================================================
== Utilization Estimates
================================================================
* Summary: 
+-----------------+---------+-------+--------+--------+
|       Name      | BRAM_18K| DSP48E|   FF   |   LUT  |
+-----------------+---------+-------+--------+--------+
|DSP              |        -|      -|       -|       -|
|Expression       |        -|      0|       0|    3441|
|FIFO             |        -|      -|       -|       -|
|Instance         |        -|      -|       -|       -|
|Memory           |        0|      -|      37|      54|
|Multiplexer      |        -|      -|       -|     455|
|Register         |        0|      -|     926|      96|
+-----------------+---------+-------+--------+--------+
|Total            |        0|      0|     963|    4046|
+-----------------+---------+-------+--------+--------+
|Available        |      650|    600|  202800|  101400|
+-----------------+---------+-------+--------+--------+
|Utilization (%)  |        0|      0|   ~0   |       3|
+-----------------+---------+-------+--------+--------+

+ Detail: 
    * Instance: 
    N/A

    * DSP48: 
    N/A

    * Memory: 
    +------------------------+----------------------------------+---------+---+----+------+-----+------+-------------+
    |         Memory         |              Module              | BRAM_18K| FF| LUT| Words| Bits| Banks| W*Bits*Banks|
    +------------------------+----------------------------------+---------+---+----+------+-----+------+-------------+
    |conv_2_biases_V_U       |conv_layer2_conv_2_biases_V       |        0|  2|   1|    16|    2|     1|           32|
    |conv_2_weights_V_0_0_U  |conv_layer2_conv_2_weights_V_0_0  |        0|  4|   6|    96|    4|     1|          384|
    |conv_2_weights_V_0_1_U  |conv_layer2_conv_2_weights_V_0_1  |        0|  3|   5|    96|    3|     1|          288|
    |conv_2_weights_V_0_2_U  |conv_layer2_conv_2_weights_V_0_2  |        0|  4|   6|    96|    4|     1|          384|
    |conv_2_weights_V_1_0_U  |conv_layer2_conv_2_weights_V_1_0  |        0|  4|   6|    96|    4|     1|          384|
    |conv_2_weights_V_1_1_U  |conv_layer2_conv_2_weights_V_1_1  |        0|  4|   6|    96|    4|     1|          384|
    |conv_2_weights_V_1_2_U  |conv_layer2_conv_2_weights_V_1_2  |        0|  4|   6|    96|    4|     1|          384|
    |conv_2_weights_V_2_0_U  |conv_layer2_conv_2_weights_V_2_0  |        0|  4|   6|    96|    4|     1|          384|
    |conv_2_weights_V_2_1_U  |conv_layer2_conv_2_weights_V_2_1  |        0|  4|   6|    96|    4|     1|          384|
    |conv_2_weights_V_2_2_U  |conv_layer2_conv_2_weights_V_2_2  |        0|  4|   6|    96|    4|     1|          384|
    +------------------------+----------------------------------+---------+---+----+------+-----+------+-------------+
    |Total                   |                                  |        0| 37|  54|   880|   37|    10|         3392|
    +------------------------+----------------------------------+---------+---+----+------+-----+------+-------------+

    * FIFO: 
    N/A

    * Expression: 
    +-------------------------------------+----------+-------+---+----+------------+------------+
    |            Variable Name            | Operation| DSP48E| FF| LUT| Bitwidth P0| Bitwidth P1|
    +-------------------------------------+----------+-------+---+----+------------+------------+
    |r_V_10_0_1_fu_1261_p2                |     *    |      0|  0|  49|           9|           3|
    |r_V_10_0_2_fu_1364_p2                |     *    |      0|  0|  49|           9|           4|
    |r_V_10_1_1_fu_1961_p2                |     *    |      0|  0|  49|           9|           4|
    |r_V_10_1_2_fu_2141_p2                |     *    |      0|  0|  49|           9|           4|
    |r_V_10_1_fu_1874_p2                  |     *    |      0|  0|  49|           9|           4|
    |r_V_10_2_1_fu_2710_p2                |     *    |      0|  0|  49|           9|           4|
    |r_V_10_2_2_fu_2792_p2                |     *    |      0|  0|  49|           9|           4|
    |r_V_10_2_fu_2623_p2                  |     *    |      0|  0|  49|           9|           4|
    |r_V_s_fu_1161_p2                     |     *    |      0|  0|  49|           9|           4|
    |accumulation_V_0_1_fu_1669_p2        |     +    |      0|  0|  15|           8|           8|
    |accumulation_V_0_2_fu_1856_p2        |     +    |      0|  0|  15|           8|           8|
    |accumulation_V_1_1_fu_2466_p2        |     +    |      0|  0|  15|           8|           8|
    |accumulation_V_1_2_fu_2964_p2        |     +    |      0|  0|  15|           8|           8|
    |accumulation_V_1_fu_2377_p2          |     +    |      0|  0|  15|           8|           8|
    |accumulation_V_2_1_fu_3306_p2        |     +    |      0|  0|  15|           8|           8|
    |accumulation_V_2_2_fu_3480_p2        |     +    |      0|  0|  15|           8|           8|
    |accumulation_V_2_fu_3130_p2          |     +    |      0|  0|  15|           8|           8|
    |col_1_fu_3775_p2                     |     +    |      0|  0|  13|           4|           1|
    |col_2_fu_1035_p2                     |     +    |      0|  0|  13|           1|           4|
    |indvar_flatten_next2_fu_715_p2       |     +    |      0|  0|  17|          10|           1|
    |indvar_flatten_op_fu_840_p2          |     +    |      0|  0|  15|           8|           1|
    |ker_1_fu_721_p2                      |     +    |      0|  0|  12|           1|           3|
    |next_mul_fu_614_p2                   |     +    |      0|  0|  15|           8|           4|
    |p_4_fu_626_p2                        |     +    |      0|  0|  15|           5|           1|
    |p_Val2_19_fu_1205_p2                 |     +    |      0|  0|  15|           8|           8|
    |p_Val2_24_0_1_fu_1305_p2             |     +    |      0|  0|  15|           8|           8|
    |p_Val2_24_0_2_fu_1408_p2             |     +    |      0|  0|  15|           8|           8|
    |p_Val2_24_1_1_fu_2005_p2             |     +    |      0|  0|  15|           8|           8|
    |p_Val2_24_1_2_fu_2185_p2             |     +    |      0|  0|  15|           8|           8|
    |p_Val2_24_1_fu_1918_p2               |     +    |      0|  0|  15|           8|           8|
    |p_Val2_24_2_1_fu_2754_p2             |     +    |      0|  0|  15|           8|           8|
    |p_Val2_24_2_2_fu_2836_p2             |     +    |      0|  0|  15|           8|           8|
    |p_Val2_24_2_fu_2667_p2               |     +    |      0|  0|  15|           8|           8|
    |p_Val2_27_fu_683_p2                  |     +    |      0|  0|  10|           2|           2|
    |p_Val2_29_fu_3638_p2                 |     +    |      0|  0|  15|           8|           8|
    |p_Val2_32_fu_3575_p2                 |     +    |      0|  0|  15|           8|           8|
    |ret_V_0_1_fu_1655_p2                 |     +    |      0|  0|  16|           9|           9|
    |ret_V_0_2_fu_1842_p2                 |     +    |      0|  0|  16|           9|           9|
    |ret_V_1_1_fu_2452_p2                 |     +    |      0|  0|  16|           9|           9|
    |ret_V_1_2_fu_2950_p2                 |     +    |      0|  0|  16|           9|           9|
    |ret_V_1_fu_2363_p2                   |     +    |      0|  0|  16|           9|           9|
    |ret_V_2_1_fu_3292_p2                 |     +    |      0|  0|  16|           9|           9|
    |ret_V_2_2_fu_3466_p2                 |     +    |      0|  0|  16|           9|           9|
    |ret_V_2_fu_3116_p2                   |     +    |      0|  0|  16|           9|           9|
    |ret_V_3_fu_3561_p2                   |     +    |      0|  0|  16|           9|           9|
    |ret_V_fu_3625_p2                     |     +    |      0|  0|  16|           9|           9|
    |row_1_fu_3713_p2                     |     +    |      0|  0|  13|           4|           1|
    |row_2_dup_fu_806_p2                  |     +    |      0|  0|  13|           1|           4|
    |row_2_fu_703_p2                      |     +    |      0|  0|  13|           4|           1|
    |row_2_mid1_fu_1089_p2                |     +    |      0|  0|  13|           2|           4|
    |tmp_102_fu_3799_p2                   |     +    |      0|  0|  19|          12|          12|
    |tmp_103_fu_3809_p2                   |     +    |      0|  0|  19|          12|          12|
    |tmp_24_fu_697_p2                     |     +    |      0|  0|  13|           4|           2|
    |tmp_28_fu_955_p2                     |     +    |      0|  0|  13|           2|           4|
    |tmp_30_mid2_v_fu_773_p2              |     +    |      0|  0|  15|           8|           8|
    |tmp_41_fu_882_p2                     |     +    |      0|  0|  71|          64|          64|
    |tmp_46_fu_2873_p2                    |     +    |      0|  0|  15|           8|           8|
    |tmp_51_fu_923_p2                     |     +    |      0|  0|  71|          64|          64|
    |tmp_56_fu_1105_p2                    |     +    |      0|  0|  71|          64|          64|
    |tmp_65_fu_983_p2                     |     +    |      0|  0|  18|          11|          11|
    |tmp_66_fu_1143_p2                    |     +    |      0|  0|  18|          11|          11|
    |tmp_67_fu_1152_p2                    |     +    |      0|  0|  18|          11|          11|
    |tmp_68_fu_2922_p2                    |     +    |      0|  0|  11|          12|          12|
    |tmp_69_fu_2933_p2                    |     +    |      0|  0|  11|          12|          12|
    |tmp_78_fu_1013_p2                    |     +    |      0|  0|  18|          11|          11|
    |tmp_79_fu_1024_p2                    |     +    |      0|  0|  18|          11|          11|
    |tmp_80_fu_1247_p2                    |     +    |      0|  0|  18|          11|          11|
    |tmp_92_fu_1063_p2                    |     +    |      0|  0|  18|          11|          11|
    |tmp_93_fu_1346_p2                    |     +    |      0|  0|  18|          11|          11|
    |tmp_94_fu_1355_p2                    |     +    |      0|  0|  18|          11|          11|
    |tmp_96_fu_3723_p2                    |     +    |      0|  0|  15|           8|           8|
    |tmp_101_fu_3763_p2                   |     -    |      0|  0|  19|          12|          12|
    |tmp_29_fu_657_p2                     |     -    |      0|  0|  15|           8|           8|
    |tmp_30_fu_860_p2                     |     -    |      0|  0|  71|          64|          64|
    |tmp_45_fu_908_p2                     |     -    |      0|  0|  18|          11|          11|
    |tmp_48_fu_2895_p2                    |     -    |      0|  0|  11|          12|          12|
    |tmp_50_fu_2913_p2                    |     -    |      0|  0|  11|          12|          12|
    |tmp_55_fu_949_p2                     |     -    |      0|  0|  18|          11|          11|
    |tmp_60_fu_1130_p2                    |     -    |      0|  0|  18|          11|          11|
    |tmp_98_fu_3745_p2                    |     -    |      0|  0|  19|          12|          12|
    |brmerge866_demorgan_1_40_fu_2296_p2  |    and   |      0|  0|   6|           1|           1|
    |brmerge866_demorgan_1_fu_1774_p2     |    and   |      0|  0|   6|           1|           1|
    |brmerge866_demorgan_2_41_fu_3049_p2  |    and   |      0|  0|   6|           1|           1|
    |brmerge866_demorgan_2_fu_2071_p2     |    and   |      0|  0|   6|           1|           1|
    |brmerge866_demorgan_3_fu_2559_p2     |    and   |      0|  0|   6|           1|           1|
    |brmerge866_demorgan_4_fu_3224_p2     |    and   |      0|  0|   6|           1|           1|
    |brmerge866_demorgan_5_fu_3400_p2     |    and   |      0|  0|   6|           1|           1|
    |brmerge866_demorgan_fu_1501_p2       |    and   |      0|  0|   6|           1|           1|
    |brmerge866_demorgan_s_fu_1587_p2     |    and   |      0|  0|   6|           1|           1|
    |carry_1_0_1_fu_1325_p2               |    and   |      0|  0|   6|           1|           1|
    |carry_1_0_2_fu_1428_p2               |    and   |      0|  0|   6|           1|           1|
    |carry_1_1_1_fu_2025_p2               |    and   |      0|  0|   6|           1|           1|
    |carry_1_1_2_fu_2205_p2               |    and   |      0|  0|   6|           1|           1|
    |carry_1_1_fu_1938_p2                 |    and   |      0|  0|   6|           1|           1|
    |carry_1_2_1_fu_2774_p2               |    and   |      0|  0|   6|           1|           1|
    |carry_1_2_2_fu_2856_p2               |    and   |      0|  0|   6|           1|           1|
    |carry_1_2_fu_2687_p2                 |    and   |      0|  0|   6|           1|           1|
    |carry_1_fu_1225_p2                   |    and   |      0|  0|   6|           1|           1|
    |exitcond9_mid_fu_800_p2              |    and   |      0|  0|   6|           1|           1|
    |overflow6_fu_1495_p2                 |    and   |      0|  0|   6|           1|           1|
    |overflow_0_1_fu_1581_p2              |    and   |      0|  0|   6|           1|           1|
    |overflow_0_2_fu_1768_p2              |    and   |      0|  0|   6|           1|           1|
    |overflow_1_1_fu_2065_p2              |    and   |      0|  0|   6|           1|           1|
    |overflow_1_2_fu_2553_p2              |    and   |      0|  0|   6|           1|           1|
    |overflow_1_fu_2291_p2                |    and   |      0|  0|   6|           1|           1|
    |overflow_2_1_fu_3218_p2              |    and   |      0|  0|   6|           1|           1|
    |overflow_2_2_fu_3394_p2              |    and   |      0|  0|   6|           1|           1|
    |overflow_2_fu_3044_p2                |    and   |      0|  0|   6|           1|           1|
    |overflow_fu_3597_p2                  |    and   |      0|  0|   6|           1|           1|
    |underflow6_fu_1517_p2                |    and   |      0|  0|   6|           1|           1|
    |underflow_0_1_fu_1603_p2             |    and   |      0|  0|   6|           1|           1|
    |underflow_0_2_fu_1790_p2             |    and   |      0|  0|   6|           1|           1|
    |underflow_1_1_fu_2089_p2             |    and   |      0|  0|   6|           1|           1|
    |underflow_1_2_fu_2575_p2             |    and   |      0|  0|   6|           1|           1|
    |underflow_1_fu_2312_p2               |    and   |      0|  0|   6|           1|           1|
    |underflow_2_1_fu_3240_p2             |    and   |      0|  0|   6|           1|           1|
    |underflow_2_2_fu_3416_p2             |    and   |      0|  0|   6|           1|           1|
    |underflow_2_fu_3065_p2               |    and   |      0|  0|   6|           1|           1|
    |underflow_4_fu_3609_p2               |    and   |      0|  0|   6|           1|           1|
    |underflow_9_0_1_fu_1689_p2           |    and   |      0|  0|   6|           1|           1|
    |underflow_9_0_2_fu_2236_p2           |    and   |      0|  0|   6|           1|           1|
    |underflow_9_1_1_fu_2485_p2           |    and   |      0|  0|   6|           1|           1|
    |underflow_9_1_2_fu_2982_p2           |    and   |      0|  0|   6|           1|           1|
    |underflow_9_1_fu_2397_p2             |    and   |      0|  0|   6|           1|           1|
    |underflow_9_2_1_fu_3326_p2           |    and   |      0|  0|   6|           1|           1|
    |underflow_9_2_2_fu_3498_p2           |    and   |      0|  0|   6|           1|           1|
    |underflow_9_2_fu_3150_p2             |    and   |      0|  0|   6|           1|           1|
    |underflow_fu_3657_p2                 |    and   |      0|  0|   6|           1|           1|
    |exitcond1_fu_794_p2                  |   icmp   |      0|  0|   9|           4|           3|
    |exitcond5_fu_620_p2                  |   icmp   |      0|  0|  11|           5|           6|
    |exitcond7_fu_3707_p2                 |   icmp   |      0|  0|   9|           4|           3|
    |exitcond_flatten2_fu_709_p2          |   icmp   |      0|  0|  13|          10|           5|
    |exitcond_flatten_fu_727_p2           |   icmp   |      0|  0|  11|           8|           8|
    |exitcond_fu_3769_p2                  |   icmp   |      0|  0|   9|           4|           3|
    |tmp_29_mid1_fu_749_p2                |   icmp   |      0|  0|   9|           3|           1|
    |tmp_31_fu_755_p2                     |   icmp   |      0|  0|   9|           3|           1|
    |tmp_34_fu_3830_p2                    |   icmp   |      0|  0|  11|           8|           1|
    |brmerge14_fu_1522_p2                 |    or    |      0|  0|   6|           1|           1|
    |brmerge16_fu_3675_p2                 |    or    |      0|  0|   6|           1|           1|
    |brmerge28_0_1_fu_1608_p2             |    or    |      0|  0|   6|           1|           1|
    |brmerge28_0_2_fu_1795_p2             |    or    |      0|  0|   6|           1|           1|
    |brmerge28_1_1_fu_2095_p2             |    or    |      0|  0|   6|           1|           1|
    |brmerge28_1_2_fu_2580_p2             |    or    |      0|  0|   6|           1|           1|
    |brmerge28_1_fu_2317_p2               |    or    |      0|  0|   6|           1|           1|
    |brmerge28_2_1_fu_3245_p2             |    or    |      0|  0|   6|           1|           1|
    |brmerge28_2_2_fu_3421_p2             |    or    |      0|  0|   6|           1|           1|
    |brmerge28_2_fu_3070_p2               |    or    |      0|  0|   6|           1|           1|
    |brmerge32_0_1_fu_1707_p2             |    or    |      0|  0|   6|           1|           1|
    |brmerge32_0_2_fu_2250_p2             |    or    |      0|  0|   6|           1|           1|
    |brmerge32_1_1_fu_2503_p2             |    or    |      0|  0|   6|           1|           1|
    |brmerge32_1_2_fu_3000_p2             |    or    |      0|  0|   6|           1|           1|
    |brmerge32_1_fu_2415_p2               |    or    |      0|  0|   6|           1|           1|
    |brmerge32_2_1_fu_3344_p2             |    or    |      0|  0|   6|           1|           1|
    |brmerge32_2_2_fu_3516_p2             |    or    |      0|  0|   6|           1|           1|
    |brmerge32_2_fu_3168_p2               |    or    |      0|  0|   6|           1|           1|
    |brmerge_0_1_fu_1576_p2               |    or    |      0|  0|   6|           1|           1|
    |brmerge_0_2_fu_1763_p2               |    or    |      0|  0|   6|           1|           1|
    |brmerge_1_1_fu_2059_p2               |    or    |      0|  0|   6|           1|           1|
    |brmerge_1_2_fu_2548_p2               |    or    |      0|  0|   6|           1|           1|
    |brmerge_1_fu_2286_p2                 |    or    |      0|  0|   6|           1|           1|
    |brmerge_2_1_fu_3213_p2               |    or    |      0|  0|   6|           1|           1|
    |brmerge_2_2_fu_3389_p2               |    or    |      0|  0|   6|           1|           1|
    |brmerge_2_fu_3039_p2                 |    or    |      0|  0|   6|           1|           1|
    |brmerge_fu_1490_p2                   |    or    |      0|  0|   6|           1|           1|
    |p_895_not_0_1_fu_1620_p2             |    or    |      0|  0|   6|           1|           1|
    |p_895_not_0_2_fu_1807_p2             |    or    |      0|  0|   6|           1|           1|
    |p_895_not_1_1_fu_2107_p2             |    or    |      0|  0|   6|           1|           1|
    |p_895_not_1_2_fu_2592_p2             |    or    |      0|  0|   6|           1|           1|
    |p_895_not_1_fu_2328_p2               |    or    |      0|  0|   6|           1|           1|
    |p_895_not_2_1_fu_3257_p2             |    or    |      0|  0|   6|           1|           1|
    |p_895_not_2_2_fu_3433_p2             |    or    |      0|  0|   6|           1|           1|
    |p_895_not_2_fu_3081_p2               |    or    |      0|  0|   6|           1|           1|
    |p_895_not_fu_1534_p2                 |    or    |      0|  0|   6|           1|           1|
    |tmp10_fu_2101_p2                     |    or    |      0|  0|   6|           1|           1|
    |tmp11_demorgan_fu_2564_p2            |    or    |      0|  0|   6|           1|           1|
    |tmp12_fu_2586_p2                     |    or    |      0|  0|   6|           1|           1|
    |tmp13_demorgan_fu_3054_p2            |    or    |      0|  0|   6|           1|           1|
    |tmp14_fu_3076_p2                     |    or    |      0|  0|   6|           1|           1|
    |tmp15_demorgan_fu_3229_p2            |    or    |      0|  0|   6|           1|           1|
    |tmp16_fu_3251_p2                     |    or    |      0|  0|   6|           1|           1|
    |tmp17_demorgan_fu_3405_p2            |    or    |      0|  0|   6|           1|           1|
    |tmp18_fu_3427_p2                     |    or    |      0|  0|   6|           1|           1|
    |tmp1_demorgan_fu_1506_p2             |    or    |      0|  0|   6|           1|           1|
    |tmp2_fu_1528_p2                      |    or    |      0|  0|   6|           1|           1|
    |tmp3_demorgan_fu_1592_p2             |    or    |      0|  0|   6|           1|           1|
    |tmp4_fu_1614_p2                      |    or    |      0|  0|   6|           1|           1|
    |tmp5_demorgan_fu_1779_p2             |    or    |      0|  0|   6|           1|           1|
    |tmp6_fu_1801_p2                      |    or    |      0|  0|   6|           1|           1|
    |tmp7_demorgan_fu_2301_p2             |    or    |      0|  0|   6|           1|           1|
    |tmp8_fu_2323_p2                      |    or    |      0|  0|   6|           1|           1|
    |tmp9_demorgan_fu_2077_p2             |    or    |      0|  0|   6|           1|           1|
    |tmp_36_fu_812_p2                     |    or    |      0|  0|   6|           1|           1|
    |col_mid2_fu_818_p3                   |  select  |      0|  0|   4|           1|           1|
    |deleted_ones_0_1_fu_1566_p3          |  select  |      0|  0|   2|           1|           1|
    |deleted_ones_0_2_fu_1753_p3          |  select  |      0|  0|   2|           1|           1|
    |deleted_ones_1_1_fu_2045_p3          |  select  |      0|  0|   2|           1|           1|
    |deleted_ones_1_2_fu_2538_p3          |  select  |      0|  0|   2|           1|           1|
    |deleted_ones_1_fu_2277_p3            |  select  |      0|  0|   2|           1|           1|
    |deleted_ones_2_1_fu_3203_p3          |  select  |      0|  0|   2|           1|           1|
    |deleted_ones_2_2_fu_3379_p3          |  select  |      0|  0|   2|           1|           1|
    |deleted_ones_2_fu_3030_p3            |  select  |      0|  0|   2|           1|           1|
    |deleted_ones_fu_1480_p3              |  select  |      0|  0|   2|           1|           1|
    |grp_fu_593_p3                        |  select  |      0|  0|   9|           1|           9|
    |grp_fu_600_p3                        |  select  |      0|  0|   9|           1|           9|
    |grp_fu_607_p3                        |  select  |      0|  0|   9|           1|           9|
    |indvar_flatten_next_fu_1449_p3       |  select  |      0|  0|   8|           1|           1|
    |input_V_load_1_1_phi_fu_1442_p3      |  select  |      0|  0|   9|           1|           9|
    |output_V_load_phi_fu_3819_p3         |  select  |      0|  0|   8|           1|           8|
    |output_V_load_phi_s_fu_3836_p3       |  select  |      0|  0|   7|           1|           7|
    |p_0310_1_fu_3697_p3                  |  select  |      0|  0|   8|           1|           8|
    |p_0523_5_0_1_fu_1729_p3              |  select  |      0|  0|   8|           1|           8|
    |p_0523_5_0_2_fu_2269_p3              |  select  |      0|  0|   8|           1|           8|
    |p_0523_5_1_1_fu_2525_p3              |  select  |      0|  0|   8|           1|           8|
    |p_0523_5_1_2_fu_3022_p3              |  select  |      0|  0|   8|           1|           8|
    |p_0523_5_1_fu_2437_p3                |  select  |      0|  0|   8|           1|           8|
    |p_0523_5_2_1_fu_3366_p3              |  select  |      0|  0|   8|           1|           8|
    |p_0523_5_2_2_fu_3538_p3              |  select  |      0|  0|   8|           1|           8|
    |p_0523_5_2_fu_3190_p3                |  select  |      0|  0|   8|           1|           8|
    |p_0_1_fu_1632_p3                     |  select  |      0|  0|   9|           1|           9|
    |p_0_2_fu_1819_p3                     |  select  |      0|  0|   9|           1|           9|
    |p_1_1_fu_2121_p3                     |  select  |      0|  0|   9|           1|           9|
    |p_1_2_fu_2604_p3                     |  select  |      0|  0|   9|           1|           9|
    |p_1_fu_2340_p3                       |  select  |      0|  0|   9|           1|           9|
    |p_2_1_fu_3269_p3                     |  select  |      0|  0|   9|           1|           9|
    |p_2_2_fu_3445_p3                     |  select  |      0|  0|   9|           1|           9|
    |p_2_fu_3093_p3                       |  select  |      0|  0|   9|           1|           9|
    |p_3_fu_3689_p3                       |  select  |      0|  0|   9|           1|           9|
    |p_4_0_1_fu_1721_p3                   |  select  |      0|  0|   9|           1|           9|
    |p_4_0_2_fu_2262_p3                   |  select  |      0|  0|   9|           1|           9|
    |p_4_1_1_fu_2517_p3                   |  select  |      0|  0|   9|           1|           9|
    |p_4_1_2_fu_3014_p3                   |  select  |      0|  0|   9|           1|           9|
    |p_4_1_fu_2429_p3                     |  select  |      0|  0|   9|           1|           9|
    |p_4_2_1_fu_3358_p3                   |  select  |      0|  0|   9|           1|           9|
    |p_4_2_2_fu_3530_p3                   |  select  |      0|  0|   9|           1|           9|
    |p_4_2_fu_3182_p3                     |  select  |      0|  0|   9|           1|           9|
    |p_Val2_20_fu_1553_p3                 |  select  |      0|  0|   8|           1|           8|
    |p_Val2_25_0_1_fu_1639_p3             |  select  |      0|  0|   8|           1|           8|
    |p_Val2_25_0_2_fu_1826_p3             |  select  |      0|  0|   8|           1|           8|
    |p_Val2_25_1_1_fu_2129_p3             |  select  |      0|  0|   8|           1|           8|
    |p_Val2_25_1_2_fu_2611_p3             |  select  |      0|  0|   8|           1|           8|
    |p_Val2_25_1_fu_2347_p3               |  select  |      0|  0|   8|           1|           8|
    |p_Val2_25_2_1_fu_3276_p3             |  select  |      0|  0|   8|           1|           8|
    |p_Val2_25_2_2_fu_3452_p3             |  select  |      0|  0|   8|           1|           8|
    |p_Val2_25_2_fu_3100_p3               |  select  |      0|  0|   8|           1|           8|
    |p_Val2_30_fu_3546_p3                 |  select  |      0|  0|   8|           1|           8|
    |p_Val2_31_cast_fu_671_p3             |  select  |      0|  0|   2|           1|           2|
    |p_mux5_fu_3681_p3                    |  select  |      0|  0|   8|           1|           7|
    |p_mux6_0_1_fu_1713_p3                |  select  |      0|  0|   8|           1|           7|
    |p_mux6_0_2_fu_2255_p3                |  select  |      0|  0|   8|           1|           7|
    |p_mux6_1_1_fu_2509_p3                |  select  |      0|  0|   8|           1|           7|
    |p_mux6_1_2_fu_3006_p3                |  select  |      0|  0|   8|           1|           7|
    |p_mux6_1_fu_2421_p3                  |  select  |      0|  0|   8|           1|           7|
    |p_mux6_2_1_fu_3350_p3                |  select  |      0|  0|   8|           1|           7|
    |p_mux6_2_2_fu_3522_p3                |  select  |      0|  0|   8|           1|           7|
    |p_mux6_2_fu_3174_p3                  |  select  |      0|  0|   8|           1|           7|
    |p_mux_0_1_fu_1625_p3                 |  select  |      0|  0|   8|           1|           7|
    |p_mux_0_2_fu_1812_p3                 |  select  |      0|  0|   8|           1|           7|
    |p_mux_1_1_fu_2113_p3                 |  select  |      0|  0|   8|           1|           7|
    |p_mux_1_2_fu_2597_p3                 |  select  |      0|  0|   8|           1|           7|
    |p_mux_1_fu_2333_p3                   |  select  |      0|  0|   8|           1|           7|
    |p_mux_2_1_fu_3262_p3                 |  select  |      0|  0|   8|           1|           7|
    |p_mux_2_2_fu_3438_p3                 |  select  |      0|  0|   8|           1|           7|
    |p_mux_2_fu_3086_p3                   |  select  |      0|  0|   8|           1|           7|
    |p_mux_fu_1539_p3                     |  select  |      0|  0|   8|           1|           7|
    |p_s_fu_1546_p3                       |  select  |      0|  0|   9|           1|           9|
    |row_mid_fu_733_p3                    |  select  |      0|  0|   4|           1|           1|
    |tmp_29_mid2_fu_761_p3                |  select  |      0|  0|   2|           1|           1|
    |tmp_33_mid2_fu_872_p3                |  select  |      0|  0|   4|           1|           4|
    |tmp_33_mid_fu_866_p3                 |  select  |      0|  0|   4|           1|           1|
    |tmp_41_1_mid2_fu_914_p3              |  select  |      0|  0|   4|           1|           4|
    |tmp_41_2_mid2_fu_1094_p3             |  select  |      0|  0|   4|           1|           4|
    |tmp_41_2_mid_fu_1083_p3              |  select  |      0|  0|   4|           1|           2|
    |tmp_mid2_fu_741_p3                   |  select  |      0|  0|   3|           1|           3|
    |ap_enable_pp0                        |    xor   |      0|  0|   6|           1|           2|
    |brmerge15_fu_3663_p2                 |    xor   |      0|  0|   6|           1|           1|
    |brmerge17_fu_3615_p2                 |    xor   |      0|  0|   6|           1|           1|
    |brmerge31_0_1_fu_1695_p2             |    xor   |      0|  0|   6|           1|           1|
    |brmerge31_0_2_fu_2241_p2             |    xor   |      0|  0|   6|           1|           1|
    |brmerge31_1_1_fu_2491_p2             |    xor   |      0|  0|   6|           1|           1|
    |brmerge31_1_2_fu_2988_p2             |    xor   |      0|  0|   6|           1|           1|
    |brmerge31_1_fu_2403_p2               |    xor   |      0|  0|   6|           1|           1|
    |brmerge31_2_1_fu_3332_p2             |    xor   |      0|  0|   6|           1|           1|
    |brmerge31_2_2_fu_3504_p2             |    xor   |      0|  0|   6|           1|           1|
    |brmerge31_2_fu_3156_p2               |    xor   |      0|  0|   6|           1|           1|
    |not_exitcond_flatten_fu_788_p2       |    xor   |      0|  0|   6|           1|           2|
    |p_not_0_1_fu_1572_p2                 |    xor   |      0|  0|   6|           1|           1|
    |p_not_0_2_fu_1759_p2                 |    xor   |      0|  0|   6|           1|           1|
    |p_not_1_1_fu_2053_p2                 |    xor   |      0|  0|   6|           1|           1|
    |p_not_1_2_fu_2544_p2                 |    xor   |      0|  0|   6|           1|           1|
    |p_not_1_fu_2282_p2                   |    xor   |      0|  0|   6|           1|           1|
    |p_not_2_1_fu_3209_p2                 |    xor   |      0|  0|   6|           1|           1|
    |p_not_2_2_fu_3385_p2                 |    xor   |      0|  0|   6|           1|           1|
    |p_not_2_fu_3035_p2                   |    xor   |      0|  0|   6|           1|           1|
    |p_not_fu_1486_p2                     |    xor   |      0|  0|   6|           1|           1|
    |rev1_fu_1319_p2                      |    xor   |      0|  0|   6|           1|           2|
    |rev2_fu_1422_p2                      |    xor   |      0|  0|   6|           1|           2|
    |rev3_fu_1932_p2                      |    xor   |      0|  0|   6|           1|           2|
    |rev4_fu_2019_p2                      |    xor   |      0|  0|   6|           1|           2|
    |rev5_fu_2199_p2                      |    xor   |      0|  0|   6|           1|           2|
    |rev6_fu_2681_p2                      |    xor   |      0|  0|   6|           1|           2|
    |rev7_fu_2768_p2                      |    xor   |      0|  0|   6|           1|           2|
    |rev8_fu_2850_p2                      |    xor   |      0|  0|   6|           1|           2|
    |rev_fu_1219_p2                       |    xor   |      0|  0|   6|           1|           2|
    |signbit_i_i122_0_not_1_fu_2409_p2    |    xor   |      0|  0|   6|           1|           2|
    |signbit_i_i122_0_not_2_fu_3162_p2    |    xor   |      0|  0|   6|           1|           2|
    |signbit_i_i122_0_not_3_fu_2245_p2    |    xor   |      0|  0|   6|           1|           2|
    |signbit_i_i122_0_not_4_fu_2497_p2    |    xor   |      0|  0|   6|           1|           2|
    |signbit_i_i122_0_not_5_fu_2994_p2    |    xor   |      0|  0|   6|           1|           2|
    |signbit_i_i122_0_not_6_fu_3338_p2    |    xor   |      0|  0|   6|           1|           2|
    |signbit_i_i122_0_not_7_fu_3510_p2    |    xor   |      0|  0|   6|           1|           2|
    |signbit_i_i122_0_not_fu_1701_p2      |    xor   |      0|  0|   6|           1|           2|
    |signbit_i_i_i_i77_0_s_fu_3669_p2     |    xor   |      0|  0|   6|           1|           2|
    |tmp11_fu_2569_p2                     |    xor   |      0|  0|   6|           1|           2|
    |tmp13_fu_3059_p2                     |    xor   |      0|  0|   6|           1|           2|
    |tmp15_fu_3234_p2                     |    xor   |      0|  0|   6|           1|           2|
    |tmp17_fu_3410_p2                     |    xor   |      0|  0|   6|           1|           2|
    |tmp1_fu_1511_p2                      |    xor   |      0|  0|   6|           1|           2|
    |tmp3_fu_1597_p2                      |    xor   |      0|  0|   6|           1|           2|
    |tmp5_fu_1784_p2                      |    xor   |      0|  0|   6|           1|           2|
    |tmp7_fu_2306_p2                      |    xor   |      0|  0|   6|           1|           2|
    |tmp9_fu_2083_p2                      |    xor   |      0|  0|   6|           1|           2|
    |tmp_32_fu_1475_p2                    |    xor   |      0|  0|   6|           1|           2|
    |tmp_33_fu_3651_p2                    |    xor   |      0|  0|   6|           1|           2|
    |tmp_37_fu_3591_p2                    |    xor   |      0|  0|   6|           1|           2|
    |tmp_38_fu_3603_p2                    |    xor   |      0|  0|   6|           1|           2|
    |tmp_61_0_1_fu_1561_p2                |    xor   |      0|  0|   6|           1|           2|
    |tmp_61_0_2_fu_1748_p2                |    xor   |      0|  0|   6|           1|           2|
    |tmp_61_1_1_fu_2039_p2                |    xor   |      0|  0|   6|           1|           2|
    |tmp_61_1_2_fu_2533_p2                |    xor   |      0|  0|   6|           1|           2|
    |tmp_61_1_fu_1952_p2                  |    xor   |      0|  0|   6|           1|           2|
    |tmp_61_2_1_fu_3198_p2                |    xor   |      0|  0|   6|           1|           2|
    |tmp_61_2_2_fu_3374_p2                |    xor   |      0|  0|   6|           1|           2|
    |tmp_61_2_fu_2701_p2                  |    xor   |      0|  0|   6|           1|           2|
    |tmp_64_0_1_fu_1683_p2                |    xor   |      0|  0|   6|           1|           2|
    |tmp_64_0_2_fu_2231_p2                |    xor   |      0|  0|   6|           1|           2|
    |tmp_64_1_1_fu_2479_p2                |    xor   |      0|  0|   6|           1|           2|
    |tmp_64_1_2_fu_2976_p2                |    xor   |      0|  0|   6|           1|           2|
    |tmp_64_1_fu_2391_p2                  |    xor   |      0|  0|   6|           1|           2|
    |tmp_64_2_1_fu_3320_p2                |    xor   |      0|  0|   6|           1|           2|
    |tmp_64_2_2_fu_3492_p2                |    xor   |      0|  0|   6|           1|           2|
    |tmp_64_2_fu_3144_p2                  |    xor   |      0|  0|   6|           1|           2|
    +-------------------------------------+----------+-------+---+----+------------+------------+
    |Total                                |          |      0|  0|3441|        1196|        1601|
    +-------------------------------------+----------+-------+---+----+------------+------------+

    * Multiplexer: 
    +------------------------------------------+----+-----------+-----+-----------+
    |                   Name                   | LUT| Input Size| Bits| Total Bits|
    +------------------------------------------+----+-----------+-----+-----------+
    |ap_NS_fsm                                 |  50|         11|    1|         11|
    |ap_enable_reg_pp0_iter2                   |   9|          2|    1|          2|
    |ap_phi_mux_col_phi_fu_564_p4              |   9|          2|    4|          8|
    |ap_phi_mux_indvar_flatten2_phi_fu_520_p4  |   9|          2|   10|         20|
    |ap_phi_mux_indvar_flatten_phi_fu_542_p4   |   9|          2|    8|         16|
    |ap_phi_mux_ker_phi_fu_531_p4              |   9|          2|    3|          6|
    |ap_phi_mux_row_phi_fu_553_p4              |   9|          2|    4|          8|
    |col2_reg_582                              |   9|          2|    4|          8|
    |col_reg_560                               |   9|          2|    4|          8|
    |grp_fu_593_p0                             |  15|          3|    1|          3|
    |grp_fu_607_p0                             |  15|          3|    1|          3|
    |indvar_flatten2_reg_516                   |   9|          2|   10|         20|
    |indvar_flatten_reg_538                    |   9|          2|    8|         16|
    |input_0_V_address0                        |  33|          6|   10|         60|
    |input_0_V_address1                        |  27|          5|   10|         50|
    |input_1_V_address0                        |  33|          6|   10|         60|
    |input_1_V_address1                        |  27|          5|   10|         50|
    |ker_reg_527                               |   9|          2|    3|          6|
    |output_0_V_address0                       |  27|          5|   11|         55|
    |output_0_V_d0                             |  33|          6|    8|         48|
    |output_1_V_address0                       |  27|          5|   11|         55|
    |output_1_V_d0                             |  33|          6|    8|         48|
    |p_reg_492                                 |   9|          2|    5|         10|
    |phi_mul_reg_504                           |   9|          2|    8|         16|
    |row1_reg_571                              |   9|          2|    4|          8|
    |row_reg_549                               |   9|          2|    4|          8|
    +------------------------------------------+----+-----------+-----+-----------+
    |Total                                     | 455|         91|  161|        603|
    +------------------------------------------+----+-----------+-----+-----------+

    * Register: 
    +------------------------------------+----+----+-----+-----------+
    |                Name                | FF | LUT| Bits| Const Bits|
    +------------------------------------+----+----+-----+-----------+
    |accumulation_V_0_2_reg_4318         |   8|   0|    8|          0|
    |ap_CS_fsm                           |  10|   0|   10|          0|
    |ap_enable_reg_pp0_iter0             |   1|   0|    1|          0|
    |ap_enable_reg_pp0_iter1             |   1|   0|    1|          0|
    |ap_enable_reg_pp0_iter2             |   1|   0|    1|          0|
    |brmerge17_reg_4536                  |   1|   0|    1|          0|
    |carry_1_0_1_reg_4209                |   1|   0|    1|          0|
    |carry_1_0_2_reg_4252                |   1|   0|    1|          0|
    |carry_1_1_2_reg_4385                |   1|   0|    1|          0|
    |carry_1_1_reg_4344                  |   1|   0|    1|          0|
    |carry_1_2_1_reg_4464                |   1|   0|    1|          0|
    |carry_1_2_2_reg_4492                |   1|   0|    1|          0|
    |carry_1_2_reg_4429                  |   1|   0|    1|          0|
    |carry_1_reg_4171                    |   1|   0|    1|          0|
    |col2_reg_582                        |   4|   0|    4|          0|
    |col_1_reg_4561                      |   4|   0|    4|          0|
    |col_2_reg_4109                      |   4|   0|    4|          0|
    |col_mid2_reg_3976                   |   4|   0|    4|          0|
    |col_reg_560                         |   4|   0|    4|          0|
    |conv_2_weights_V_0_0_2_reg_4009     |   4|   0|    4|          0|
    |conv_2_weights_V_0_1_2_reg_4014     |   3|   0|    3|          0|
    |conv_2_weights_V_0_2_2_reg_4019     |   4|   0|    4|          0|
    |conv_2_weights_V_1_0_2_reg_4024     |   4|   0|    4|          0|
    |conv_2_weights_V_1_1_2_reg_4029     |   4|   0|    4|          0|
    |conv_2_weights_V_1_2_2_reg_4034     |   4|   0|    4|          0|
    |exitcond9_mid_reg_3964              |   1|   0|    1|          0|
    |exitcond_flatten2_reg_3893          |   1|   0|    1|          0|
    |exitcond_flatten_reg_3902           |   1|   0|    1|          0|
    |indvar_flatten2_reg_516             |  10|   0|   10|          0|
    |indvar_flatten_next2_reg_3897       |  10|   0|   10|          0|
    |indvar_flatten_next_reg_4271        |   8|   0|    8|          0|
    |indvar_flatten_op_reg_3999          |   8|   0|    8|          0|
    |indvar_flatten_reg_538              |   8|   0|    8|          0|
    |input_V_load_1_1_phi_reg_4266       |   9|   0|    9|          0|
    |input_V_load_2_1_phi_reg_4399       |   9|   0|    9|          0|
    |ker_reg_527                         |   3|   0|    3|          0|
    |lhs_V_reg_3878                      |   9|   0|    9|          0|
    |newIndex2_reg_4061                  |   3|   0|    3|          0|
    |newIndex2_reg_4061_pp0_iter1_reg    |   3|   0|    3|          0|
    |newIndex3_cast_reg_4068             |   3|   0|   11|          8|
    |newIndex4_reg_3991                  |   3|   0|    3|          0|
    |newIndex5_cast_reg_4084             |   3|   0|   11|          8|
    |newIndex6_reg_4114                  |   3|   0|    3|          0|
    |newIndex7_cast_reg_4120             |   3|   0|   11|          8|
    |next_mul_reg_3850                   |   8|   0|    8|          0|
    |output_0_V_addr_1_reg_4506          |  11|   0|   11|          0|
    |output_0_V_addr_reg_4571            |  11|   0|   11|          0|
    |output_1_V_addr_1_reg_4511          |  11|   0|   11|          0|
    |output_1_V_addr_reg_4576            |  11|   0|   11|          0|
    |overflow_reg_4528                   |   1|   0|    1|          0|
    |p_0523_5_1_1_reg_4404               |   8|   0|    8|          0|
    |p_0523_5_2_1_reg_4516               |   8|   0|    8|          0|
    |p_4_reg_3858                        |   5|   0|    5|          0|
    |p_Val2_19_reg_4165                  |   8|   0|    8|          0|
    |p_Val2_21_cast_reg_3873             |   8|   0|    8|          0|
    |p_Val2_24_0_1_reg_4203              |   8|   0|    8|          0|
    |p_Val2_24_0_2_reg_4246              |   8|   0|    8|          0|
    |p_Val2_24_1_2_reg_4379              |   8|   0|    8|          0|
    |p_Val2_24_1_reg_4338                |   8|   0|    8|          0|
    |p_Val2_24_2_1_reg_4458              |   8|   0|    8|          0|
    |p_Val2_24_2_2_reg_4486              |   8|   0|    8|          0|
    |p_Val2_24_2_reg_4423                |   8|   0|    8|          0|
    |p_Val2_25_1_1_reg_4365              |   8|   0|    8|          0|
    |p_Val2_25_1_2_reg_4410              |   8|   0|    8|          0|
    |p_Val2_25_2_2_reg_4522              |   8|   0|    8|          0|
    |p_reg_492                           |   5|   0|    5|          0|
    |phi_mul_reg_504                     |   8|   0|    8|          0|
    |row1_reg_571                        |   4|   0|    4|          0|
    |row_1_reg_4543                      |   4|   0|    4|          0|
    |row_2_dup_reg_3971                  |   4|   0|    4|          0|
    |row_2_reg_3888                      |   4|   0|    4|          0|
    |row_mid_reg_3909                    |   4|   0|    4|          0|
    |row_reg_549                         |   4|   0|    4|          0|
    |tmp_101_reg_4553                    |  11|   0|   12|          1|
    |tmp_104_reg_4260                    |   1|   0|    1|          0|
    |tmp_105_reg_4311                    |   1|   0|    1|          0|
    |tmp_106_reg_4324                    |   1|   0|    1|          0|
    |tmp_107_reg_4331                    |   1|   0|    1|          0|
    |tmp_111_reg_4352                    |   1|   0|    1|          0|
    |tmp_121_reg_4371                    |   1|   0|    1|          0|
    |tmp_125_reg_4393                    |   1|   0|    1|          0|
    |tmp_128_reg_4416                    |   1|   0|    1|          0|
    |tmp_132_reg_4437                    |   1|   0|    1|          0|
    |tmp_135_reg_4450                    |   1|   0|    1|          0|
    |tmp_139_reg_4472                    |   1|   0|    1|          0|
    |tmp_142_reg_4478                    |   1|   0|    1|          0|
    |tmp_146_reg_4500                    |   1|   0|    1|          0|
    |tmp_155_reg_4566                    |   1|   0|    1|          0|
    |tmp_24_reg_3883                     |   4|   0|    4|          0|
    |tmp_29_mid2_reg_3923                |   1|   0|    1|          0|
    |tmp_29_reg_3868                     |   7|   0|    8|          1|
    |tmp_30_mid2_v_cast_reg_3927         |  64|   0|   64|          0|
    |tmp_30_reg_4004                     |  64|   0|   64|          0|
    |tmp_33_mid2_reg_4039                |   4|   0|    4|          0|
    |tmp_33_mid2_reg_4039_pp0_iter1_reg  |   4|   0|    4|          0|
    |tmp_41_1_mid2_reg_4044              |   4|   0|    4|          0|
    |tmp_53_reg_4049                     |  61|   0|   61|          0|
    |tmp_55_reg_4055                     |  11|   0|   11|          0|
    |tmp_58_reg_4136                     |  61|   0|   61|          0|
    |tmp_61_1_reg_4358                   |   1|   0|    1|          0|
    |tmp_61_2_reg_4443                   |   1|   0|    1|          0|
    |tmp_61_reg_3982                     |   1|   0|    1|          0|
    |tmp_67_reg_4152                     |  11|   0|   11|          0|
    |tmp_70_reg_4157                     |   1|   0|    1|          0|
    |tmp_74_reg_4179                     |   1|   0|    1|          0|
    |tmp_82_reg_4195                     |   1|   0|    1|          0|
    |tmp_86_reg_4217                     |   1|   0|    1|          0|
    |tmp_94_reg_4233                     |  11|   0|   11|          0|
    |tmp_95_reg_4238                     |   1|   0|    1|          0|
    |tmp_98_reg_4548                     |  12|   0|   12|          0|
    |tmp_mid2_reg_3916                   |   3|   0|    3|          0|
    |underflow_4_reg_4532                |   1|   0|    1|          0|
    |exitcond_flatten2_reg_3893          |  64|  32|    1|          0|
    |tmp_29_mid2_reg_3923                |  64|  32|    1|          0|
    |tmp_61_reg_3982                     |  64|  32|    1|          0|
    +------------------------------------+----+----+-----+-----------+
    |Total                               | 926|  96|  763|         26|
    +------------------------------------+----+----+-----+-----------+



================================================================
== Interface
================================================================
* Summary: 
+---------------------+-----+-----+------------+--------------+--------------+
|      RTL Ports      | Dir | Bits|  Protocol  | Source Object|    C Type    |
+---------------------+-----+-----+------------+--------------+--------------+
|ap_clk               |  in |    1| ap_ctrl_hs |  conv_layer2 | return value |
|ap_rst               |  in |    1| ap_ctrl_hs |  conv_layer2 | return value |
|ap_start             |  in |    1| ap_ctrl_hs |  conv_layer2 | return value |
|ap_done              | out |    1| ap_ctrl_hs |  conv_layer2 | return value |
|ap_idle              | out |    1| ap_ctrl_hs |  conv_layer2 | return value |
|ap_ready             | out |    1| ap_ctrl_hs |  conv_layer2 | return value |
|input_0_V_address0   | out |   10|  ap_memory |   input_0_V  |     array    |
|input_0_V_ce0        | out |    1|  ap_memory |   input_0_V  |     array    |
|input_0_V_q0         |  in |    9|  ap_memory |   input_0_V  |     array    |
|input_0_V_address1   | out |   10|  ap_memory |   input_0_V  |     array    |
|input_0_V_ce1        | out |    1|  ap_memory |   input_0_V  |     array    |
|input_0_V_q1         |  in |    9|  ap_memory |   input_0_V  |     array    |
|input_1_V_address0   | out |   10|  ap_memory |   input_1_V  |     array    |
|input_1_V_ce0        | out |    1|  ap_memory |   input_1_V  |     array    |
|input_1_V_q0         |  in |    9|  ap_memory |   input_1_V  |     array    |
|input_1_V_address1   | out |   10|  ap_memory |   input_1_V  |     array    |
|input_1_V_ce1        | out |    1|  ap_memory |   input_1_V  |     array    |
|input_1_V_q1         |  in |    9|  ap_memory |   input_1_V  |     array    |
|output_0_V_address0  | out |   11|  ap_memory |  output_0_V  |     array    |
|output_0_V_ce0       | out |    1|  ap_memory |  output_0_V  |     array    |
|output_0_V_we0       | out |    1|  ap_memory |  output_0_V  |     array    |
|output_0_V_d0        | out |    8|  ap_memory |  output_0_V  |     array    |
|output_0_V_q0        |  in |    8|  ap_memory |  output_0_V  |     array    |
|output_1_V_address0  | out |   11|  ap_memory |  output_1_V  |     array    |
|output_1_V_ce0       | out |    1|  ap_memory |  output_1_V  |     array    |
|output_1_V_we0       | out |    1|  ap_memory |  output_1_V  |     array    |
|output_1_V_d0        | out |    8|  ap_memory |  output_1_V  |     array    |
|output_1_V_q0        |  in |    8|  ap_memory |  output_1_V  |     array    |
+---------------------+-----+-----+------------+--------------+--------------+

