

================================================================
== Vivado HLS Report for 'conv_layer2'
================================================================
* Date:           Mon Mar 30 22:58:42 2020

* Version:        2018.3 (Build 2405991 on Thu Dec 06 23:56:15 MST 2018)
* Project:        ER_lenet
* Solution:       Pipeline4
* Product family: kintex7
* Target device:  xc7k160tfbg484-1


================================================================
== Performance Estimates
================================================================
+ Timing (ns): 
    * Summary: 
    +--------+-------+----------+------------+
    |  Clock | Target| Estimated| Uncertainty|
    +--------+-------+----------+------------+
    |ap_clk  |  10.00|     8.460|        1.25|
    +--------+-------+----------+------------+

+ Latency (clock cycles): 
    * Summary: 
    +-------+-------+-------+-------+---------+
    |    Latency    |    Interval   | Pipeline|
    |  min  |  max  |  min  |  max  |   Type  |
    +-------+-------+-------+-------+---------+
    |  87089|  87089|  87089|  87089|   none  |
    +-------+-------+-------+-------+---------+

    + Detail: 
        * Instance: 
        N/A

        * Loop: 
        +----------------------------------------------------------------------------------+-------+-------+----------+-----------+-----------+------+----------+
        |                                                                                  |    Latency    | Iteration|  Initiation Interval  | Trip |          |
        |                                     Loop Name                                    |  min  |  max  |  Latency |  achieved |   target  | Count| Pipelined|
        +----------------------------------------------------------------------------------+-------+-------+----------+-----------+-----------+------+----------+
        |- conv_layer2_neurons_loop                                                        |  87088|  87088|      5443|          -|          -|    16|    no    |
        | + conv_layer2_kernel_0_loop_conv_layer2_kernel_1_loop_conv_layer2_kernel_2_loop  |   5074|   5074|        10|          5|          1|  1014|    yes   |
        | + conv_layer2_relu_outer_loop                                                    |    364|    364|        28|          -|          -|    13|    no    |
        |  ++ conv_layer2_relu_inner_loop                                                  |     26|     26|         2|          -|          -|    13|    no    |
        +----------------------------------------------------------------------------------+-------+-------+----------+-----------+-----------+------+----------+



================================================================
== Utilization Estimates
================================================================
* Summary: 
+-----------------+---------+-------+--------+--------+
|       Name      | BRAM_18K| DSP48E|   FF   |   LUT  |
+-----------------+---------+-------+--------+--------+
|DSP              |        -|      -|       -|       -|
|Expression       |        -|      0|       0|    3487|
|FIFO             |        -|      -|       -|       -|
|Instance         |        -|      -|       -|       -|
|Memory           |        0|      -|      37|      54|
|Multiplexer      |        -|      -|       -|     383|
|Register         |        -|      -|     605|       -|
+-----------------+---------+-------+--------+--------+
|Total            |        0|      0|     642|    3924|
+-----------------+---------+-------+--------+--------+
|Available        |      650|    600|  202800|  101400|
+-----------------+---------+-------+--------+--------+
|Utilization (%)  |        0|      0|   ~0   |       3|
+-----------------+---------+-------+--------+--------+

+ Detail: 
    * Instance: 
    N/A

    * DSP48: 
    N/A

    * Memory: 
    +------------------------+----------------------------------+---------+---+----+------+-----+------+-------------+
    |         Memory         |              Module              | BRAM_18K| FF| LUT| Words| Bits| Banks| W*Bits*Banks|
    +------------------------+----------------------------------+---------+---+----+------+-----+------+-------------+
    |conv_2_biases_V_U       |conv_layer2_conv_2_biases_V       |        0|  2|   1|    16|    2|     1|           32|
    |conv_2_weights_V_0_0_U  |conv_layer2_conv_2_weights_V_0_0  |        0|  4|   6|    96|    4|     1|          384|
    |conv_2_weights_V_0_1_U  |conv_layer2_conv_2_weights_V_0_1  |        0|  3|   5|    96|    3|     1|          288|
    |conv_2_weights_V_0_2_U  |conv_layer2_conv_2_weights_V_0_2  |        0|  4|   6|    96|    4|     1|          384|
    |conv_2_weights_V_1_0_U  |conv_layer2_conv_2_weights_V_1_0  |        0|  4|   6|    96|    4|     1|          384|
    |conv_2_weights_V_1_1_U  |conv_layer2_conv_2_weights_V_1_1  |        0|  4|   6|    96|    4|     1|          384|
    |conv_2_weights_V_1_2_U  |conv_layer2_conv_2_weights_V_1_2  |        0|  4|   6|    96|    4|     1|          384|
    |conv_2_weights_V_2_0_U  |conv_layer2_conv_2_weights_V_2_0  |        0|  4|   6|    96|    4|     1|          384|
    |conv_2_weights_V_2_1_U  |conv_layer2_conv_2_weights_V_2_1  |        0|  4|   6|    96|    4|     1|          384|
    |conv_2_weights_V_2_2_U  |conv_layer2_conv_2_weights_V_2_2  |        0|  4|   6|    96|    4|     1|          384|
    +------------------------+----------------------------------+---------+---+----+------+-----+------+-------------+
    |Total                   |                                  |        0| 37|  54|   880|   37|    10|         3392|
    +------------------------+----------------------------------+---------+---+----+------+-----+------+-------------+

    * FIFO: 
    N/A

    * Expression: 
    +-------------------------------------+----------+-------+---+----+------------+------------+
    |            Variable Name            | Operation| DSP48E| FF| LUT| Bitwidth P0| Bitwidth P1|
    +-------------------------------------+----------+-------+---+----+------------+------------+
    |r_V_10_0_1_fu_1051_p2                |     *    |      0|  0|  49|           3|           9|
    |r_V_10_0_2_fu_1450_p2                |     *    |      0|  0|  49|           4|           9|
    |r_V_10_1_1_fu_1976_p2                |     *    |      0|  0|  49|           4|           9|
    |r_V_10_1_2_fu_2064_p2                |     *    |      0|  0|  49|           4|           9|
    |r_V_10_1_fu_1538_p2                  |     *    |      0|  0|  49|           4|           9|
    |r_V_10_2_1_fu_2641_p2                |     *    |      0|  0|  49|           4|           9|
    |r_V_10_2_2_fu_3121_p2                |     *    |      0|  0|  49|           4|           9|
    |r_V_10_2_fu_2553_p2                  |     *    |      0|  0|  49|           4|           9|
    |r_V_s_fu_969_p2                      |     *    |      0|  0|  49|           4|           9|
    |accumulation_V_0_1_fu_1365_p2        |     +    |      0|  0|  15|           8|           8|
    |accumulation_V_0_2_fu_1729_p2        |     +    |      0|  0|  15|           8|           8|
    |accumulation_V_1_1_fu_2306_p2        |     +    |      0|  0|  15|           8|           8|
    |accumulation_V_1_2_fu_2481_p2        |     +    |      0|  0|  15|           8|           8|
    |accumulation_V_1_fu_1904_p2          |     +    |      0|  0|  15|           8|           8|
    |accumulation_V_2_1_fu_3049_p2        |     +    |      0|  0|  15|           8|           8|
    |accumulation_V_2_2_fu_3306_p2        |     +    |      0|  0|  15|           8|           8|
    |accumulation_V_2_fu_2874_p2          |     +    |      0|  0|  15|           8|           8|
    |col_1_fu_3594_p2                     |     +    |      0|  0|  13|           4|           1|
    |col_2_fu_1129_p2                     |     +    |      0|  0|  13|           1|           4|
    |indvar_flatten_next2_fu_637_p2       |     +    |      0|  0|  17|          10|           1|
    |indvar_flatten_op_fu_944_p2          |     +    |      0|  0|  15|           8|           1|
    |ker_1_fu_643_p2                      |     +    |      0|  0|  12|           1|           3|
    |next_mul_fu_536_p2                   |     +    |      0|  0|  15|           8|           4|
    |p_4_fu_548_p2                        |     +    |      0|  0|  15|           5|           1|
    |p_Val2_19_fu_1013_p2                 |     +    |      0|  0|  15|           8|           8|
    |p_Val2_24_0_1_fu_1095_p2             |     +    |      0|  0|  15|           8|           8|
    |p_Val2_24_0_2_fu_1494_p2             |     +    |      0|  0|  15|           8|           8|
    |p_Val2_24_1_1_fu_2020_p2             |     +    |      0|  0|  15|           8|           8|
    |p_Val2_24_1_2_fu_2108_p2             |     +    |      0|  0|  15|           8|           8|
    |p_Val2_24_1_fu_1582_p2               |     +    |      0|  0|  15|           8|           8|
    |p_Val2_24_2_1_fu_2685_p2             |     +    |      0|  0|  15|           8|           8|
    |p_Val2_24_2_2_fu_3165_p2             |     +    |      0|  0|  15|           8|           8|
    |p_Val2_24_2_fu_2597_p2               |     +    |      0|  0|  15|           8|           8|
    |p_Val2_27_fu_605_p2                  |     +    |      0|  0|  10|           2|           2|
    |p_Val2_29_fu_3461_p2                 |     +    |      0|  0|  15|           8|           8|
    |p_Val2_32_fu_3416_p2                 |     +    |      0|  0|  15|           8|           8|
    |ret_V_0_1_fu_1351_p2                 |     +    |      0|  0|  16|           9|           9|
    |ret_V_0_2_fu_1715_p2                 |     +    |      0|  0|  16|           9|           9|
    |ret_V_1_1_fu_2292_p2                 |     +    |      0|  0|  16|           9|           9|
    |ret_V_1_2_fu_2467_p2                 |     +    |      0|  0|  16|           9|           9|
    |ret_V_1_fu_1890_p2                   |     +    |      0|  0|  16|           9|           9|
    |ret_V_2_1_fu_3035_p2                 |     +    |      0|  0|  16|           9|           9|
    |ret_V_2_2_fu_3292_p2                 |     +    |      0|  0|  16|           9|           9|
    |ret_V_2_fu_2860_p2                   |     +    |      0|  0|  16|           9|           9|
    |ret_V_3_fu_3402_p2                   |     +    |      0|  0|  16|           9|           9|
    |ret_V_fu_3377_p2                     |     +    |      0|  0|  16|           9|           9|
    |row_1_fu_3532_p2                     |     +    |      0|  0|  13|           4|           1|
    |row_2_dup_fu_759_p2                  |     +    |      0|  0|  13|           1|           4|
    |row_2_fu_625_p2                      |     +    |      0|  0|  13|           4|           1|
    |row_2_mid1_fu_858_p2                 |     +    |      0|  0|  13|           2|           4|
    |tmp_24_fu_619_p2                     |     +    |      0|  0|  13|           4|           2|
    |tmp_28_fu_908_p2                     |     +    |      0|  0|  13|           2|           4|
    |tmp_30_mid2_v_fu_687_p2              |     +    |      0|  0|  15|           8|           8|
    |tmp_36_fu_790_p2                     |     +    |      0|  0|  71|          64|          64|
    |tmp_45_fu_2157_p2                    |     +    |      0|  0|  15|           8|           8|
    |tmp_50_fu_830_p2                     |     +    |      0|  0|  71|          64|          64|
    |tmp_54_fu_876_p2                     |     +    |      0|  0|  71|          64|          64|
    |tmp_59_fu_918_p2                     |     +    |      0|  0|  19|          12|          12|
    |tmp_60_fu_956_p2                     |     +    |      0|  0|  19|          12|          12|
    |tmp_61_fu_1154_p2                    |     +    |      0|  0|  19|          12|          12|
    |tmp_67_fu_933_p2                     |     +    |      0|  0|  19|          12|          12|
    |tmp_68_fu_1244_p2                    |     +    |      0|  0|  19|          12|          12|
    |tmp_69_fu_1253_p2                    |     +    |      0|  0|  19|          12|          12|
    |tmp_74_fu_1138_p2                    |     +    |      0|  0|  19|          12|          12|
    |tmp_75_fu_1433_p2                    |     +    |      0|  0|  19|          12|          12|
    |tmp_76_fu_1442_p2                    |     +    |      0|  0|  19|          12|          12|
    |tmp_77_fu_2749_p2                    |     +    |      0|  0|  19|          12|          12|
    |tmp_78_fu_2760_p2                    |     +    |      0|  0|  19|          12|          12|
    |tmp_79_fu_2723_p2                    |     +    |      0|  0|  19|          12|          12|
    |tmp_80_fu_2734_p2                    |     +    |      0|  0|  19|          12|          12|
    |tmp_81_fu_3542_p2                    |     +    |      0|  0|  15|           8|           8|
    |tmp_87_fu_3618_p2                    |     +    |      0|  0|  19|          12|          12|
    |tmp_88_fu_3628_p2                    |     +    |      0|  0|  19|          12|          12|
    |tmp_29_fu_579_p2                     |     -    |      0|  0|  15|           8|           8|
    |tmp_30_fu_731_p2                     |     -    |      0|  0|  71|          64|          64|
    |tmp_44_fu_812_p2                     |     -    |      0|  0|  19|          12|          12|
    |tmp_47_fu_2179_p2                    |     -    |      0|  0|  19|          12|          12|
    |tmp_49_fu_2197_p2                    |     -    |      0|  0|  19|          12|          12|
    |tmp_53_fu_852_p2                     |     -    |      0|  0|  19|          12|          12|
    |tmp_57_fu_898_p2                     |     -    |      0|  0|  19|          12|          12|
    |tmp_83_fu_3564_p2                    |     -    |      0|  0|  19|          12|          12|
    |tmp_86_fu_3582_p2                    |     -    |      0|  0|  19|          12|          12|
    |brmerge866_demorgan_1_40_fu_1822_p2  |    and   |      0|  0|   6|           1|           1|
    |brmerge866_demorgan_1_fu_1649_p2     |    and   |      0|  0|   6|           1|           1|
    |brmerge866_demorgan_2_41_fu_2794_p2  |    and   |      0|  0|   6|           1|           1|
    |brmerge866_demorgan_2_fu_2226_p2     |    and   |      0|  0|   6|           1|           1|
    |brmerge866_demorgan_3_fu_2399_p2     |    and   |      0|  0|   6|           1|           1|
    |brmerge866_demorgan_4_fu_2967_p2     |    and   |      0|  0|   6|           1|           1|
    |brmerge866_demorgan_5_fu_3225_p2     |    and   |      0|  0|   6|           1|           1|
    |brmerge866_demorgan_fu_1184_p2       |    and   |      0|  0|   6|           1|           1|
    |brmerge866_demorgan_s_fu_1283_p2     |    and   |      0|  0|   6|           1|           1|
    |carry_1_0_1_fu_1115_p2               |    and   |      0|  0|   6|           1|           1|
    |carry_1_0_2_fu_1514_p2               |    and   |      0|  0|   6|           1|           1|
    |carry_1_1_1_fu_2040_p2               |    and   |      0|  0|   6|           1|           1|
    |carry_1_1_2_fu_2128_p2               |    and   |      0|  0|   6|           1|           1|
    |carry_1_1_fu_1602_p2                 |    and   |      0|  0|   6|           1|           1|
    |carry_1_2_1_fu_2705_p2               |    and   |      0|  0|   6|           1|           1|
    |carry_1_2_2_fu_3185_p2               |    and   |      0|  0|   6|           1|           1|
    |carry_1_2_fu_2617_p2                 |    and   |      0|  0|   6|           1|           1|
    |carry_1_fu_1033_p2                   |    and   |      0|  0|   6|           1|           1|
    |exitcond9_mid_fu_754_p2              |    and   |      0|  0|   6|           1|           1|
    |overflow6_fu_1178_p2                 |    and   |      0|  0|   6|           1|           1|
    |overflow_0_1_fu_1277_p2              |    and   |      0|  0|   6|           1|           1|
    |overflow_0_2_fu_1644_p2              |    and   |      0|  0|   6|           1|           1|
    |overflow_1_1_fu_2221_p2              |    and   |      0|  0|   6|           1|           1|
    |overflow_1_2_fu_2393_p2              |    and   |      0|  0|   6|           1|           1|
    |overflow_1_fu_1816_p2                |    and   |      0|  0|   6|           1|           1|
    |overflow_2_1_fu_2961_p2              |    and   |      0|  0|   6|           1|           1|
    |overflow_2_2_fu_3219_p2              |    and   |      0|  0|   6|           1|           1|
    |overflow_2_fu_2789_p2                |    and   |      0|  0|   6|           1|           1|
    |overflow_fu_3437_p2                  |    and   |      0|  0|   6|           1|           1|
    |underflow6_fu_1200_p2                |    and   |      0|  0|   6|           1|           1|
    |underflow_0_1_fu_1299_p2             |    and   |      0|  0|   6|           1|           1|
    |underflow_0_2_fu_1665_p2             |    and   |      0|  0|   6|           1|           1|
    |underflow_1_1_fu_2242_p2             |    and   |      0|  0|   6|           1|           1|
    |underflow_1_2_fu_2415_p2             |    and   |      0|  0|   6|           1|           1|
    |underflow_1_fu_1838_p2               |    and   |      0|  0|   6|           1|           1|
    |underflow_2_1_fu_2983_p2             |    and   |      0|  0|   6|           1|           1|
    |underflow_2_2_fu_3241_p2             |    and   |      0|  0|   6|           1|           1|
    |underflow_2_fu_2810_p2               |    and   |      0|  0|   6|           1|           1|
    |underflow_4_fu_3449_p2               |    and   |      0|  0|   6|           1|           1|
    |underflow_9_0_1_fu_1385_p2           |    and   |      0|  0|   6|           1|           1|
    |underflow_9_0_2_fu_1748_p2           |    and   |      0|  0|   6|           1|           1|
    |underflow_9_1_1_fu_2325_p2           |    and   |      0|  0|   6|           1|           1|
    |underflow_9_1_2_fu_2501_p2           |    and   |      0|  0|   6|           1|           1|
    |underflow_9_1_fu_1924_p2             |    and   |      0|  0|   6|           1|           1|
    |underflow_9_2_1_fu_3069_p2           |    and   |      0|  0|   6|           1|           1|
    |underflow_9_2_2_fu_3325_p2           |    and   |      0|  0|   6|           1|           1|
    |underflow_9_2_fu_2893_p2             |    and   |      0|  0|   6|           1|           1|
    |underflow_fu_3479_p2                 |    and   |      0|  0|   6|           1|           1|
    |exitcond1_fu_704_p2                  |   icmp   |      0|  0|   9|           4|           3|
    |exitcond5_fu_542_p2                  |   icmp   |      0|  0|  11|           5|           6|
    |exitcond7_fu_3526_p2                 |   icmp   |      0|  0|   9|           4|           3|
    |exitcond_flatten2_fu_631_p2          |   icmp   |      0|  0|  13|          10|           5|
    |exitcond_flatten_fu_649_p2           |   icmp   |      0|  0|  11|           8|           8|
    |exitcond_fu_3588_p2                  |   icmp   |      0|  0|   9|           4|           3|
    |tmp_29_mid1_fu_663_p2                |   icmp   |      0|  0|   9|           3|           1|
    |tmp_31_fu_669_p2                     |   icmp   |      0|  0|   9|           3|           1|
    |tmp_34_fu_3649_p2                    |   icmp   |      0|  0|  11|           8|           1|
    |brmerge14_fu_1205_p2                 |    or    |      0|  0|   6|           1|           1|
    |brmerge16_fu_3494_p2                 |    or    |      0|  0|   6|           1|           1|
    |brmerge28_0_1_fu_1304_p2             |    or    |      0|  0|   6|           1|           1|
    |brmerge28_0_2_fu_1670_p2             |    or    |      0|  0|   6|           1|           1|
    |brmerge28_1_1_fu_2247_p2             |    or    |      0|  0|   6|           1|           1|
    |brmerge28_1_2_fu_2420_p2             |    or    |      0|  0|   6|           1|           1|
    |brmerge28_1_fu_1843_p2               |    or    |      0|  0|   6|           1|           1|
    |brmerge28_2_1_fu_2988_p2             |    or    |      0|  0|   6|           1|           1|
    |brmerge28_2_2_fu_3246_p2             |    or    |      0|  0|   6|           1|           1|
    |brmerge28_2_fu_2815_p2               |    or    |      0|  0|   6|           1|           1|
    |brmerge32_0_1_fu_1403_p2             |    or    |      0|  0|   6|           1|           1|
    |brmerge32_0_2_fu_1766_p2             |    or    |      0|  0|   6|           1|           1|
    |brmerge32_1_1_fu_2343_p2             |    or    |      0|  0|   6|           1|           1|
    |brmerge32_1_2_fu_2519_p2             |    or    |      0|  0|   6|           1|           1|
    |brmerge32_1_fu_1942_p2               |    or    |      0|  0|   6|           1|           1|
    |brmerge32_2_1_fu_3087_p2             |    or    |      0|  0|   6|           1|           1|
    |brmerge32_2_2_fu_3343_p2             |    or    |      0|  0|   6|           1|           1|
    |brmerge32_2_fu_2911_p2               |    or    |      0|  0|   6|           1|           1|
    |brmerge_0_1_fu_1272_p2               |    or    |      0|  0|   6|           1|           1|
    |brmerge_0_2_fu_1639_p2               |    or    |      0|  0|   6|           1|           1|
    |brmerge_1_1_fu_2216_p2               |    or    |      0|  0|   6|           1|           1|
    |brmerge_1_2_fu_2388_p2               |    or    |      0|  0|   6|           1|           1|
    |brmerge_1_fu_1811_p2                 |    or    |      0|  0|   6|           1|           1|
    |brmerge_2_1_fu_2956_p2               |    or    |      0|  0|   6|           1|           1|
    |brmerge_2_2_fu_3214_p2               |    or    |      0|  0|   6|           1|           1|
    |brmerge_2_fu_2784_p2                 |    or    |      0|  0|   6|           1|           1|
    |brmerge_fu_1173_p2                   |    or    |      0|  0|   6|           1|           1|
    |p_895_not_0_1_fu_1316_p2             |    or    |      0|  0|   6|           1|           1|
    |p_895_not_0_2_fu_1681_p2             |    or    |      0|  0|   6|           1|           1|
    |p_895_not_1_1_fu_2258_p2             |    or    |      0|  0|   6|           1|           1|
    |p_895_not_1_2_fu_2432_p2             |    or    |      0|  0|   6|           1|           1|
    |p_895_not_1_fu_1855_p2               |    or    |      0|  0|   6|           1|           1|
    |p_895_not_2_1_fu_3000_p2             |    or    |      0|  0|   6|           1|           1|
    |p_895_not_2_2_fu_3258_p2             |    or    |      0|  0|   6|           1|           1|
    |p_895_not_2_fu_2826_p2               |    or    |      0|  0|   6|           1|           1|
    |p_895_not_fu_1217_p2                 |    or    |      0|  0|   6|           1|           1|
    |tmp10_fu_2253_p2                     |    or    |      0|  0|   6|           1|           1|
    |tmp11_demorgan_fu_2404_p2            |    or    |      0|  0|   6|           1|           1|
    |tmp12_fu_2426_p2                     |    or    |      0|  0|   6|           1|           1|
    |tmp13_demorgan_fu_2799_p2            |    or    |      0|  0|   6|           1|           1|
    |tmp14_fu_2821_p2                     |    or    |      0|  0|   6|           1|           1|
    |tmp15_demorgan_fu_2972_p2            |    or    |      0|  0|   6|           1|           1|
    |tmp16_fu_2994_p2                     |    or    |      0|  0|   6|           1|           1|
    |tmp17_demorgan_fu_3230_p2            |    or    |      0|  0|   6|           1|           1|
    |tmp18_fu_3252_p2                     |    or    |      0|  0|   6|           1|           1|
    |tmp1_demorgan_fu_1189_p2             |    or    |      0|  0|   6|           1|           1|
    |tmp2_fu_1211_p2                      |    or    |      0|  0|   6|           1|           1|
    |tmp3_demorgan_fu_1288_p2             |    or    |      0|  0|   6|           1|           1|
    |tmp4_fu_1310_p2                      |    or    |      0|  0|   6|           1|           1|
    |tmp5_demorgan_fu_1654_p2             |    or    |      0|  0|   6|           1|           1|
    |tmp6_fu_1676_p2                      |    or    |      0|  0|   6|           1|           1|
    |tmp7_demorgan_fu_1827_p2             |    or    |      0|  0|   6|           1|           1|
    |tmp8_fu_1849_p2                      |    or    |      0|  0|   6|           1|           1|
    |tmp9_demorgan_fu_2231_p2             |    or    |      0|  0|   6|           1|           1|
    |tmp_32_fu_765_p2                     |    or    |      0|  0|   6|           1|           1|
    |col_mid2_fu_770_p3                   |  select  |      0|  0|   4|           1|           1|
    |deleted_ones_0_1_fu_1262_p3          |  select  |      0|  0|   2|           1|           1|
    |deleted_ones_0_2_fu_1630_p3          |  select  |      0|  0|   2|           1|           1|
    |deleted_ones_1_1_fu_2207_p3          |  select  |      0|  0|   2|           1|           1|
    |deleted_ones_1_2_fu_2378_p3          |  select  |      0|  0|   2|           1|           1|
    |deleted_ones_1_fu_1801_p3            |  select  |      0|  0|   2|           1|           1|
    |deleted_ones_2_1_fu_2946_p3          |  select  |      0|  0|   2|           1|           1|
    |deleted_ones_2_2_fu_3204_p3          |  select  |      0|  0|   2|           1|           1|
    |deleted_ones_2_fu_2775_p3            |  select  |      0|  0|   2|           1|           1|
    |deleted_ones_fu_1163_p3              |  select  |      0|  0|   2|           1|           1|
    |indvar_flatten_next_fu_2142_p3       |  select  |      0|  0|   8|           1|           1|
    |output_V_load_phi_fu_3638_p3         |  select  |      0|  0|   8|           1|           8|
    |output_V_load_phi_s_fu_3655_p3       |  select  |      0|  0|   7|           1|           7|
    |p_0310_1_fu_3516_p3                  |  select  |      0|  0|   8|           1|           8|
    |p_0523_5_0_1_fu_1425_p3              |  select  |      0|  0|   8|           1|           8|
    |p_0523_5_0_2_fu_1788_p3              |  select  |      0|  0|   8|           1|           8|
    |p_0523_5_1_1_fu_2365_p3              |  select  |      0|  0|   8|           1|           8|
    |p_0523_5_1_2_fu_2541_p3              |  select  |      0|  0|   8|           1|           8|
    |p_0523_5_1_fu_1964_p3                |  select  |      0|  0|   8|           1|           8|
    |p_0523_5_2_1_fu_3109_p3              |  select  |      0|  0|   8|           1|           8|
    |p_0523_5_2_2_fu_3365_p3              |  select  |      0|  0|   8|           1|           8|
    |p_0523_5_2_fu_2933_p3                |  select  |      0|  0|   8|           1|           8|
    |p_0_1_fu_1328_p3                     |  select  |      0|  0|   9|           1|           9|
    |p_0_2_fu_1693_p3                     |  select  |      0|  0|   9|           1|           9|
    |p_1_1_fu_2270_p3                     |  select  |      0|  0|   9|           1|           9|
    |p_1_2_fu_2444_p3                     |  select  |      0|  0|   9|           1|           9|
    |p_1_fu_1867_p3                       |  select  |      0|  0|   9|           1|           9|
    |p_2_1_fu_3012_p3                     |  select  |      0|  0|   9|           1|           9|
    |p_2_2_fu_3270_p3                     |  select  |      0|  0|   9|           1|           9|
    |p_2_fu_2838_p3                       |  select  |      0|  0|   9|           1|           9|
    |p_3_fu_3508_p3                       |  select  |      0|  0|   9|           1|           9|
    |p_4_0_1_fu_1417_p3                   |  select  |      0|  0|   9|           1|           9|
    |p_4_0_2_fu_1780_p3                   |  select  |      0|  0|   9|           1|           9|
    |p_4_1_1_fu_2357_p3                   |  select  |      0|  0|   9|           1|           9|
    |p_4_1_2_fu_2533_p3                   |  select  |      0|  0|   9|           1|           9|
    |p_4_1_fu_1956_p3                     |  select  |      0|  0|   9|           1|           9|
    |p_4_2_1_fu_3101_p3                   |  select  |      0|  0|   9|           1|           9|
    |p_4_2_2_fu_3357_p3                   |  select  |      0|  0|   9|           1|           9|
    |p_4_2_fu_2925_p3                     |  select  |      0|  0|   9|           1|           9|
    |p_Val2_20_fu_1236_p3                 |  select  |      0|  0|   8|           1|           8|
    |p_Val2_25_0_1_fu_1335_p3             |  select  |      0|  0|   8|           1|           8|
    |p_Val2_25_0_2_fu_1700_p3             |  select  |      0|  0|   8|           1|           8|
    |p_Val2_25_1_1_fu_2277_p3             |  select  |      0|  0|   8|           1|           8|
    |p_Val2_25_1_2_fu_2451_p3             |  select  |      0|  0|   8|           1|           8|
    |p_Val2_25_1_fu_1874_p3               |  select  |      0|  0|   8|           1|           8|
    |p_Val2_25_2_1_fu_3019_p3             |  select  |      0|  0|   8|           1|           8|
    |p_Val2_25_2_2_fu_3277_p3             |  select  |      0|  0|   8|           1|           8|
    |p_Val2_25_2_fu_2845_p3               |  select  |      0|  0|   8|           1|           8|
    |p_Val2_30_fu_3390_p3                 |  select  |      0|  0|   8|           1|           8|
    |p_Val2_31_cast_fu_593_p3             |  select  |      0|  0|   2|           1|           2|
    |p_mux5_fu_3500_p3                    |  select  |      0|  0|   8|           1|           7|
    |p_mux6_0_1_fu_1409_p3                |  select  |      0|  0|   8|           1|           7|
    |p_mux6_0_2_fu_1772_p3                |  select  |      0|  0|   8|           1|           7|
    |p_mux6_1_1_fu_2349_p3                |  select  |      0|  0|   8|           1|           7|
    |p_mux6_1_2_fu_2525_p3                |  select  |      0|  0|   8|           1|           7|
    |p_mux6_1_fu_1948_p3                  |  select  |      0|  0|   8|           1|           7|
    |p_mux6_2_1_fu_3093_p3                |  select  |      0|  0|   8|           1|           7|
    |p_mux6_2_2_fu_3349_p3                |  select  |      0|  0|   8|           1|           7|
    |p_mux6_2_fu_2917_p3                  |  select  |      0|  0|   8|           1|           7|
    |p_mux_0_1_fu_1321_p3                 |  select  |      0|  0|   8|           1|           7|
    |p_mux_0_2_fu_1686_p3                 |  select  |      0|  0|   8|           1|           7|
    |p_mux_1_1_fu_2263_p3                 |  select  |      0|  0|   8|           1|           7|
    |p_mux_1_2_fu_2437_p3                 |  select  |      0|  0|   8|           1|           7|
    |p_mux_1_fu_1860_p3                   |  select  |      0|  0|   8|           1|           7|
    |p_mux_2_1_fu_3005_p3                 |  select  |      0|  0|   8|           1|           7|
    |p_mux_2_2_fu_3263_p3                 |  select  |      0|  0|   8|           1|           7|
    |p_mux_2_fu_2831_p3                   |  select  |      0|  0|   8|           1|           7|
    |p_mux_fu_1222_p3                     |  select  |      0|  0|   8|           1|           7|
    |p_s_fu_1229_p3                       |  select  |      0|  0|   9|           1|           9|
    |row_mid_fu_710_p3                    |  select  |      0|  0|   4|           1|           1|
    |tmp_29_mid2_fu_675_p3                |  select  |      0|  0|   2|           1|           1|
    |tmp_33_mid2_fu_778_p3                |  select  |      0|  0|   4|           1|           4|
    |tmp_33_mid_fu_737_p3                 |  select  |      0|  0|   4|           1|           1|
    |tmp_41_1_mid2_fu_818_p3              |  select  |      0|  0|   4|           1|           4|
    |tmp_41_2_mid2_fu_864_p3              |  select  |      0|  0|   4|           1|           4|
    |tmp_41_2_mid_fu_743_p3               |  select  |      0|  0|   4|           1|           2|
    |tmp_mid2_fu_655_p3                   |  select  |      0|  0|   3|           1|           3|
    |ap_enable_pp0                        |    xor   |      0|  0|   6|           1|           2|
    |brmerge15_fu_3484_p2                 |    xor   |      0|  0|   6|           1|           1|
    |brmerge17_fu_3455_p2                 |    xor   |      0|  0|   6|           1|           1|
    |brmerge31_0_1_fu_1391_p2             |    xor   |      0|  0|   6|           1|           1|
    |brmerge31_0_2_fu_1754_p2             |    xor   |      0|  0|   6|           1|           1|
    |brmerge31_1_1_fu_2331_p2             |    xor   |      0|  0|   6|           1|           1|
    |brmerge31_1_2_fu_2507_p2             |    xor   |      0|  0|   6|           1|           1|
    |brmerge31_1_fu_1930_p2               |    xor   |      0|  0|   6|           1|           1|
    |brmerge31_2_1_fu_3075_p2             |    xor   |      0|  0|   6|           1|           1|
    |brmerge31_2_2_fu_3331_p2             |    xor   |      0|  0|   6|           1|           1|
    |brmerge31_2_fu_2899_p2               |    xor   |      0|  0|   6|           1|           1|
    |not_exitcond_flatten_fu_749_p2       |    xor   |      0|  0|   6|           1|           2|
    |p_not_0_1_fu_1268_p2                 |    xor   |      0|  0|   6|           1|           1|
    |p_not_0_2_fu_1635_p2                 |    xor   |      0|  0|   6|           1|           1|
    |p_not_1_1_fu_2212_p2                 |    xor   |      0|  0|   6|           1|           1|
    |p_not_1_2_fu_2384_p2                 |    xor   |      0|  0|   6|           1|           1|
    |p_not_1_fu_1807_p2                   |    xor   |      0|  0|   6|           1|           1|
    |p_not_2_1_fu_2952_p2                 |    xor   |      0|  0|   6|           1|           1|
    |p_not_2_2_fu_3210_p2                 |    xor   |      0|  0|   6|           1|           1|
    |p_not_2_fu_2780_p2                   |    xor   |      0|  0|   6|           1|           1|
    |p_not_fu_1169_p2                     |    xor   |      0|  0|   6|           1|           1|
    |rev1_fu_1109_p2                      |    xor   |      0|  0|   6|           1|           2|
    |rev2_fu_1508_p2                      |    xor   |      0|  0|   6|           1|           2|
    |rev3_fu_1596_p2                      |    xor   |      0|  0|   6|           1|           2|
    |rev4_fu_2034_p2                      |    xor   |      0|  0|   6|           1|           2|
    |rev5_fu_2122_p2                      |    xor   |      0|  0|   6|           1|           2|
    |rev6_fu_2611_p2                      |    xor   |      0|  0|   6|           1|           2|
    |rev7_fu_2699_p2                      |    xor   |      0|  0|   6|           1|           2|
    |rev8_fu_3179_p2                      |    xor   |      0|  0|   6|           1|           2|
    |rev_fu_1027_p2                       |    xor   |      0|  0|   6|           1|           2|
    |signbit_i_i122_0_not_1_fu_1936_p2    |    xor   |      0|  0|   6|           1|           2|
    |signbit_i_i122_0_not_2_fu_2905_p2    |    xor   |      0|  0|   6|           1|           2|
    |signbit_i_i122_0_not_3_fu_1760_p2    |    xor   |      0|  0|   6|           1|           2|
    |signbit_i_i122_0_not_4_fu_2337_p2    |    xor   |      0|  0|   6|           1|           2|
    |signbit_i_i122_0_not_5_fu_2513_p2    |    xor   |      0|  0|   6|           1|           2|
    |signbit_i_i122_0_not_6_fu_3081_p2    |    xor   |      0|  0|   6|           1|           2|
    |signbit_i_i122_0_not_7_fu_3337_p2    |    xor   |      0|  0|   6|           1|           2|
    |signbit_i_i122_0_not_fu_1397_p2      |    xor   |      0|  0|   6|           1|           2|
    |signbit_i_i_i_i77_0_s_fu_3489_p2     |    xor   |      0|  0|   6|           1|           2|
    |tmp11_fu_2409_p2                     |    xor   |      0|  0|   6|           1|           2|
    |tmp13_fu_2804_p2                     |    xor   |      0|  0|   6|           1|           2|
    |tmp15_fu_2977_p2                     |    xor   |      0|  0|   6|           1|           2|
    |tmp17_fu_3235_p2                     |    xor   |      0|  0|   6|           1|           2|
    |tmp1_fu_1194_p2                      |    xor   |      0|  0|   6|           1|           2|
    |tmp3_fu_1293_p2                      |    xor   |      0|  0|   6|           1|           2|
    |tmp5_fu_1659_p2                      |    xor   |      0|  0|   6|           1|           2|
    |tmp7_fu_1832_p2                      |    xor   |      0|  0|   6|           1|           2|
    |tmp9_fu_2236_p2                      |    xor   |      0|  0|   6|           1|           2|
    |tmp_33_fu_1158_p2                    |    xor   |      0|  0|   6|           1|           2|
    |tmp_37_fu_3473_p2                    |    xor   |      0|  0|   6|           1|           2|
    |tmp_38_fu_3443_p2                    |    xor   |      0|  0|   6|           1|           2|
    |tmp_39_fu_3431_p2                    |    xor   |      0|  0|   6|           1|           2|
    |tmp_61_0_1_fu_1257_p2                |    xor   |      0|  0|   6|           1|           2|
    |tmp_61_0_2_fu_1528_p2                |    xor   |      0|  0|   6|           1|           2|
    |tmp_61_1_1_fu_2054_p2                |    xor   |      0|  0|   6|           1|           2|
    |tmp_61_1_2_fu_2373_p2                |    xor   |      0|  0|   6|           1|           2|
    |tmp_61_1_fu_1796_p2                  |    xor   |      0|  0|   6|           1|           2|
    |tmp_61_2_1_fu_2941_p2                |    xor   |      0|  0|   6|           1|           2|
    |tmp_61_2_2_fu_3199_p2                |    xor   |      0|  0|   6|           1|           2|
    |tmp_61_2_fu_2631_p2                  |    xor   |      0|  0|   6|           1|           2|
    |tmp_64_0_1_fu_1379_p2                |    xor   |      0|  0|   6|           1|           2|
    |tmp_64_0_2_fu_1742_p2                |    xor   |      0|  0|   6|           1|           2|
    |tmp_64_1_1_fu_2319_p2                |    xor   |      0|  0|   6|           1|           2|
    |tmp_64_1_2_fu_2495_p2                |    xor   |      0|  0|   6|           1|           2|
    |tmp_64_1_fu_1918_p2                  |    xor   |      0|  0|   6|           1|           2|
    |tmp_64_2_1_fu_3063_p2                |    xor   |      0|  0|   6|           1|           2|
    |tmp_64_2_2_fu_3319_p2                |    xor   |      0|  0|   6|           1|           2|
    |tmp_64_2_fu_2887_p2                  |    xor   |      0|  0|   6|           1|           2|
    +-------------------------------------+----------+-------+---+----+------------+------------+
    |Total                                |          |      0|  0|3487|        1182|        1647|
    +-------------------------------------+----------+-------+---+----+------------+------------+

    * Multiplexer: 
    +------------------------------------------+----+-----------+-----+-----------+
    |                   Name                   | LUT| Input Size| Bits| Total Bits|
    +------------------------------------------+----+-----------+-----+-----------+
    |ap_NS_fsm                                 |  56|         13|    1|         13|
    |ap_enable_reg_pp0_iter1                   |   9|          2|    1|          2|
    |ap_phi_mux_col_phi_fu_497_p4              |   9|          2|    4|          8|
    |ap_phi_mux_indvar_flatten2_phi_fu_451_p4  |   9|          2|   10|         20|
    |ap_phi_mux_indvar_flatten_phi_fu_473_p4   |   9|          2|    8|         16|
    |ap_phi_mux_ker_phi_fu_462_p4              |   9|          2|    3|          6|
    |ap_phi_mux_row_phi_fu_485_p4              |   9|          2|    4|          8|
    |col2_reg_516                              |   9|          2|    4|          8|
    |col_reg_493                               |   9|          2|    4|          8|
    |indvar_flatten2_reg_447                   |   9|          2|   10|         20|
    |indvar_flatten_reg_469                    |   9|          2|    8|         16|
    |input_V_address0                          |  33|          6|   11|         66|
    |input_V_address1                          |  27|          5|   11|         55|
    |ker_reg_458                               |   9|          2|    3|          6|
    |output_0_V_address0                       |  33|          6|   11|         66|
    |output_0_V_d0                             |  33|          6|    8|         48|
    |output_1_V_address0                       |  33|          6|   11|         66|
    |output_1_V_d0                             |  33|          6|    8|         48|
    |p_reg_423                                 |   9|          2|    5|         10|
    |phi_mul_reg_435                           |   9|          2|    8|         16|
    |row1_reg_505                              |   9|          2|    4|          8|
    |row_reg_481                               |   9|          2|    4|          8|
    +------------------------------------------+----+-----------+-----+-----------+
    |Total                                     | 383|         78|  141|        522|
    +------------------------------------------+----+-----------+-----+-----------+

    * Register: 
    +------------------------------------------+----+----+-----+-----------+
    |                   Name                   | FF | LUT| Bits| Const Bits|
    +------------------------------------------+----+----+-----+-----------+
    |ap_CS_fsm                                 |  12|   0|   12|          0|
    |ap_enable_reg_pp0_iter0                   |   1|   0|    1|          0|
    |ap_enable_reg_pp0_iter1                   |   1|   0|    1|          0|
    |brmerge17_reg_4320                        |   1|   0|    1|          0|
    |carry_1_0_1_reg_3950                      |   1|   0|    1|          0|
    |carry_1_0_2_reg_4024                      |   1|   0|    1|          0|
    |carry_1_1_1_reg_4102                      |   1|   0|    1|          0|
    |carry_1_1_2_reg_4137                      |   1|   0|    1|          0|
    |carry_1_1_reg_4059                        |   1|   0|    1|          0|
    |carry_1_2_1_reg_4220                      |   1|   0|    1|          0|
    |carry_1_2_2_reg_4274                      |   1|   0|    1|          0|
    |carry_1_2_reg_4185                        |   1|   0|    1|          0|
    |carry_1_reg_3922                          |   1|   0|    1|          0|
    |col2_reg_516                              |   4|   0|    4|          0|
    |col_1_reg_4345                            |   4|   0|    4|          0|
    |col_2_reg_3964                            |   4|   0|    4|          0|
    |col_mid2_reg_3832                         |   4|   0|    4|          0|
    |col_reg_493                               |   4|   0|    4|          0|
    |conv_2_weights_V_0_0_2_reg_3792           |   4|   0|    4|          0|
    |conv_2_weights_V_0_1_2_reg_3797           |   3|   0|    3|          0|
    |conv_2_weights_V_0_2_2_reg_3802           |   4|   0|    4|          0|
    |conv_2_weights_V_1_0_2_reg_3807           |   4|   0|    4|          0|
    |conv_2_weights_V_1_1_2_reg_3812           |   4|   0|    4|          0|
    |conv_2_weights_V_1_2_2_reg_3817           |   4|   0|    4|          0|
    |conv_2_weights_V_2_0_2_reg_3822           |   4|   0|    4|          0|
    |conv_2_weights_V_2_1_2_reg_3827           |   4|   0|    4|          0|
    |exitcond1_reg_3787                        |   1|   0|    1|          0|
    |exitcond_flatten2_reg_3712                |   1|   0|    1|          0|
    |exitcond_flatten2_reg_3712_pp0_iter1_reg  |   1|   0|    1|          0|
    |exitcond_flatten_reg_3721                 |   1|   0|    1|          0|
    |indvar_flatten2_reg_447                   |  10|   0|   10|          0|
    |indvar_flatten_next2_reg_3716             |  10|   0|   10|          0|
    |indvar_flatten_next_reg_4151              |   8|   0|    8|          0|
    |indvar_flatten_op_reg_3898                |   8|   0|    8|          0|
    |indvar_flatten_reg_469                    |   8|   0|    8|          0|
    |ker_reg_458                               |   3|   0|    3|          0|
    |lhs_V_reg_3697                            |   9|   0|    9|          0|
    |next_mul_reg_3669                         |   8|   0|    8|          0|
    |output_0_V_addr_1_reg_4234                |  11|   0|   11|          0|
    |output_0_V_addr_2_reg_4244                |  11|   0|   11|          0|
    |output_0_V_addr_reg_4355                  |  11|   0|   11|          0|
    |output_0_V_load_1_reg_4288                |   8|   0|    8|          0|
    |output_1_V_addr_1_reg_4239                |  11|   0|   11|          0|
    |output_1_V_addr_2_reg_4249                |  11|   0|   11|          0|
    |output_1_V_addr_reg_4360                  |  11|   0|   11|          0|
    |output_1_V_load_1_reg_4293                |   8|   0|    8|          0|
    |overflow_reg_4312                         |   1|   0|    1|          0|
    |p_0523_5_0_1_reg_3995                     |   8|   0|    8|          0|
    |p_0523_5_1_2_reg_4166                     |   8|   0|    8|          0|
    |p_0523_5_1_reg_4083                       |   8|   0|    8|          0|
    |p_0523_5_2_1_reg_4254                     |   8|   0|    8|          0|
    |p_0523_5_2_2_reg_4298                     |   8|   0|    8|          0|
    |p_4_reg_3677                              |   5|   0|    5|          0|
    |p_Result_s_reg_4305                       |   1|   0|    1|          0|
    |p_Val2_19_reg_3916                        |   8|   0|    8|          0|
    |p_Val2_21_cast_reg_3692                   |   8|   0|    8|          0|
    |p_Val2_24_0_1_reg_3944                    |   8|   0|    8|          0|
    |p_Val2_24_0_2_reg_4018                    |   8|   0|    8|          0|
    |p_Val2_24_1_1_reg_4096                    |   8|   0|    8|          0|
    |p_Val2_24_1_2_reg_4131                    |   8|   0|    8|          0|
    |p_Val2_24_1_reg_4053                      |   8|   0|    8|          0|
    |p_Val2_24_2_1_reg_4214                    |   8|   0|    8|          0|
    |p_Val2_24_2_2_reg_4268                    |   8|   0|    8|          0|
    |p_Val2_24_2_reg_4179                      |   8|   0|    8|          0|
    |p_reg_423                                 |   5|   0|    5|          0|
    |phi_mul_reg_435                           |   8|   0|    8|          0|
    |row1_reg_505                              |   4|   0|    4|          0|
    |row_1_reg_4327                            |   4|   0|    4|          0|
    |row_2_reg_3707                            |   4|   0|    4|          0|
    |row_reg_481                               |   4|   0|    4|          0|
    |tmp_100_reg_4067                          |   1|   0|    1|          0|
    |tmp_103_reg_4089                          |   1|   0|    1|          0|
    |tmp_107_reg_4110                          |   1|   0|    1|          0|
    |tmp_110_reg_4123                          |   1|   0|    1|          0|
    |tmp_114_reg_4145                          |   1|   0|    1|          0|
    |tmp_117_reg_4172                          |   1|   0|    1|          0|
    |tmp_121_reg_4193                          |   1|   0|    1|          0|
    |tmp_124_reg_4206                          |   1|   0|    1|          0|
    |tmp_128_reg_4228                          |   1|   0|    1|          0|
    |tmp_131_reg_4260                          |   1|   0|    1|          0|
    |tmp_135_reg_4282                          |   1|   0|    1|          0|
    |tmp_146_reg_4350                          |   1|   0|    1|          0|
    |tmp_24_reg_3702                           |   4|   0|    4|          0|
    |tmp_28_reg_3871                           |   4|   0|    4|          0|
    |tmp_29_cast_reg_3876                      |   4|   0|   12|          8|
    |tmp_29_mid2_reg_3738                      |   1|   0|    1|          0|
    |tmp_29_mid2_reg_3738_pp0_iter1_reg        |   1|   0|    1|          0|
    |tmp_29_reg_3687                           |   7|   0|    8|          1|
    |tmp_30_mid2_v_cast_reg_3742               |  64|   0|   64|          0|
    |tmp_33_mid2_reg_3837                      |   4|   0|    4|          0|
    |tmp_41_1_mid2_reg_3847                    |   4|   0|    4|          0|
    |tmp_44_reg_3842                           |  12|   0|   12|          0|
    |tmp_53_0_1_cast_reg_3887                  |   4|   0|   12|          8|
    |tmp_53_0_2_cast_reg_3969                  |   4|   0|   12|          8|
    |tmp_53_reg_3852                           |  12|   0|   12|          0|
    |tmp_57_reg_3859                           |  12|   0|   12|          0|
    |tmp_58_reg_3866                           |   1|   0|    1|          0|
    |tmp_58_reg_3866_pp0_iter1_reg             |   1|   0|    1|          0|
    |tmp_61_0_2_reg_4038                       |   1|   0|    1|          0|
    |tmp_61_1_1_reg_4116                       |   1|   0|    1|          0|
    |tmp_61_2_reg_4199                         |   1|   0|    1|          0|
    |tmp_61_reg_3980                           |  12|   0|   12|          0|
    |tmp_62_reg_3908                           |   1|   0|    1|          0|
    |tmp_66_reg_3930                           |   1|   0|    1|          0|
    |tmp_69_reg_3990                           |  12|   0|   12|          0|
    |tmp_70_reg_3936                           |   1|   0|    1|          0|
    |tmp_76_reg_4006                           |  12|   0|   12|          0|
    |tmp_82_reg_3958                           |   1|   0|    1|          0|
    |tmp_83_reg_4332                           |  12|   0|   12|          0|
    |tmp_86_reg_4337                           |  11|   0|   12|          1|
    |tmp_89_reg_4011                           |   1|   0|    1|          0|
    |tmp_93_reg_4032                           |   1|   0|    1|          0|
    |tmp_96_reg_4045                           |   1|   0|    1|          0|
    |tmp_mid2_reg_3731                         |   3|   0|    3|          0|
    |underflow_4_reg_4316                      |   1|   0|    1|          0|
    +------------------------------------------+----+----+-----+-----------+
    |Total                                     | 605|   0|  631|         26|
    +------------------------------------------+----+----+-----+-----------+



================================================================
== Interface
================================================================
* Summary: 
+---------------------+-----+-----+------------+--------------+--------------+
|      RTL Ports      | Dir | Bits|  Protocol  | Source Object|    C Type    |
+---------------------+-----+-----+------------+--------------+--------------+
|ap_clk               |  in |    1| ap_ctrl_hs |  conv_layer2 | return value |
|ap_rst               |  in |    1| ap_ctrl_hs |  conv_layer2 | return value |
|ap_start             |  in |    1| ap_ctrl_hs |  conv_layer2 | return value |
|ap_done              | out |    1| ap_ctrl_hs |  conv_layer2 | return value |
|ap_idle              | out |    1| ap_ctrl_hs |  conv_layer2 | return value |
|ap_ready             | out |    1| ap_ctrl_hs |  conv_layer2 | return value |
|input_V_address0     | out |   11|  ap_memory |    input_V   |     array    |
|input_V_ce0          | out |    1|  ap_memory |    input_V   |     array    |
|input_V_q0           |  in |    9|  ap_memory |    input_V   |     array    |
|input_V_address1     | out |   11|  ap_memory |    input_V   |     array    |
|input_V_ce1          | out |    1|  ap_memory |    input_V   |     array    |
|input_V_q1           |  in |    9|  ap_memory |    input_V   |     array    |
|output_0_V_address0  | out |   11|  ap_memory |  output_0_V  |     array    |
|output_0_V_ce0       | out |    1|  ap_memory |  output_0_V  |     array    |
|output_0_V_we0       | out |    1|  ap_memory |  output_0_V  |     array    |
|output_0_V_d0        | out |    8|  ap_memory |  output_0_V  |     array    |
|output_0_V_q0        |  in |    8|  ap_memory |  output_0_V  |     array    |
|output_1_V_address0  | out |   11|  ap_memory |  output_1_V  |     array    |
|output_1_V_ce0       | out |    1|  ap_memory |  output_1_V  |     array    |
|output_1_V_we0       | out |    1|  ap_memory |  output_1_V  |     array    |
|output_1_V_d0        | out |    8|  ap_memory |  output_1_V  |     array    |
|output_1_V_q0        |  in |    8|  ap_memory |  output_1_V  |     array    |
+---------------------+-----+-----+------------+--------------+--------------+

