22:28:43 **** Incremental Build of configuration Debug for project ER_lenet_SDK ****
make pre-build main-build 
a9-linaro-pre-build-step
' '
make: Nothing to be done for 'main-build'.
22:33:59 **** Auto Build of configuration Debug for project ER_lenet_SDK ****
make pre-build main-build 
a9-linaro-pre-build-step
' '
'Building file: ../src/main.c'
'Invoking: ARM v7 gcc compiler'
arm-none-eabi-gcc -Wall -O0 -g3 -c -fmessage-length=0 -MT"src/main.o" -mcpu=cortex-a9 -mfpu=vfpv3 -mfloat-abi=hard -I../../ER_lenet_SDK_bsp/ps7_cortexa9_0/include -MMD -MP -MF"src/main.d" -MT"src/main.o" -o "src/main.o" "../src/main.c"
../src/main.c: In function 'tim_start':
../src/main.c:226:2: error: unknown type name 'uint632_t'; did you mean 'uint32_t'?
  uint632_t tick = XTmrCtr_GetValue(tim, TIM_CTR_NUM);
  ^~~~~~~~~
  uint32_t
../src/main.c:226:36: error: incompatible type for argument 1 of 'XTmrCtr_GetValue'
  uint632_t tick = XTmrCtr_GetValue(tim, TIM_CTR_NUM);
                                    ^~~
In file included from ../src/main.c:54:
../../ER_lenet_SDK_bsp/ps7_cortexa9_0/include/xtmrctr.h:292:32: note: expected 'XTmrCtr *' {aka 'struct <anonymous> *'} but argument is of type 'XTmrCtr' {aka 'struct <anonymous>'}
 u32 XTmrCtr_GetValue(XTmrCtr * InstancePtr, u8 TmrCtrNumber);
                      ~~~~~~~~~~^~~~~~~~~~~
make: *** [src/subdir.mk:26: src/main.o] Error 1
22:35:20 **** Auto Build of configuration Debug for project ER_lenet_SDK ****
make pre-build main-build 
a9-linaro-pre-build-step
' '
'Building file: ../src/main.c'
'Invoking: ARM v7 gcc compiler'
arm-none-eabi-gcc -Wall -O0 -g3 -c -fmessage-length=0 -MT"src/main.o" -mcpu=cortex-a9 -mfpu=vfpv3 -mfloat-abi=hard -I../../ER_lenet_SDK_bsp/ps7_cortexa9_0/include -MMD -MP -MF"src/main.d" -MT"src/main.o" -o "src/main.o" "../src/main.c"
../src/main.c: In function 'tim_start':
../src/main.c:230:35: error: incompatible type for argument 1 of 'XTmrCtr_GetValue'
  uint32_t tick = XTmrCtr_GetValue(tim, TIM_CTR_NUM);
                                   ^~~
In file included from ../src/main.c:54:
../../ER_lenet_SDK_bsp/ps7_cortexa9_0/include/xtmrctr.h:292:32: note: expected 'XTmrCtr *' {aka 'struct <anonymous> *'} but argument is of type 'XTmrCtr' {aka 'struct <anonymous>'}
 u32 XTmrCtr_GetValue(XTmrCtr * InstancePtr, u8 TmrCtrNumber);
                      ~~~~~~~~~~^~~~~~~~~~~
make: *** [src/subdir.mk:26: src/main.o] Error 1
22:35:46 **** Auto Build of configuration Debug for project ER_lenet_SDK ****
make pre-build main-build 
a9-linaro-pre-build-step
' '
'Building file: ../src/main.c'
'Invoking: ARM v7 gcc compiler'
arm-none-eabi-gcc -Wall -O0 -g3 -c -fmessage-length=0 -MT"src/main.o" -mcpu=cortex-a9 -mfpu=vfpv3 -mfloat-abi=hard -I../../ER_lenet_SDK_bsp/ps7_cortexa9_0/include -MMD -MP -MF"src/main.d" -MT"src/main.o" -o "src/main.o" "../src/main.c"
'Finished building: ../src/main.c'
' '
'Building target: ER_lenet_SDK.elf'
'Invoking: ARM v7 gcc linker'
arm-none-eabi-gcc -mcpu=cortex-a9 -mfpu=vfpv3 -mfloat-abi=hard -Wl,-build-id=none -specs=Xilinx.spec -Wl,-T -Wl,../src/lscript.ld -L../../ER_lenet_SDK_bsp/ps7_cortexa9_0/lib -o "ER_lenet_SDK.elf"  ./src/main.o ./src/platform.o   -Wl,--start-group,-lxil,-lgcc,-lc,--end-group
'Finished building target: ER_lenet_SDK.elf'
' '
'Invoking: ARM v7 Print Size'
arm-none-eabi-size ER_lenet_SDK.elf  |tee "ER_lenet_SDK.elf.size"
   text	   data	    bss	    dec	    hex	filename
  38064	   4648	  23336	  66048	  10200	ER_lenet_SDK.elf
'Finished building: ER_lenet_SDK.elf.size'
' '
22:37:17 **** Auto Build of configuration Debug for project ER_lenet_SDK ****
make pre-build main-build 
a9-linaro-pre-build-step
' '
'Building file: ../src/main.c'
'Invoking: ARM v7 gcc compiler'
arm-none-eabi-gcc -Wall -O0 -g3 -c -fmessage-length=0 -MT"src/main.o" -mcpu=cortex-a9 -mfpu=vfpv3 -mfloat-abi=hard -I../../ER_lenet_SDK_bsp/ps7_cortexa9_0/include -MMD -MP -MF"src/main.d" -MT"src/main.o" -o "src/main.o" "../src/main.c"
'Finished building: ../src/main.c'
' '
'Building target: ER_lenet_SDK.elf'
'Invoking: ARM v7 gcc linker'
arm-none-eabi-gcc -mcpu=cortex-a9 -mfpu=vfpv3 -mfloat-abi=hard -Wl,-build-id=none -specs=Xilinx.spec -Wl,-T -Wl,../src/lscript.ld -L../../ER_lenet_SDK_bsp/ps7_cortexa9_0/lib -o "ER_lenet_SDK.elf"  ./src/main.o ./src/platform.o   -Wl,--start-group,-lxil,-lgcc,-lc,--end-group
'Finished building target: ER_lenet_SDK.elf'
' '
'Invoking: ARM v7 Print Size'
arm-none-eabi-size ER_lenet_SDK.elf  |tee "ER_lenet_SDK.elf.size"
   text	   data	    bss	    dec	    hex	filename
  38064	   4648	  23336	  66048	  10200	ER_lenet_SDK.elf
'Finished building: ER_lenet_SDK.elf.size'
' '
22:45:15 **** Auto Build of configuration Debug for project ER_lenet_SDK ****
make pre-build main-build 
a9-linaro-pre-build-step
' '
'Building file: ../src/main.c'
'Invoking: ARM v7 gcc compiler'
arm-none-eabi-gcc -Wall -O0 -g3 -c -fmessage-length=0 -MT"src/main.o" -mcpu=cortex-a9 -mfpu=vfpv3 -mfloat-abi=hard -I../../ER_lenet_SDK_bsp/ps7_cortexa9_0/include -MMD -MP -MF"src/main.d" -MT"src/main.o" -o "src/main.o" "../src/main.c"
../src/main.c:252:33: error: unknown type name 'uint32'; did you mean 'sint32'?
 double tim_elapsed_time_seconds(uint32 start_tick, uint32_t end_tick){
                                 ^~~~~~
                                 sint32
make: *** [src/subdir.mk:26: src/main.o] Error 1
22:45:16 **** Incremental Build of configuration Debug for project ER_lenet_SDK ****
make pre-build main-build 
a9-linaro-pre-build-step
' '
'Building file: ../src/main.c'
'Invoking: ARM v7 gcc compiler'
arm-none-eabi-gcc -Wall -O0 -g3 -c -fmessage-length=0 -MT"src/main.o" -mcpu=cortex-a9 -mfpu=vfpv3 -mfloat-abi=hard -I../../ER_lenet_SDK_bsp/ps7_cortexa9_0/include -MMD -MP -MF"src/main.d" -MT"src/main.o" -o "src/main.o" "../src/main.c"
../src/main.c:252:33: error: unknown type name 'uint32'; did you mean 'sint32'?
 double tim_elapsed_time_seconds(uint32 start_tick, uint32_t end_tick){
                                 ^~~~~~
                                 sint32
make: *** [src/subdir.mk:26: src/main.o] Error 1
22:46:13 **** Auto Build of configuration Debug for project ER_lenet_SDK ****
make pre-build main-build 
a9-linaro-pre-build-step
' '
'Building file: ../src/main.c'
'Invoking: ARM v7 gcc compiler'
arm-none-eabi-gcc -Wall -O0 -g3 -c -fmessage-length=0 -MT"src/main.o" -mcpu=cortex-a9 -mfpu=vfpv3 -mfloat-abi=hard -I../../ER_lenet_SDK_bsp/ps7_cortexa9_0/include -MMD -MP -MF"src/main.d" -MT"src/main.o" -o "src/main.o" "../src/main.c"
'Finished building: ../src/main.c'
' '
'Building target: ER_lenet_SDK.elf'
'Invoking: ARM v7 gcc linker'
arm-none-eabi-gcc -mcpu=cortex-a9 -mfpu=vfpv3 -mfloat-abi=hard -Wl,-build-id=none -specs=Xilinx.spec -Wl,-T -Wl,../src/lscript.ld -L../../ER_lenet_SDK_bsp/ps7_cortexa9_0/lib -o "ER_lenet_SDK.elf"  ./src/main.o ./src/platform.o   -Wl,--start-group,-lxil,-lgcc,-lc,--end-group
'Finished building target: ER_lenet_SDK.elf'
' '
'Invoking: ARM v7 Print Size'
arm-none-eabi-size ER_lenet_SDK.elf  |tee "ER_lenet_SDK.elf.size"
   text	   data	    bss	    dec	    hex	filename
  38312	   4648	  23336	  66296	  102f8	ER_lenet_SDK.elf
'Finished building: ER_lenet_SDK.elf.size'
' '
22:46:18 **** Incremental Build of configuration Debug for project ER_lenet_SDK ****
make pre-build main-build 
a9-linaro-pre-build-step
' '
make: Nothing to be done for 'main-build'.
22:46:46 **** Incremental Build of configuration Debug for project ER_lenet_SDK ****
make pre-build main-build 
a9-linaro-pre-build-step
' '
make: Nothing to be done for 'main-build'.
22:48:04 **** Incremental Build of configuration Debug for project ER_lenet_SDK ****
make pre-build main-build 
a9-linaro-pre-build-step
' '
make: Nothing to be done for 'main-build'.
22:49:27 **** Auto Build of configuration Debug for project ER_lenet_SDK ****
make pre-build main-build 
a9-linaro-pre-build-step
' '
'Building file: ../src/main.c'
'Invoking: ARM v7 gcc compiler'
arm-none-eabi-gcc -Wall -O0 -g3 -c -fmessage-length=0 -MT"src/main.o" -mcpu=cortex-a9 -mfpu=vfpv3 -mfloat-abi=hard -I../../ER_lenet_SDK_bsp/ps7_cortexa9_0/include -MMD -MP -MF"src/main.d" -MT"src/main.o" -o "src/main.o" "../src/main.c"
'Finished building: ../src/main.c'
' '
'Building target: ER_lenet_SDK.elf'
'Invoking: ARM v7 gcc linker'
arm-none-eabi-gcc -mcpu=cortex-a9 -mfpu=vfpv3 -mfloat-abi=hard -Wl,-build-id=none -specs=Xilinx.spec -Wl,-T -Wl,../src/lscript.ld -L../../ER_lenet_SDK_bsp/ps7_cortexa9_0/lib -o "ER_lenet_SDK.elf"  ./src/main.o ./src/platform.o   -Wl,--start-group,-lxil,-lgcc,-lc,--end-group
'Finished building target: ER_lenet_SDK.elf'
' '
'Invoking: ARM v7 Print Size'
arm-none-eabi-size ER_lenet_SDK.elf  |tee "ER_lenet_SDK.elf.size"
   text	   data	    bss	    dec	    hex	filename
  38312	   4648	  23336	  66296	  102f8	ER_lenet_SDK.elf
'Finished building: ER_lenet_SDK.elf.size'
' '
22:49:37 **** Incremental Build of configuration Debug for project ER_lenet_SDK ****
make pre-build main-build 
a9-linaro-pre-build-step
' '
make: Nothing to be done for 'main-build'.
22:51:36 **** Auto Build of configuration Debug for project ER_lenet_SDK ****
make pre-build main-build 
a9-linaro-pre-build-step
' '
'Building file: ../src/main.c'
'Invoking: ARM v7 gcc compiler'
arm-none-eabi-gcc -Wall -O0 -g3 -c -fmessage-length=0 -MT"src/main.o" -mcpu=cortex-a9 -mfpu=vfpv3 -mfloat-abi=hard -I../../ER_lenet_SDK_bsp/ps7_cortexa9_0/include -MMD -MP -MF"src/main.d" -MT"src/main.o" -o "src/main.o" "../src/main.c"
'Finished building: ../src/main.c'
' '
'Building target: ER_lenet_SDK.elf'
'Invoking: ARM v7 gcc linker'
arm-none-eabi-gcc -mcpu=cortex-a9 -mfpu=vfpv3 -mfloat-abi=hard -Wl,-build-id=none -specs=Xilinx.spec -Wl,-T -Wl,../src/lscript.ld -L../../ER_lenet_SDK_bsp/ps7_cortexa9_0/lib -o "ER_lenet_SDK.elf"  ./src/main.o ./src/platform.o   -Wl,--start-group,-lxil,-lgcc,-lc,--end-group
'Finished building target: ER_lenet_SDK.elf'
' '
'Invoking: ARM v7 Print Size'
arm-none-eabi-size ER_lenet_SDK.elf  |tee "ER_lenet_SDK.elf.size"
   text	   data	    bss	    dec	    hex	filename
  38336	   4648	  23336	  66320	  10310	ER_lenet_SDK.elf
'Finished building: ER_lenet_SDK.elf.size'
' '
22:51:50 **** Incremental Build of configuration Debug for project ER_lenet_SDK ****
make pre-build main-build 
a9-linaro-pre-build-step
' '
make: Nothing to be done for 'main-build'.
22:54:26 **** Incremental Build of configuration Debug for project ER_lenet_SDK ****
make pre-build main-build 
a9-linaro-pre-build-step
' '
'Building file: ../src/main.c'
'Invoking: ARM v7 gcc compiler'
arm-none-eabi-gcc -Wall -O0 -g3 -c -fmessage-length=0 -MT"src/main.o" -mcpu=cortex-a9 -mfpu=vfpv3 -mfloat-abi=hard -I../../ER_lenet_SDK_bsp/ps7_cortexa9_0/include -MMD -MP -MF"src/main.d" -MT"src/main.o" -o "src/main.o" "../src/main.c"
'Finished building: ../src/main.c'
' '
'Building target: ER_lenet_SDK.elf'
'Invoking: ARM v7 gcc linker'
arm-none-eabi-gcc -mcpu=cortex-a9 -mfpu=vfpv3 -mfloat-abi=hard -Wl,-build-id=none -specs=Xilinx.spec -Wl,-T -Wl,../src/lscript.ld -L../../ER_lenet_SDK_bsp/ps7_cortexa9_0/lib -o "ER_lenet_SDK.elf"  ./src/main.o ./src/platform.o   -Wl,--start-group,-lxil,-lgcc,-lc,--end-group
'Finished building target: ER_lenet_SDK.elf'
' '
'Invoking: ARM v7 Print Size'
arm-none-eabi-size ER_lenet_SDK.elf  |tee "ER_lenet_SDK.elf.size"
   text	   data	    bss	    dec	    hex	filename
  38336	   4648	  23336	  66320	  10310	ER_lenet_SDK.elf
'Finished building: ER_lenet_SDK.elf.size'
' '
22:55:07 **** Incremental Build of configuration Debug for project ER_lenet_SDK ****
make pre-build main-build 
a9-linaro-pre-build-step
' '
'Building file: ../src/main.c'
'Invoking: ARM v7 gcc compiler'
arm-none-eabi-gcc -Wall -O0 -g3 -c -fmessage-length=0 -MT"src/main.o" -mcpu=cortex-a9 -mfpu=vfpv3 -mfloat-abi=hard -I../../ER_lenet_SDK_bsp/ps7_cortexa9_0/include -MMD -MP -MF"src/main.d" -MT"src/main.o" -o "src/main.o" "../src/main.c"
'Finished building: ../src/main.c'
' '
'Building target: ER_lenet_SDK.elf'
'Invoking: ARM v7 gcc linker'
arm-none-eabi-gcc -mcpu=cortex-a9 -mfpu=vfpv3 -mfloat-abi=hard -Wl,-build-id=none -specs=Xilinx.spec -Wl,-T -Wl,../src/lscript.ld -L../../ER_lenet_SDK_bsp/ps7_cortexa9_0/lib -o "ER_lenet_SDK.elf"  ./src/main.o ./src/platform.o   -Wl,--start-group,-lxil,-lgcc,-lc,--end-group
'Finished building target: ER_lenet_SDK.elf'
' '
'Invoking: ARM v7 Print Size'
arm-none-eabi-size ER_lenet_SDK.elf  |tee "ER_lenet_SDK.elf.size"
   text	   data	    bss	    dec	    hex	filename
  38336	   4648	  23336	  66320	  10310	ER_lenet_SDK.elf
'Finished building: ER_lenet_SDK.elf.size'
' '
22:56:24 **** Incremental Build of configuration Debug for project ER_lenet_SDK ****
make pre-build main-build 
a9-linaro-pre-build-step
' '
'Building file: ../src/main.c'
'Invoking: ARM v7 gcc compiler'
arm-none-eabi-gcc -Wall -O0 -g3 -c -fmessage-length=0 -MT"src/main.o" -mcpu=cortex-a9 -mfpu=vfpv3 -mfloat-abi=hard -I../../ER_lenet_SDK_bsp/ps7_cortexa9_0/include -MMD -MP -MF"src/main.d" -MT"src/main.o" -o "src/main.o" "../src/main.c"
'Finished building: ../src/main.c'
' '
'Building target: ER_lenet_SDK.elf'
'Invoking: ARM v7 gcc linker'
arm-none-eabi-gcc -mcpu=cortex-a9 -mfpu=vfpv3 -mfloat-abi=hard -Wl,-build-id=none -specs=Xilinx.spec -Wl,-T -Wl,../src/lscript.ld -L../../ER_lenet_SDK_bsp/ps7_cortexa9_0/lib -o "ER_lenet_SDK.elf"  ./src/main.o ./src/platform.o   -Wl,--start-group,-lxil,-lgcc,-lc,--end-group
'Finished building target: ER_lenet_SDK.elf'
' '
'Invoking: ARM v7 Print Size'
arm-none-eabi-size ER_lenet_SDK.elf  |tee "ER_lenet_SDK.elf.size"
   text	   data	    bss	    dec	    hex	filename
  67104	   5688	  23392	  96184	  177b8	ER_lenet_SDK.elf
'Finished building: ER_lenet_SDK.elf.size'
' '
22:57:28 **** Incremental Build of configuration Debug for project ER_lenet_SDK ****
make pre-build main-build 
a9-linaro-pre-build-step
' '
'Building file: ../src/main.c'
'Invoking: ARM v7 gcc compiler'
arm-none-eabi-gcc -Wall -O0 -g3 -c -fmessage-length=0 -MT"src/main.o" -mcpu=cortex-a9 -mfpu=vfpv3 -mfloat-abi=hard -I../../ER_lenet_SDK_bsp/ps7_cortexa9_0/include -MMD -MP -MF"src/main.d" -MT"src/main.o" -o "src/main.o" "../src/main.c"
../src/main.c: In function 'main':
../src/main.c:220:26: warning: format '%u' expects argument of type 'unsigned int', but argument 2 has type 'uint32_t' {aka 'long unsigned int'} [-Wformat=]
     printf("Start tick: %u\r\n", start_tick);
                         ~^       ~~~~~~~~~~
                         %lu
../src/main.c:221:24: warning: format '%u' expects argument of type 'unsigned int', but argument 2 has type 'uint32_t' {aka 'long unsigned int'} [-Wformat=]
     printf("End tick: %u\r\n", end_tick);
                       ~^       ~~~~~~~~
                       %lu
../src/main.c:222:31: warning: format '%u' expects argument of type 'unsigned int', but argument 2 has type 'u32' {aka 'long unsigned int'} [-Wformat=]
     printf("Timer frequency: %u\r\n", tim.Config.SysClockFreqHz);
                              ~^       ~~~~~~~~~~~~~~~~~~~~~~~~~
                              %lu
'Finished building: ../src/main.c'
' '
'Building target: ER_lenet_SDK.elf'
'Invoking: ARM v7 gcc linker'
arm-none-eabi-gcc -mcpu=cortex-a9 -mfpu=vfpv3 -mfloat-abi=hard -Wl,-build-id=none -specs=Xilinx.spec -Wl,-T -Wl,../src/lscript.ld -L../../ER_lenet_SDK_bsp/ps7_cortexa9_0/lib -o "ER_lenet_SDK.elf"  ./src/main.o ./src/platform.o   -Wl,--start-group,-lxil,-lgcc,-lc,--end-group
'Finished building target: ER_lenet_SDK.elf'
' '
'Invoking: ARM v7 Print Size'
arm-none-eabi-size ER_lenet_SDK.elf  |tee "ER_lenet_SDK.elf.size"
   text	   data	    bss	    dec	    hex	filename
  67104	   5688	  23392	  96184	  177b8	ER_lenet_SDK.elf
'Finished building: ER_lenet_SDK.elf.size'
' '
22:59:22 **** Auto Build of configuration Debug for project ER_lenet_SDK ****
make pre-build main-build 
a9-linaro-pre-build-step
' '
'Building file: ../src/main.c'
'Invoking: ARM v7 gcc compiler'
arm-none-eabi-gcc -Wall -O0 -g3 -c -fmessage-length=0 -MT"src/main.o" -mcpu=cortex-a9 -mfpu=vfpv3 -mfloat-abi=hard -I../../ER_lenet_SDK_bsp/ps7_cortexa9_0/include -MMD -MP -MF"src/main.d" -MT"src/main.o" -o "src/main.o" "../src/main.c"
'Finished building: ../src/main.c'
' '
'Building target: ER_lenet_SDK.elf'
'Invoking: ARM v7 gcc linker'
arm-none-eabi-gcc -mcpu=cortex-a9 -mfpu=vfpv3 -mfloat-abi=hard -Wl,-build-id=none -specs=Xilinx.spec -Wl,-T -Wl,../src/lscript.ld -L../../ER_lenet_SDK_bsp/ps7_cortexa9_0/lib -o "ER_lenet_SDK.elf"  ./src/main.o ./src/platform.o   -Wl,--start-group,-lxil,-lgcc,-lc,--end-group
'Finished building target: ER_lenet_SDK.elf'
' '
'Invoking: ARM v7 Print Size'
arm-none-eabi-size ER_lenet_SDK.elf  |tee "ER_lenet_SDK.elf.size"
   text	   data	    bss	    dec	    hex	filename
  38336	   4648	  23336	  66320	  10310	ER_lenet_SDK.elf
'Finished building: ER_lenet_SDK.elf.size'
' '
23:02:09 **** Auto Build of configuration Debug for project ER_lenet_SDK ****
make pre-build main-build 
a9-linaro-pre-build-step
' '
'Building file: ../src/main.c'
'Invoking: ARM v7 gcc compiler'
arm-none-eabi-gcc -Wall -O0 -g3 -c -fmessage-length=0 -MT"src/main.o" -mcpu=cortex-a9 -mfpu=vfpv3 -mfloat-abi=hard -I../../ER_lenet_SDK_bsp/ps7_cortexa9_0/include -MMD -MP -MF"src/main.d" -MT"src/main.o" -o "src/main.o" "../src/main.c"
'Finished building: ../src/main.c'
' '
'Building target: ER_lenet_SDK.elf'
'Invoking: ARM v7 gcc linker'
arm-none-eabi-gcc -mcpu=cortex-a9 -mfpu=vfpv3 -mfloat-abi=hard -Wl,-build-id=none -specs=Xilinx.spec -Wl,-T -Wl,../src/lscript.ld -L../../ER_lenet_SDK_bsp/ps7_cortexa9_0/lib -o "ER_lenet_SDK.elf"  ./src/main.o ./src/platform.o   -Wl,--start-group,-lxil,-lgcc,-lc,--end-group
'Finished building target: ER_lenet_SDK.elf'
' '
'Invoking: ARM v7 Print Size'
arm-none-eabi-size ER_lenet_SDK.elf  |tee "ER_lenet_SDK.elf.size"
   text	   data	    bss	    dec	    hex	filename
  38336	   4648	  23336	  66320	  10310	ER_lenet_SDK.elf
'Finished building: ER_lenet_SDK.elf.size'
' '
23:02:16 **** Incremental Build of configuration Debug for project ER_lenet_SDK ****
make pre-build main-build 
a9-linaro-pre-build-step
' '
make: Nothing to be done for 'main-build'.
23:06:03 **** Auto Build of configuration Debug for project ER_lenet_SDK ****
make pre-build main-build 
a9-linaro-pre-build-step
' '
'Building file: ../src/main.c'
'Invoking: ARM v7 gcc compiler'
arm-none-eabi-gcc -Wall -O0 -g3 -c -fmessage-length=0 -MT"src/main.o" -mcpu=cortex-a9 -mfpu=vfpv3 -mfloat-abi=hard -I../../ER_lenet_SDK_bsp/ps7_cortexa9_0/include -MMD -MP -MF"src/main.d" -MT"src/main.o" -o "src/main.o" "../src/main.c"
'Finished building: ../src/main.c'
' '
'Building target: ER_lenet_SDK.elf'
'Invoking: ARM v7 gcc linker'
arm-none-eabi-gcc -mcpu=cortex-a9 -mfpu=vfpv3 -mfloat-abi=hard -Wl,-build-id=none -specs=Xilinx.spec -Wl,-T -Wl,../src/lscript.ld -L../../ER_lenet_SDK_bsp/ps7_cortexa9_0/lib -o "ER_lenet_SDK.elf"  ./src/main.o ./src/platform.o   -Wl,--start-group,-lxil,-lgcc,-lc,--end-group
'Finished building target: ER_lenet_SDK.elf'
' '
'Invoking: ARM v7 Print Size'
arm-none-eabi-size ER_lenet_SDK.elf  |tee "ER_lenet_SDK.elf.size"
   text	   data	    bss	    dec	    hex	filename
  38400	   4648	  23336	  66384	  10350	ER_lenet_SDK.elf
'Finished building: ER_lenet_SDK.elf.size'
' '
23:06:10 **** Incremental Build of configuration Debug for project ER_lenet_SDK ****
make pre-build main-build 
a9-linaro-pre-build-step
' '
make: Nothing to be done for 'main-build'.
23:08:44 **** Incremental Build of configuration Debug for project ER_lenet_SDK ****
make pre-build main-build 
a9-linaro-pre-build-step
' '
'Building file: ../src/main.c'
'Invoking: ARM v7 gcc compiler'
arm-none-eabi-gcc -Wall -O0 -g3 -c -fmessage-length=0 -MT"src/main.o" -mcpu=cortex-a9 -mfpu=vfpv3 -mfloat-abi=hard -I../../ER_lenet_SDK_bsp/ps7_cortexa9_0/include -MMD -MP -MF"src/main.d" -MT"src/main.o" -o "src/main.o" "../src/main.c"
../src/main.c: In function 'main':
../src/main.c:220:26: warning: format '%u' expects argument of type 'unsigned int', but argument 2 has type 'uint32_t' {aka 'long unsigned int'} [-Wformat=]
     printf("Start tick: %u\n", start_tick);
                         ~^     ~~~~~~~~~~
                         %lu
../src/main.c:221:24: warning: format '%u' expects argument of type 'unsigned int', but argument 2 has type 'uint32_t' {aka 'long unsigned int'} [-Wformat=]
     printf("End tick: %u\n", end_tick);
                       ~^     ~~~~~~~~
                       %lu
../src/main.c:222:31: warning: format '%u' expects argument of type 'unsigned int', but argument 2 has type 'u32' {aka 'long unsigned int'} [-Wformat=]
     printf("Timer frequency: %u\n", tim.Config.SysClockFreqHz);
                              ~^     ~~~~~~~~~~~~~~~~~~~~~~~~~
                              %lu
'Finished building: ../src/main.c'
' '
'Building target: ER_lenet_SDK.elf'
'Invoking: ARM v7 gcc linker'
arm-none-eabi-gcc -mcpu=cortex-a9 -mfpu=vfpv3 -mfloat-abi=hard -Wl,-build-id=none -specs=Xilinx.spec -Wl,-T -Wl,../src/lscript.ld -L../../ER_lenet_SDK_bsp/ps7_cortexa9_0/lib -o "ER_lenet_SDK.elf"  ./src/main.o ./src/platform.o   -Wl,--start-group,-lxil,-lgcc,-lc,--end-group
'Finished building target: ER_lenet_SDK.elf'
' '
'Invoking: ARM v7 Print Size'
arm-none-eabi-size ER_lenet_SDK.elf  |tee "ER_lenet_SDK.elf.size"
   text	   data	    bss	    dec	    hex	filename
  67184	   5688	  23392	  96264	  17808	ER_lenet_SDK.elf
'Finished building: ER_lenet_SDK.elf.size'
' '
22:44:52 **** Auto Build of configuration Debug for project ER_lenet_SDK ****
make pre-build main-build 
a9-linaro-pre-build-step
' '
'Building file: ../src/main.c'
'Invoking: ARM v7 gcc compiler'
arm-none-eabi-gcc -Wall -O0 -g3 -c -fmessage-length=0 -MT"src/main.o" -mcpu=cortex-a9 -mfpu=vfpv3 -mfloat-abi=hard -I../../ER_lenet_SDK_bsp/ps7_cortexa9_0/include -MMD -MP -MF"src/main.d" -MT"src/main.o" -o "src/main.o" "../src/main.c"
../src/main.c:49:10: fatal error: xil_printf.h: No such file or directory
 #include "xil_printf.h"
          ^~~~~~~~~~~~~~
compilation terminated.
make: *** [src/subdir.mk:26: src/main.o] Error 1
22:45:59 **** Auto Build of project ER_lenet_SDK_bsp ****
make -k all 
"Running Make include in ps7_cortexa9_0/libsrc/ActivateNetwork_v1_0/src"
make -C ps7_cortexa9_0/libsrc/ActivateNetwork_v1_0/src -s include  "SHELL=CMD" "COMPILER=arm-none-eabi-gcc" "ARCHIVER=arm-none-eabi-ar" "COMPILER_FLAGS=  -O2 -c" "EXTRA_COMPILER_FLAGS=-mcpu=cortex-a9 -mfpu=vfpv3 -mfloat-abi=hard -nostartfiles -g -Wall -Wextra"
"Running Make include in ps7_cortexa9_0/libsrc/canps_v3_2/src"
make -C ps7_cortexa9_0/libsrc/canps_v3_2/src -s include  "SHELL=CMD" "COMPILER=arm-none-eabi-gcc" "ARCHIVER=arm-none-eabi-ar" "COMPILER_FLAGS=  -O2 -c" "EXTRA_COMPILER_FLAGS=-mcpu=cortex-a9 -mfpu=vfpv3 -mfloat-abi=hard -nostartfiles -g -Wall -Wextra"
"Running Make include in ps7_cortexa9_0/libsrc/coresightps_dcc_v1_5/src"
make -C ps7_cortexa9_0/libsrc/coresightps_dcc_v1_5/src -s include  "SHELL=CMD" "COMPILER=arm-none-eabi-gcc" "ARCHIVER=arm-none-eabi-ar" "COMPILER_FLAGS=  -O2 -c" "EXTRA_COMPILER_FLAGS=-mcpu=cortex-a9 -mfpu=vfpv3 -mfloat-abi=hard -nostartfiles -g -Wall -Wextra"
"Running Make include in ps7_cortexa9_0/libsrc/cpu_cortexa9_v2_7/src"
make -C ps7_cortexa9_0/libsrc/cpu_cortexa9_v2_7/src -s include  "SHELL=CMD" "COMPILER=arm-none-eabi-gcc" "ARCHIVER=arm-none-eabi-ar" "COMPILER_FLAGS=  -O2 -c" "EXTRA_COMPILER_FLAGS=-mcpu=cortex-a9 -mfpu=vfpv3 -mfloat-abi=hard -nostartfiles -g -Wall -Wextra"
"Running Make include in ps7_cortexa9_0/libsrc/ddrps_v1_0/src"
make -C ps7_cortexa9_0/libsrc/ddrps_v1_0/src -s include  "SHELL=CMD" "COMPILER=arm-none-eabi-gcc" "ARCHIVER=arm-none-eabi-ar" "COMPILER_FLAGS=  -O2 -c" "EXTRA_COMPILER_FLAGS=-mcpu=cortex-a9 -mfpu=vfpv3 -mfloat-abi=hard -nostartfiles -g -Wall -Wextra"
"Running Make include in ps7_cortexa9_0/libsrc/devcfg_v3_5/src"
make -C ps7_cortexa9_0/libsrc/devcfg_v3_5/src -s include  "SHELL=CMD" "COMPILER=arm-none-eabi-gcc" "ARCHIVER=arm-none-eabi-ar" "COMPILER_FLAGS=  -O2 -c" "EXTRA_COMPILER_FLAGS=-mcpu=cortex-a9 -mfpu=vfpv3 -mfloat-abi=hard -nostartfiles -g -Wall -Wextra"
"Running Make include in ps7_cortexa9_0/libsrc/dmaps_v2_4/src"
make -C ps7_cortexa9_0/libsrc/dmaps_v2_4/src -s include  "SHELL=CMD" "COMPILER=arm-none-eabi-gcc" "ARCHIVER=arm-none-eabi-ar" "COMPILER_FLAGS=  -O2 -c" "EXTRA_COMPILER_FLAGS=-mcpu=cortex-a9 -mfpu=vfpv3 -mfloat-abi=hard -nostartfiles -g -Wall -Wextra"
"Running Make include in ps7_cortexa9_0/libsrc/emacps_v3_9/src"
make -C ps7_cortexa9_0/libsrc/emacps_v3_9/src -s include  "SHELL=CMD" "COMPILER=arm-none-eabi-gcc" "ARCHIVER=arm-none-eabi-ar" "COMPILER_FLAGS=  -O2 -c" "EXTRA_COMPILER_FLAGS=-mcpu=cortex-a9 -mfpu=vfpv3 -mfloat-abi=hard -nostartfiles -g -Wall -Wextra"
"Running Make include in ps7_cortexa9_0/libsrc/gpiops_v3_5/src"
make -C ps7_cortexa9_0/libsrc/gpiops_v3_5/src -s include  "SHELL=CMD" "COMPILER=arm-none-eabi-gcc" "ARCHIVER=arm-none-eabi-ar" "COMPILER_FLAGS=  -O2 -c" "EXTRA_COMPILER_FLAGS=-mcpu=cortex-a9 -mfpu=vfpv3 -mfloat-abi=hard -nostartfiles -g -Wall -Wextra"
"Running Make include in ps7_cortexa9_0/libsrc/iicps_v3_9/src"
make -C ps7_cortexa9_0/libsrc/iicps_v3_9/src -s include  "SHELL=CMD" "COMPILER=arm-none-eabi-gcc" "ARCHIVER=arm-none-eabi-ar" "COMPILER_FLAGS=  -O2 -c" "EXTRA_COMPILER_FLAGS=-mcpu=cortex-a9 -mfpu=vfpv3 -mfloat-abi=hard -nostartfiles -g -Wall -Wextra"
"Running Make include in ps7_cortexa9_0/libsrc/qspips_v3_6/src"
make -C ps7_cortexa9_0/libsrc/qspips_v3_6/src -s include  "SHELL=CMD" "COMPILER=arm-none-eabi-gcc" "ARCHIVER=arm-none-eabi-ar" "COMPILER_FLAGS=  -O2 -c" "EXTRA_COMPILER_FLAGS=-mcpu=cortex-a9 -mfpu=vfpv3 -mfloat-abi=hard -nostartfiles -g -Wall -Wextra"
"Running Make include in ps7_cortexa9_0/libsrc/scugic_v4_0/src"
make -C ps7_cortexa9_0/libsrc/scugic_v4_0/src -s include  "SHELL=CMD" "COMPILER=arm-none-eabi-gcc" "ARCHIVER=arm-none-eabi-ar" "COMPILER_FLAGS=  -O2 -c" "EXTRA_COMPILER_FLAGS=-mcpu=cortex-a9 -mfpu=vfpv3 -mfloat-abi=hard -nostartfiles -g -Wall -Wextra"
"Running Make include in ps7_cortexa9_0/libsrc/scutimer_v2_1/src"
make -C ps7_cortexa9_0/libsrc/scutimer_v2_1/src -s include  "SHELL=CMD" "COMPILER=arm-none-eabi-gcc" "ARCHIVER=arm-none-eabi-ar" "COMPILER_FLAGS=  -O2 -c" "EXTRA_COMPILER_FLAGS=-mcpu=cortex-a9 -mfpu=vfpv3 -mfloat-abi=hard -nostartfiles -g -Wall -Wextra"
"Running Make include in ps7_cortexa9_0/libsrc/scuwdt_v2_1/src"
make -C ps7_cortexa9_0/libsrc/scuwdt_v2_1/src -s include  "SHELL=CMD" "COMPILER=arm-none-eabi-gcc" "ARCHIVER=arm-none-eabi-ar" "COMPILER_FLAGS=  -O2 -c" "EXTRA_COMPILER_FLAGS=-mcpu=cortex-a9 -mfpu=vfpv3 -mfloat-abi=hard -nostartfiles -g -Wall -Wextra"
"Running Make include in ps7_cortexa9_0/libsrc/sdps_v3_7/src"
make -C ps7_cortexa9_0/libsrc/sdps_v3_7/src -s include  "SHELL=CMD" "COMPILER=arm-none-eabi-gcc" "ARCHIVER=arm-none-eabi-ar" "COMPILER_FLAGS=  -O2 -c" "EXTRA_COMPILER_FLAGS=-mcpu=cortex-a9 -mfpu=vfpv3 -mfloat-abi=hard -nostartfiles -g -Wall -Wextra"
"Running Make include in ps7_cortexa9_0/libsrc/standalone_v7_0/src"
make -C ps7_cortexa9_0/libsrc/standalone_v7_0/src -s include  "SHELL=CMD" "COMPILER=arm-none-eabi-gcc" "ARCHIVER=arm-none-eabi-ar" "COMPILER_FLAGS=  -O2 -c" "EXTRA_COMPILER_FLAGS=-mcpu=cortex-a9 -mfpu=vfpv3 -mfloat-abi=hard -nostartfiles -g -Wall -Wextra"
"Running Make include in ps7_cortexa9_0/libsrc/tmrctr_v4_5/src"
make -C ps7_cortexa9_0/libsrc/tmrctr_v4_5/src -s include  "SHELL=CMD" "COMPILER=arm-none-eabi-gcc" "ARCHIVER=arm-none-eabi-ar" "COMPILER_FLAGS=  -O2 -c" "EXTRA_COMPILER_FLAGS=-mcpu=cortex-a9 -mfpu=vfpv3 -mfloat-abi=hard -nostartfiles -g -Wall -Wextra"
"Running Make include in ps7_cortexa9_0/libsrc/ttcps_v3_9/src"
make -C ps7_cortexa9_0/libsrc/ttcps_v3_9/src -s include  "SHELL=CMD" "COMPILER=arm-none-eabi-gcc" "ARCHIVER=arm-none-eabi-ar" "COMPILER_FLAGS=  -O2 -c" "EXTRA_COMPILER_FLAGS=-mcpu=cortex-a9 -mfpu=vfpv3 -mfloat-abi=hard -nostartfiles -g -Wall -Wextra"
"Running Make include in ps7_cortexa9_0/libsrc/uartps_v3_7/src"
make -C ps7_cortexa9_0/libsrc/uartps_v3_7/src -s include  "SHELL=CMD" "COMPILER=arm-none-eabi-gcc" "ARCHIVER=arm-none-eabi-ar" "COMPILER_FLAGS=  -O2 -c" "EXTRA_COMPILER_FLAGS=-mcpu=cortex-a9 -mfpu=vfpv3 -mfloat-abi=hard -nostartfiles -g -Wall -Wextra"
"Running Make include in ps7_cortexa9_0/libsrc/usbps_v2_4/src"
make -C ps7_cortexa9_0/libsrc/usbps_v2_4/src -s include  "SHELL=CMD" "COMPILER=arm-none-eabi-gcc" "ARCHIVER=arm-none-eabi-ar" "COMPILER_FLAGS=  -O2 -c" "EXTRA_COMPILER_FLAGS=-mcpu=cortex-a9 -mfpu=vfpv3 -mfloat-abi=hard -nostartfiles -g -Wall -Wextra"
"Running Make include in ps7_cortexa9_0/libsrc/xadcps_v2_3/src"
make -C ps7_cortexa9_0/libsrc/xadcps_v2_3/src -s include  "SHELL=CMD" "COMPILER=arm-none-eabi-gcc" "ARCHIVER=arm-none-eabi-ar" "COMPILER_FLAGS=  -O2 -c" "EXTRA_COMPILER_FLAGS=-mcpu=cortex-a9 -mfpu=vfpv3 -mfloat-abi=hard -nostartfiles -g -Wall -Wextra"
"Running Make libs in ps7_cortexa9_0/libsrc/ActivateNetwork_v1_0/src"
make -C ps7_cortexa9_0/libsrc/ActivateNetwork_v1_0/src -s libs  "SHELL=CMD" "COMPILER=arm-none-eabi-gcc" "ARCHIVER=arm-none-eabi-ar" "COMPILER_FLAGS=  -O2 -c" "EXTRA_COMPILER_FLAGS=-mcpu=cortex-a9 -mfpu=vfpv3 -mfloat-abi=hard -nostartfiles -g -Wall -Wextra"
"Compiling ActivateNetwork"
arm-none-eabi-ar: creating ../../../lib/libxil.a
"Running Make libs in ps7_cortexa9_0/libsrc/canps_v3_2/src"
make -C ps7_cortexa9_0/libsrc/canps_v3_2/src -s libs  "SHELL=CMD" "COMPILER=arm-none-eabi-gcc" "ARCHIVER=arm-none-eabi-ar" "COMPILER_FLAGS=  -O2 -c" "EXTRA_COMPILER_FLAGS=-mcpu=cortex-a9 -mfpu=vfpv3 -mfloat-abi=hard -nostartfiles -g -Wall -Wextra"
"Compiling canps"
"Running Make libs in ps7_cortexa9_0/libsrc/coresightps_dcc_v1_5/src"
make -C ps7_cortexa9_0/libsrc/coresightps_dcc_v1_5/src -s libs  "SHELL=CMD" "COMPILER=arm-none-eabi-gcc" "ARCHIVER=arm-none-eabi-ar" "COMPILER_FLAGS=  -O2 -c" "EXTRA_COMPILER_FLAGS=-mcpu=cortex-a9 -mfpu=vfpv3 -mfloat-abi=hard -nostartfiles -g -Wall -Wextra"
"Compiling coresightps_dcc"
"Running Make libs in ps7_cortexa9_0/libsrc/cpu_cortexa9_v2_7/src"
make -C ps7_cortexa9_0/libsrc/cpu_cortexa9_v2_7/src -s libs  "SHELL=CMD" "COMPILER=arm-none-eabi-gcc" "ARCHIVER=arm-none-eabi-ar" "COMPILER_FLAGS=  -O2 -c" "EXTRA_COMPILER_FLAGS=-mcpu=cortex-a9 -mfpu=vfpv3 -mfloat-abi=hard -nostartfiles -g -Wall -Wextra"
"Compiling cpu_cortexa9"
"Running Make libs in ps7_cortexa9_0/libsrc/ddrps_v1_0/src"
make -C ps7_cortexa9_0/libsrc/ddrps_v1_0/src -s libs  "SHELL=CMD" "COMPILER=arm-none-eabi-gcc" "ARCHIVER=arm-none-eabi-ar" "COMPILER_FLAGS=  -O2 -c" "EXTRA_COMPILER_FLAGS=-mcpu=cortex-a9 -mfpu=vfpv3 -mfloat-abi=hard -nostartfiles -g -Wall -Wextra"
"Compiling ddrps"
"Running Make libs in ps7_cortexa9_0/libsrc/devcfg_v3_5/src"
make -C ps7_cortexa9_0/libsrc/devcfg_v3_5/src -s libs  "SHELL=CMD" "COMPILER=arm-none-eabi-gcc" "ARCHIVER=arm-none-eabi-ar" "COMPILER_FLAGS=  -O2 -c" "EXTRA_COMPILER_FLAGS=-mcpu=cortex-a9 -mfpu=vfpv3 -mfloat-abi=hard -nostartfiles -g -Wall -Wextra"
"Compiling devcfg"
"Running Make libs in ps7_cortexa9_0/libsrc/dmaps_v2_4/src"
make -C ps7_cortexa9_0/libsrc/dmaps_v2_4/src -s libs  "SHELL=CMD" "COMPILER=arm-none-eabi-gcc" "ARCHIVER=arm-none-eabi-ar" "COMPILER_FLAGS=  -O2 -c" "EXTRA_COMPILER_FLAGS=-mcpu=cortex-a9 -mfpu=vfpv3 -mfloat-abi=hard -nostartfiles -g -Wall -Wextra"
"Compiling dmaps"
"Running Make libs in ps7_cortexa9_0/libsrc/emacps_v3_9/src"
make -C ps7_cortexa9_0/libsrc/emacps_v3_9/src -s libs  "SHELL=CMD" "COMPILER=arm-none-eabi-gcc" "ARCHIVER=arm-none-eabi-ar" "COMPILER_FLAGS=  -O2 -c" "EXTRA_COMPILER_FLAGS=-mcpu=cortex-a9 -mfpu=vfpv3 -mfloat-abi=hard -nostartfiles -g -Wall -Wextra"
"Compiling emacps"
"Running Make libs in ps7_cortexa9_0/libsrc/gpiops_v3_5/src"
make -C ps7_cortexa9_0/libsrc/gpiops_v3_5/src -s libs  "SHELL=CMD" "COMPILER=arm-none-eabi-gcc" "ARCHIVER=arm-none-eabi-ar" "COMPILER_FLAGS=  -O2 -c" "EXTRA_COMPILER_FLAGS=-mcpu=cortex-a9 -mfpu=vfpv3 -mfloat-abi=hard -nostartfiles -g -Wall -Wextra"
"Compiling gpiops"
"Running Make libs in ps7_cortexa9_0/libsrc/iicps_v3_9/src"
make -C ps7_cortexa9_0/libsrc/iicps_v3_9/src -s libs  "SHELL=CMD" "COMPILER=arm-none-eabi-gcc" "ARCHIVER=arm-none-eabi-ar" "COMPILER_FLAGS=  -O2 -c" "EXTRA_COMPILER_FLAGS=-mcpu=cortex-a9 -mfpu=vfpv3 -mfloat-abi=hard -nostartfiles -g -Wall -Wextra"
"Compiling iicps"
"Running Make libs in ps7_cortexa9_0/libsrc/qspips_v3_6/src"
make -C ps7_cortexa9_0/libsrc/qspips_v3_6/src -s libs  "SHELL=CMD" "COMPILER=arm-none-eabi-gcc" "ARCHIVER=arm-none-eabi-ar" "COMPILER_FLAGS=  -O2 -c" "EXTRA_COMPILER_FLAGS=-mcpu=cortex-a9 -mfpu=vfpv3 -mfloat-abi=hard -nostartfiles -g -Wall -Wextra"
"Compiling qspips"
"Running Make libs in ps7_cortexa9_0/libsrc/scugic_v4_0/src"
make -C ps7_cortexa9_0/libsrc/scugic_v4_0/src -s libs  "SHELL=CMD" "COMPILER=arm-none-eabi-gcc" "ARCHIVER=arm-none-eabi-ar" "COMPILER_FLAGS=  -O2 -c" "EXTRA_COMPILER_FLAGS=-mcpu=cortex-a9 -mfpu=vfpv3 -mfloat-abi=hard -nostartfiles -g -Wall -Wextra"
"Compiling scugic"
"Running Make libs in ps7_cortexa9_0/libsrc/scutimer_v2_1/src"
make -C ps7_cortexa9_0/libsrc/scutimer_v2_1/src -s libs  "SHELL=CMD" "COMPILER=arm-none-eabi-gcc" "ARCHIVER=arm-none-eabi-ar" "COMPILER_FLAGS=  -O2 -c" "EXTRA_COMPILER_FLAGS=-mcpu=cortex-a9 -mfpu=vfpv3 -mfloat-abi=hard -nostartfiles -g -Wall -Wextra"
"Compiling scutimer"
"Running Make libs in ps7_cortexa9_0/libsrc/scuwdt_v2_1/src"
make -C ps7_cortexa9_0/libsrc/scuwdt_v2_1/src -s libs  "SHELL=CMD" "COMPILER=arm-none-eabi-gcc" "ARCHIVER=arm-none-eabi-ar" "COMPILER_FLAGS=  -O2 -c" "EXTRA_COMPILER_FLAGS=-mcpu=cortex-a9 -mfpu=vfpv3 -mfloat-abi=hard -nostartfiles -g -Wall -Wextra"
"Compiling scuwdt"
"Running Make libs in ps7_cortexa9_0/libsrc/sdps_v3_7/src"
make -C ps7_cortexa9_0/libsrc/sdps_v3_7/src -s libs  "SHELL=CMD" "COMPILER=arm-none-eabi-gcc" "ARCHIVER=arm-none-eabi-ar" "COMPILER_FLAGS=  -O2 -c" "EXTRA_COMPILER_FLAGS=-mcpu=cortex-a9 -mfpu=vfpv3 -mfloat-abi=hard -nostartfiles -g -Wall -Wextra"
"Compiling sdps"
"Running Make libs in ps7_cortexa9_0/libsrc/standalone_v7_0/src"
make -C ps7_cortexa9_0/libsrc/standalone_v7_0/src -s libs  "SHELL=CMD" "COMPILER=arm-none-eabi-gcc" "ARCHIVER=arm-none-eabi-ar" "COMPILER_FLAGS=  -O2 -c" "EXTRA_COMPILER_FLAGS=-mcpu=cortex-a9 -mfpu=vfpv3 -mfloat-abi=hard -nostartfiles -g -Wall -Wextra"
"Compiling standalone"
In file included from usleep.c:56:
xtime_l.h:87:9: note: #pragma message: For the sleep routines, Global timer is being used
 #pragma message ("For the sleep routines, Global timer is being used")
         ^~~~~~~
In file included from xil_sleeptimer.c:51:
xtime_l.h:87:9: note: #pragma message: For the sleep routines, Global timer is being used
 #pragma message ("For the sleep routines, Global timer is being used")
         ^~~~~~~
In file included from xtime_l.c:49:
xtime_l.h:87:9: note: #pragma message: For the sleep routines, Global timer is being used
 #pragma message ("For the sleep routines, Global timer is being used")
         ^~~~~~~
In file included from sleep.c:53:
xtime_l.h:87:9: note: #pragma message: For the sleep routines, Global timer is being used
 #pragma message ("For the sleep routines, Global timer is being used")
         ^~~~~~~
"Running Make libs in ps7_cortexa9_0/libsrc/tmrctr_v4_5/src"
make -C ps7_cortexa9_0/libsrc/tmrctr_v4_5/src -s libs  "SHELL=CMD" "COMPILER=arm-none-eabi-gcc" "ARCHIVER=arm-none-eabi-ar" "COMPILER_FLAGS=  -O2 -c" "EXTRA_COMPILER_FLAGS=-mcpu=cortex-a9 -mfpu=vfpv3 -mfloat-abi=hard -nostartfiles -g -Wall -Wextra"
"Compiling tmrctr"
"Running Make libs in ps7_cortexa9_0/libsrc/ttcps_v3_9/src"
make -C ps7_cortexa9_0/libsrc/ttcps_v3_9/src -s libs  "SHELL=CMD" "COMPILER=arm-none-eabi-gcc" "ARCHIVER=arm-none-eabi-ar" "COMPILER_FLAGS=  -O2 -c" "EXTRA_COMPILER_FLAGS=-mcpu=cortex-a9 -mfpu=vfpv3 -mfloat-abi=hard -nostartfiles -g -Wall -Wextra"
"Compiling ttcps"
"Running Make libs in ps7_cortexa9_0/libsrc/uartps_v3_7/src"
make -C ps7_cortexa9_0/libsrc/uartps_v3_7/src -s libs  "SHELL=CMD" "COMPILER=arm-none-eabi-gcc" "ARCHIVER=arm-none-eabi-ar" "COMPILER_FLAGS=  -O2 -c" "EXTRA_COMPILER_FLAGS=-mcpu=cortex-a9 -mfpu=vfpv3 -mfloat-abi=hard -nostartfiles -g -Wall -Wextra"
"Compiling uartps"
"Running Make libs in ps7_cortexa9_0/libsrc/usbps_v2_4/src"
make -C ps7_cortexa9_0/libsrc/usbps_v2_4/src -s libs  "SHELL=CMD" "COMPILER=arm-none-eabi-gcc" "ARCHIVER=arm-none-eabi-ar" "COMPILER_FLAGS=  -O2 -c" "EXTRA_COMPILER_FLAGS=-mcpu=cortex-a9 -mfpu=vfpv3 -mfloat-abi=hard -nostartfiles -g -Wall -Wextra"
"Compiling usbps"
"Running Make libs in ps7_cortexa9_0/libsrc/xadcps_v2_3/src"
make -C ps7_cortexa9_0/libsrc/xadcps_v2_3/src -s libs  "SHELL=CMD" "COMPILER=arm-none-eabi-gcc" "ARCHIVER=arm-none-eabi-ar" "COMPILER_FLAGS=  -O2 -c" "EXTRA_COMPILER_FLAGS=-mcpu=cortex-a9 -mfpu=vfpv3 -mfloat-abi=hard -nostartfiles -g -Wall -Wextra"
"Compiling xadcps"
'Finished building libraries'
22:47:19 **** Auto Build of configuration Debug for project ER_lenet_SDK ****
make pre-build main-build 
a9-linaro-pre-build-step
' '
'Building file: ../src/main.c'
'Invoking: ARM v7 gcc compiler'
arm-none-eabi-gcc -Wall -O0 -g3 -c -fmessage-length=0 -MT"src/main.o" -mcpu=cortex-a9 -mfpu=vfpv3 -mfloat-abi=hard -I../../ER_lenet_SDK_bsp/ps7_cortexa9_0/include -MMD -MP -MF"src/main.d" -MT"src/main.o" -o "src/main.o" "../src/main.c"
../src/main.c: In function 'main':
../src/main.c:221:26: warning: format '%u' expects argument of type 'unsigned int', but argument 2 has type 'uint32_t' {aka 'long unsigned int'} [-Wformat=]
     printf("Start tick: %u\n", start_tick);
                         ~^     ~~~~~~~~~~
                         %lu
../src/main.c:222:24: warning: format '%u' expects argument of type 'unsigned int', but argument 2 has type 'uint32_t' {aka 'long unsigned int'} [-Wformat=]
     printf("End tick: %u\n", end_tick);
                       ~^     ~~~~~~~~
                       %lu
../src/main.c:223:31: warning: format '%u' expects argument of type 'unsigned int', but argument 2 has type 'u32' {aka 'long unsigned int'} [-Wformat=]
     printf("Timer frequency: %u\n", tim.Config.SysClockFreqHz);
                              ~^     ~~~~~~~~~~~~~~~~~~~~~~~~~
                              %lu
'Finished building: ../src/main.c'
' '
'Building file: ../src/platform.c'
'Invoking: ARM v7 gcc compiler'
arm-none-eabi-gcc -Wall -O0 -g3 -c -fmessage-length=0 -MT"src/platform.o" -mcpu=cortex-a9 -mfpu=vfpv3 -mfloat-abi=hard -I../../ER_lenet_SDK_bsp/ps7_cortexa9_0/include -MMD -MP -MF"src/platform.d" -MT"src/platform.o" -o "src/platform.o" "../src/platform.c"
'Finished building: ../src/platform.c'
' '
'Building target: ER_lenet_SDK.elf'
'Invoking: ARM v7 gcc linker'
arm-none-eabi-gcc -mcpu=cortex-a9 -mfpu=vfpv3 -mfloat-abi=hard -Wl,-build-id=none -specs=Xilinx.spec -Wl,-T -Wl,../src/lscript.ld -L../../ER_lenet_SDK_bsp/ps7_cortexa9_0/lib -o "ER_lenet_SDK.elf"  ./src/main.o ./src/platform.o   -Wl,--start-group,-lxil,-lgcc,-lc,--end-group
'Finished building target: ER_lenet_SDK.elf'
' '
'Invoking: ARM v7 Print Size'
arm-none-eabi-size ER_lenet_SDK.elf  |tee "ER_lenet_SDK.elf.size"
   text	   data	    bss	    dec	    hex	filename
  65584	   5688	  23392	  94664	  171c8	ER_lenet_SDK.elf
'Finished building: ER_lenet_SDK.elf.size'
' '
22:50:19 **** Auto Build of configuration Debug for project ER_lenet_SDK ****
make pre-build main-build 
a9-linaro-pre-build-step
' '
'Building file: ../src/main.c'
'Invoking: ARM v7 gcc compiler'
arm-none-eabi-gcc -Wall -O0 -g3 -c -fmessage-length=0 -MT"src/main.o" -mcpu=cortex-a9 -mfpu=vfpv3 -mfloat-abi=hard -I../../ER_lenet_SDK_bsp/ps7_cortexa9_0/include -MMD -MP -MF"src/main.d" -MT"src/main.o" -o "src/main.o" "../src/main.c"
../src/main.c: In function 'main':
../src/main.c:220:26: warning: format '%u' expects argument of type 'unsigned int', but argument 2 has type 'uint32_t' {aka 'long unsigned int'} [-Wformat=]
     printf("Start tick: %u\n", start_tick);
                         ~^     ~~~~~~~~~~
                         %lu
../src/main.c:221:24: warning: format '%u' expects argument of type 'unsigned int', but argument 2 has type 'uint32_t' {aka 'long unsigned int'} [-Wformat=]
     printf("End tick: %u\n", end_tick);
                       ~^     ~~~~~~~~
                       %lu
../src/main.c:222:31: warning: format '%u' expects argument of type 'unsigned int', but argument 2 has type 'u32' {aka 'long unsigned int'} [-Wformat=]
     printf("Timer frequency: %u\n", tim.Config.SysClockFreqHz);
                              ~^     ~~~~~~~~~~~~~~~~~~~~~~~~~
                              %lu
../src/main.c:218:13: warning: unused variable 'label' [-Wunused-variable]
     uint8_t label = XActivatenetwork_Get_return(&lenet);
             ^~~~~
'Finished building: ../src/main.c'
' '
'Building target: ER_lenet_SDK.elf'
'Invoking: ARM v7 gcc linker'
arm-none-eabi-gcc -mcpu=cortex-a9 -mfpu=vfpv3 -mfloat-abi=hard -Wl,-build-id=none -specs=Xilinx.spec -Wl,-T -Wl,../src/lscript.ld -L../../ER_lenet_SDK_bsp/ps7_cortexa9_0/lib -o "ER_lenet_SDK.elf"  ./src/main.o ./src/platform.o   -Wl,--start-group,-lxil,-lgcc,-lc,--end-group
'Finished building target: ER_lenet_SDK.elf'
' '
'Invoking: ARM v7 Print Size'
arm-none-eabi-size ER_lenet_SDK.elf  |tee "ER_lenet_SDK.elf.size"
   text	   data	    bss	    dec	    hex	filename
  64064	   5688	  23392	  93144	  16bd8	ER_lenet_SDK.elf
'Finished building: ER_lenet_SDK.elf.size'
' '
22:50:53 **** Auto Build of configuration Debug for project ER_lenet_SDK ****
make pre-build main-build 
a9-linaro-pre-build-step
' '
'Building file: ../src/main.c'
'Invoking: ARM v7 gcc compiler'
arm-none-eabi-gcc -Wall -O0 -g3 -c -fmessage-length=0 -MT"src/main.o" -mcpu=cortex-a9 -mfpu=vfpv3 -mfloat-abi=hard -I../../ER_lenet_SDK_bsp/ps7_cortexa9_0/include -MMD -MP -MF"src/main.d" -MT"src/main.o" -o "src/main.o" "../src/main.c"
../src/main.c: In function 'main':
../src/main.c:221:26: warning: format '%u' expects argument of type 'unsigned int', but argument 2 has type 'uint32_t' {aka 'long unsigned int'} [-Wformat=]
     printf("Start tick: %u\n", start_tick);
                         ~^     ~~~~~~~~~~
                         %lu
../src/main.c:222:24: warning: format '%u' expects argument of type 'unsigned int', but argument 2 has type 'uint32_t' {aka 'long unsigned int'} [-Wformat=]
     printf("End tick: %u\n", end_tick);
                       ~^     ~~~~~~~~
                       %lu
../src/main.c:223:31: warning: format '%u' expects argument of type 'unsigned int', but argument 2 has type 'u32' {aka 'long unsigned int'} [-Wformat=]
     printf("Timer frequency: %u\n", tim.Config.SysClockFreqHz);
                              ~^     ~~~~~~~~~~~~~~~~~~~~~~~~~
                              %lu
'Finished building: ../src/main.c'
' '
'Building target: ER_lenet_SDK.elf'
'Invoking: ARM v7 gcc linker'
arm-none-eabi-gcc -mcpu=cortex-a9 -mfpu=vfpv3 -mfloat-abi=hard -Wl,-build-id=none -specs=Xilinx.spec -Wl,-T -Wl,../src/lscript.ld -L../../ER_lenet_SDK_bsp/ps7_cortexa9_0/lib -o "ER_lenet_SDK.elf"  ./src/main.o ./src/platform.o   -Wl,--start-group,-lxil,-lgcc,-lc,--end-group
'Finished building target: ER_lenet_SDK.elf'
' '
'Invoking: ARM v7 Print Size'
arm-none-eabi-size ER_lenet_SDK.elf  |tee "ER_lenet_SDK.elf.size"
   text	   data	    bss	    dec	    hex	filename
  64080	   5688	  23392	  93160	  16be8	ER_lenet_SDK.elf
'Finished building: ER_lenet_SDK.elf.size'
' '
22:51:59 **** Auto Build of configuration Debug for project ER_lenet_SDK ****
make pre-build main-build 
a9-linaro-pre-build-step
' '
'Building file: ../src/main.c'
'Invoking: ARM v7 gcc compiler'
arm-none-eabi-gcc -Wall -O0 -g3 -c -fmessage-length=0 -MT"src/main.o" -mcpu=cortex-a9 -mfpu=vfpv3 -mfloat-abi=hard -I../../ER_lenet_SDK_bsp/ps7_cortexa9_0/include -MMD -MP -MF"src/main.d" -MT"src/main.o" -o "src/main.o" "../src/main.c"
../src/main.c: In function 'main':
../src/main.c:219:5: warning: implicit declaration of function 'XActivatenetwork_Get_output8_V_Depth'; did you mean 'XActivatenetwork_Get_input_image_V_Depth'? [-Wimplicit-function-declaration]
     XActivatenetwork_Get_output8_V_Depth(&lenet);
     ^~~~~~~~~~~~~~~~~~~~~~~~~~~~~~~~~~~~
     XActivatenetwork_Get_input_image_V_Depth
../src/main.c:222:26: warning: format '%u' expects argument of type 'unsigned int', but argument 2 has type 'uint32_t' {aka 'long unsigned int'} [-Wformat=]
     printf("Start tick: %u\n", start_tick);
                         ~^     ~~~~~~~~~~
                         %lu
../src/main.c:223:24: warning: format '%u' expects argument of type 'unsigned int', but argument 2 has type 'uint32_t' {aka 'long unsigned int'} [-Wformat=]
     printf("End tick: %u\n", end_tick);
                       ~^     ~~~~~~~~
                       %lu
../src/main.c:224:31: warning: format '%u' expects argument of type 'unsigned int', but argument 2 has type 'u32' {aka 'long unsigned int'} [-Wformat=]
     printf("Timer frequency: %u\n", tim.Config.SysClockFreqHz);
                              ~^     ~~~~~~~~~~~~~~~~~~~~~~~~~
                              %lu
'Finished building: ../src/main.c'
' '
'Building target: ER_lenet_SDK.elf'
'Invoking: ARM v7 gcc linker'
arm-none-eabi-gcc -mcpu=cortex-a9 -mfpu=vfpv3 -mfloat-abi=hard -Wl,-build-id=none -specs=Xilinx.spec -Wl,-T -Wl,../src/lscript.ld -L../../ER_lenet_SDK_bsp/ps7_cortexa9_0/lib -o "ER_lenet_SDK.elf"  ./src/main.o ./src/platform.o   -Wl,--start-group,-lxil,-lgcc,-lc,--end-group
e:/xilinx/sdk/2019.1/gnu/aarch32/nt/gcc-arm-none-eabi/bin/../lib/gcc/arm-none-eabi/8.2.0/../../../../arm-none-eabi/bin/ld.exe: ./src/main.o: in function `main':
E:\Vivado_Projects\Zynq_lenet\ER_lenet\ER_lenet.sdk\ER_lenet_SDK\Debug/../src/main.c:219: undefined reference to `XActivatenetwork_Get_output8_V_Depth'
collect2.exe: error: ld returned 1 exit status
make: *** [makefile:41: ER_lenet_SDK.elf] Error 1
22:52:34 **** Auto Build of configuration Debug for project ER_lenet_SDK ****
make pre-build main-build 
a9-linaro-pre-build-step
' '
'Building file: ../src/main.c'
'Invoking: ARM v7 gcc compiler'
arm-none-eabi-gcc -Wall -O0 -g3 -c -fmessage-length=0 -MT"src/main.o" -mcpu=cortex-a9 -mfpu=vfpv3 -mfloat-abi=hard -I../../ER_lenet_SDK_bsp/ps7_cortexa9_0/include -MMD -MP -MF"src/main.d" -MT"src/main.o" -o "src/main.o" "../src/main.c"
../src/main.c: In function 'main':
../src/main.c:221:26: warning: format '%u' expects argument of type 'unsigned int', but argument 2 has type 'uint32_t' {aka 'long unsigned int'} [-Wformat=]
     printf("Start tick: %u\n", start_tick);
                         ~^     ~~~~~~~~~~
                         %lu
../src/main.c:222:24: warning: format '%u' expects argument of type 'unsigned int', but argument 2 has type 'uint32_t' {aka 'long unsigned int'} [-Wformat=]
     printf("End tick: %u\n", end_tick);
                       ~^     ~~~~~~~~
                       %lu
../src/main.c:223:31: warning: format '%u' expects argument of type 'unsigned int', but argument 2 has type 'u32' {aka 'long unsigned int'} [-Wformat=]
     printf("Timer frequency: %u\n", tim.Config.SysClockFreqHz);
                              ~^     ~~~~~~~~~~~~~~~~~~~~~~~~~
                              %lu
'Finished building: ../src/main.c'
' '
'Building target: ER_lenet_SDK.elf'
'Invoking: ARM v7 gcc linker'
arm-none-eabi-gcc -mcpu=cortex-a9 -mfpu=vfpv3 -mfloat-abi=hard -Wl,-build-id=none -specs=Xilinx.spec -Wl,-T -Wl,../src/lscript.ld -L../../ER_lenet_SDK_bsp/ps7_cortexa9_0/lib -o "ER_lenet_SDK.elf"  ./src/main.o ./src/platform.o   -Wl,--start-group,-lxil,-lgcc,-lc,--end-group
'Finished building target: ER_lenet_SDK.elf'
' '
'Invoking: ARM v7 Print Size'
arm-none-eabi-size ER_lenet_SDK.elf  |tee "ER_lenet_SDK.elf.size"
   text	   data	    bss	    dec	    hex	filename
  64080	   5688	  23392	  93160	  16be8	ER_lenet_SDK.elf
'Finished building: ER_lenet_SDK.elf.size'
' '
22:52:56 **** Auto Build of configuration Debug for project ER_lenet_SDK ****
make pre-build main-build 
a9-linaro-pre-build-step
' '
'Building file: ../src/main.c'
'Invoking: ARM v7 gcc compiler'
arm-none-eabi-gcc -Wall -O0 -g3 -c -fmessage-length=0 -MT"src/main.o" -mcpu=cortex-a9 -mfpu=vfpv3 -mfloat-abi=hard -I../../ER_lenet_SDK_bsp/ps7_cortexa9_0/include -MMD -MP -MF"src/main.d" -MT"src/main.o" -o "src/main.o" "../src/main.c"
../src/main.c: In function 'main':
../src/main.c:221:26: warning: format '%u' expects argument of type 'unsigned int', but argument 2 has type 'uint32_t' {aka 'long unsigned int'} [-Wformat=]
     printf("Start tick: %u\n", start_tick);
                         ~^     ~~~~~~~~~~
                         %lu
../src/main.c:222:24: warning: format '%u' expects argument of type 'unsigned int', but argument 2 has type 'uint32_t' {aka 'long unsigned int'} [-Wformat=]
     printf("End tick: %u\n", end_tick);
                       ~^     ~~~~~~~~
                       %lu
../src/main.c:223:31: warning: format '%u' expects argument of type 'unsigned int', but argument 2 has type 'u32' {aka 'long unsigned int'} [-Wformat=]
     printf("Timer frequency: %u\n", tim.Config.SysClockFreqHz);
                              ~^     ~~~~~~~~~~~~~~~~~~~~~~~~~
                              %lu
'Finished building: ../src/main.c'
' '
'Building target: ER_lenet_SDK.elf'
'Invoking: ARM v7 gcc linker'
arm-none-eabi-gcc -mcpu=cortex-a9 -mfpu=vfpv3 -mfloat-abi=hard -Wl,-build-id=none -specs=Xilinx.spec -Wl,-T -Wl,../src/lscript.ld -L../../ER_lenet_SDK_bsp/ps7_cortexa9_0/lib -o "ER_lenet_SDK.elf"  ./src/main.o ./src/platform.o   -Wl,--start-group,-lxil,-lgcc,-lc,--end-group
'Finished building target: ER_lenet_SDK.elf'
' '
'Invoking: ARM v7 Print Size'
arm-none-eabi-size ER_lenet_SDK.elf  |tee "ER_lenet_SDK.elf.size"
   text	   data	    bss	    dec	    hex	filename
  64080	   5688	  23392	  93160	  16be8	ER_lenet_SDK.elf
'Finished building: ER_lenet_SDK.elf.size'
' '
19:38:52 **** Incremental Build of configuration Debug for project ER_lenet_SDK ****
make pre-build main-build 
a9-linaro-pre-build-step
' '
make: Nothing to be done for 'main-build'.
19:39:31 **** Incremental Build of configuration Debug for project ER_lenet_SDK ****
make pre-build main-build 
a9-linaro-pre-build-step
' '
make: Nothing to be done for 'main-build'.
19:40:11 **** Incremental Build of configuration Debug for project ER_lenet_SDK ****
make pre-build main-build 
a9-linaro-pre-build-step
' '
make: Nothing to be done for 'main-build'.
19:41:00 **** Incremental Build of configuration Debug for project ER_lenet_SDK ****
make pre-build main-build 
a9-linaro-pre-build-step
' '
make: Nothing to be done for 'main-build'.
19:41:37 **** Incremental Build of configuration Debug for project ER_lenet_SDK ****
make pre-build main-build 
a9-linaro-pre-build-step
' '
make: Nothing to be done for 'main-build'.
19:42:26 **** Auto Build of configuration Debug for project ER_lenet_SDK ****
make pre-build main-build 
a9-linaro-pre-build-step
' '
'Building file: ../src/main.c'
'Invoking: ARM v7 gcc compiler'
arm-none-eabi-gcc -Wall -O0 -g3 -c -fmessage-length=0 -MT"src/main.o" -mcpu=cortex-a9 -mfpu=vfpv3 -mfloat-abi=hard -I../../ER_lenet_SDK_bsp/ps7_cortexa9_0/include -MMD -MP -MF"src/main.d" -MT"src/main.o" -o "src/main.o" "../src/main.c"
../src/main.c: In function 'main':
../src/main.c:221:26: warning: format '%u' expects argument of type 'unsigned int', but argument 2 has type 'uint32_t' {aka 'long unsigned int'} [-Wformat=]
     printf("Start tick: %u\n", start_tick);
                         ~^     ~~~~~~~~~~
                         %lu
../src/main.c:222:24: warning: format '%u' expects argument of type 'unsigned int', but argument 2 has type 'uint32_t' {aka 'long unsigned int'} [-Wformat=]
     printf("End tick: %u\n", end_tick);
                       ~^     ~~~~~~~~
                       %lu
../src/main.c:223:31: warning: format '%u' expects argument of type 'unsigned int', but argument 2 has type 'u32' {aka 'long unsigned int'} [-Wformat=]
     printf("Timer frequency: %u\n", tim.Config.SysClockFreqHz);
                              ~^     ~~~~~~~~~~~~~~~~~~~~~~~~~
                              %lu
'Finished building: ../src/main.c'
' '
'Building target: ER_lenet_SDK.elf'
'Invoking: ARM v7 gcc linker'
arm-none-eabi-gcc -mcpu=cortex-a9 -mfpu=vfpv3 -mfloat-abi=hard -Wl,-build-id=none -specs=Xilinx.spec -Wl,-T -Wl,../src/lscript.ld -L../../ER_lenet_SDK_bsp/ps7_cortexa9_0/lib -o "ER_lenet_SDK.elf"  ./src/main.o ./src/platform.o   -Wl,--start-group,-lxil,-lgcc,-lc,--end-group
'Finished building target: ER_lenet_SDK.elf'
' '
'Invoking: ARM v7 Print Size'
arm-none-eabi-size ER_lenet_SDK.elf  |tee "ER_lenet_SDK.elf.size"
   text	   data	    bss	    dec	    hex	filename
  64080	   5688	  23392	  93160	  16be8	ER_lenet_SDK.elf
'Finished building: ER_lenet_SDK.elf.size'
' '
19:42:33 **** Incremental Build of configuration Debug for project ER_lenet_SDK ****
make pre-build main-build 
a9-linaro-pre-build-step
' '
make: Nothing to be done for 'main-build'.
19:43:10 **** Auto Build of configuration Debug for project ER_lenet_SDK ****
make pre-build main-build 
a9-linaro-pre-build-step
' '
'Building file: ../src/main.c'
'Invoking: ARM v7 gcc compiler'
arm-none-eabi-gcc -Wall -O0 -g3 -c -fmessage-length=0 -MT"src/main.o" -mcpu=cortex-a9 -mfpu=vfpv3 -mfloat-abi=hard -I../../ER_lenet_SDK_bsp/ps7_cortexa9_0/include -MMD -MP -MF"src/main.d" -MT"src/main.o" -o "src/main.o" "../src/main.c"
../src/main.c: In function 'main':
../src/main.c:221:26: warning: format '%u' expects argument of type 'unsigned int', but argument 2 has type 'uint32_t' {aka 'long unsigned int'} [-Wformat=]
     printf("Start tick: %u\n", start_tick);
                         ~^     ~~~~~~~~~~
                         %lu
../src/main.c:222:24: warning: format '%u' expects argument of type 'unsigned int', but argument 2 has type 'uint32_t' {aka 'long unsigned int'} [-Wformat=]
     printf("End tick: %u\n", end_tick);
                       ~^     ~~~~~~~~
                       %lu
../src/main.c:223:31: warning: format '%u' expects argument of type 'unsigned int', but argument 2 has type 'u32' {aka 'long unsigned int'} [-Wformat=]
     printf("Timer frequency: %u\n", tim.Config.SysClockFreqHz);
                              ~^     ~~~~~~~~~~~~~~~~~~~~~~~~~
                              %lu
'Finished building: ../src/main.c'
' '
'Building target: ER_lenet_SDK.elf'
'Invoking: ARM v7 gcc linker'
arm-none-eabi-gcc -mcpu=cortex-a9 -mfpu=vfpv3 -mfloat-abi=hard -Wl,-build-id=none -specs=Xilinx.spec -Wl,-T -Wl,../src/lscript.ld -L../../ER_lenet_SDK_bsp/ps7_cortexa9_0/lib -o "ER_lenet_SDK.elf"  ./src/main.o ./src/platform.o   -Wl,--start-group,-lxil,-lgcc,-lc,--end-group
'Finished building target: ER_lenet_SDK.elf'
' '
'Invoking: ARM v7 Print Size'
arm-none-eabi-size ER_lenet_SDK.elf  |tee "ER_lenet_SDK.elf.size"
   text	   data	    bss	    dec	    hex	filename
  64080	   5688	  23392	  93160	  16be8	ER_lenet_SDK.elf
'Finished building: ER_lenet_SDK.elf.size'
' '
19:43:13 **** Incremental Build of configuration Debug for project ER_lenet_SDK ****
make pre-build main-build 
a9-linaro-pre-build-step
' '
make: Nothing to be done for 'main-build'.
19:46:54 **** Auto Build of configuration Debug for project ER_lenet_SDK ****
make pre-build main-build 
a9-linaro-pre-build-step
' '
'Building file: ../src/main.c'
'Invoking: ARM v7 gcc compiler'
arm-none-eabi-gcc -Wall -O0 -g3 -c -fmessage-length=0 -MT"src/main.o" -mcpu=cortex-a9 -mfpu=vfpv3 -mfloat-abi=hard -I../../ER_lenet_SDK_bsp/ps7_cortexa9_0/include -MMD -MP -MF"src/main.d" -MT"src/main.o" -o "src/main.o" "../src/main.c"
'Finished building: ../src/main.c'
' '
'Building target: ER_lenet_SDK.elf'
'Invoking: ARM v7 gcc linker'
arm-none-eabi-gcc -mcpu=cortex-a9 -mfpu=vfpv3 -mfloat-abi=hard -Wl,-build-id=none -specs=Xilinx.spec -Wl,-T -Wl,../src/lscript.ld -L../../ER_lenet_SDK_bsp/ps7_cortexa9_0/lib -o "ER_lenet_SDK.elf"  ./src/main.o ./src/platform.o   -Wl,--start-group,-lxil,-lgcc,-lc,--end-group
'Finished building target: ER_lenet_SDK.elf'
' '
'Invoking: ARM v7 Print Size'
arm-none-eabi-size ER_lenet_SDK.elf  |tee "ER_lenet_SDK.elf.size"
   text	   data	    bss	    dec	    hex	filename
  63960	   5688	  23392	  93040	  16b70	ER_lenet_SDK.elf
'Finished building: ER_lenet_SDK.elf.size'
' '
20:39:14 **** Auto Build of configuration Debug for project ER_lenet_SDK ****
make pre-build main-build 
a9-linaro-pre-build-step
' '
'Building file: ../src/main.c'
'Invoking: ARM v7 gcc compiler'
arm-none-eabi-gcc -Wall -O0 -g3 -c -fmessage-length=0 -MT"src/main.o" -mcpu=cortex-a9 -mfpu=vfpv3 -mfloat-abi=hard -I../../ER_lenet_SDK_bsp/ps7_cortexa9_0/include -MMD -MP -MF"src/main.d" -MT"src/main.o" -o "src/main.o" "../src/main.c"
../src/main.c:183:1: error: unknown type name 'XUartPs'
 XUartPs uart;
 ^~~~~~~
../src/main.c:184:1: error: unknown type name 'XUartPs_Config'; did you mean 'XTmrCtr_Config'?
 XUartPs_Config *uart_cfg;
 ^~~~~~~~~~~~~~
 XTmrCtr_Config
../src/main.c: In function 'uart_init':
../src/main.c:250:13: warning: implicit declaration of function 'XUartPs_LookupConfig'; did you mean 'XTmrCtr_LookupConfig'? [-Wimplicit-function-declaration]
  uart_cfg = XUartPs_LookupConfig(UART_DEVICE_ID);
             ^~~~~~~~~~~~~~~~~~~~
             XTmrCtr_LookupConfig
../src/main.c:250:11: warning: assignment to 'int *' from 'int' makes pointer from integer without a cast [-Wint-conversion]
  uart_cfg = XUartPs_LookupConfig(UART_DEVICE_ID);
           ^
../src/main.c:253:15: warning: implicit declaration of function 'XUartPs_CfgInitialize'; did you mean 'XTmrCtr_CfgInitialize'? [-Wimplicit-function-declaration]
  int status = XUartPs_CfgInitialize(&uart, uart_cfg, STDIN_BASEADDRESS);
               ^~~~~~~~~~~~~~~~~~~~~
               XTmrCtr_CfgInitialize
make: *** [src/subdir.mk:26: src/main.o] Error 1
20:39:18 **** Incremental Build of configuration Debug for project ER_lenet_SDK ****
make pre-build main-build 
a9-linaro-pre-build-step
' '
'Building file: ../src/main.c'
'Invoking: ARM v7 gcc compiler'
arm-none-eabi-gcc -Wall -O0 -g3 -c -fmessage-length=0 -MT"src/main.o" -mcpu=cortex-a9 -mfpu=vfpv3 -mfloat-abi=hard -I../../ER_lenet_SDK_bsp/ps7_cortexa9_0/include -MMD -MP -MF"src/main.d" -MT"src/main.o" -o "src/main.o" "../src/main.c"
../src/main.c:183:1: error: unknown type name 'XUartPs'
 XUartPs uart;
 ^~~~~~~
../src/main.c:184:1: error: unknown type name 'XUartPs_Config'; did you mean 'XTmrCtr_Config'?
 XUartPs_Config *uart_cfg;
 ^~~~~~~~~~~~~~
 XTmrCtr_Config
../src/main.c: In function 'uart_init':
../src/main.c:250:13: warning: implicit declaration of function 'XUartPs_LookupConfig'; did you mean 'XTmrCtr_LookupConfig'? [-Wimplicit-function-declaration]
  uart_cfg = XUartPs_LookupConfig(UART_DEVICE_ID);
             ^~~~~~~~~~~~~~~~~~~~
             XTmrCtr_LookupConfig
../src/main.c:250:11: warning: assignment to 'int *' from 'int' makes pointer from integer without a cast [-Wint-conversion]
  uart_cfg = XUartPs_LookupConfig(UART_DEVICE_ID);
           ^
../src/main.c:253:15: warning: implicit declaration of function 'XUartPs_CfgInitialize'; did you mean 'XTmrCtr_CfgInitialize'? [-Wimplicit-function-declaration]
  int status = XUartPs_CfgInitialize(&uart, uart_cfg, STDIN_BASEADDRESS);
               ^~~~~~~~~~~~~~~~~~~~~
               XTmrCtr_CfgInitialize
make: *** [src/subdir.mk:26: src/main.o] Error 1
20:42:03 **** Auto Build of configuration Debug for project ER_lenet_SDK ****
make pre-build main-build 
a9-linaro-pre-build-step
' '
'Building file: ../src/main.c'
'Invoking: ARM v7 gcc compiler'
arm-none-eabi-gcc -Wall -O0 -g3 -c -fmessage-length=0 -MT"src/main.o" -mcpu=cortex-a9 -mfpu=vfpv3 -mfloat-abi=hard -I../../ER_lenet_SDK_bsp/ps7_cortexa9_0/include -MMD -MP -MF"src/main.d" -MT"src/main.o" -o "src/main.o" "../src/main.c"
../src/main.c:183:1: error: unknown type name 'XUartPs'
 XUartPs uart;
 ^~~~~~~
../src/main.c:184:1: error: unknown type name 'XUartPs_Config'; did you mean 'XTmrCtr_Config'?
 XUartPs_Config *uart_cfg;
 ^~~~~~~~~~~~~~
 XTmrCtr_Config
../src/main.c: In function 'main':
../src/main.c:235:11: warning: implicit declaration of function 'XUartPs_Recv' [-Wimplicit-function-declaration]
     while(XUartPs_Recv(&uart, rx_buf, 3) != 3);
           ^~~~~~~~~~~~
../src/main.c:236:5: warning: implicit declaration of function 'XUartPs_Send' [-Wimplicit-function-declaration]
     XUartPs_Send(&uart, rx_buf, 3);
     ^~~~~~~~~~~~
../src/main.c: In function 'uart_init':
../src/main.c:253:13: warning: implicit declaration of function 'XUartPs_LookupConfig'; did you mean 'XTmrCtr_LookupConfig'? [-Wimplicit-function-declaration]
  uart_cfg = XUartPs_LookupConfig(UART_DEVICE_ID);
             ^~~~~~~~~~~~~~~~~~~~
             XTmrCtr_LookupConfig
../src/main.c:253:11: warning: assignment to 'int *' from 'int' makes pointer from integer without a cast [-Wint-conversion]
  uart_cfg = XUartPs_LookupConfig(UART_DEVICE_ID);
           ^
../src/main.c:256:15: warning: implicit declaration of function 'XUartPs_CfgInitialize'; did you mean 'XTmrCtr_CfgInitialize'? [-Wimplicit-function-declaration]
  int status = XUartPs_CfgInitialize(&uart, uart_cfg, STDIN_BASEADDRESS);
               ^~~~~~~~~~~~~~~~~~~~~
               XTmrCtr_CfgInitialize
make: *** [src/subdir.mk:26: src/main.o] Error 1
20:42:48 **** Auto Build of configuration Debug for project ER_lenet_SDK ****
make pre-build main-build 
a9-linaro-pre-build-step
' '
'Building file: ../src/main.c'
'Invoking: ARM v7 gcc compiler'
arm-none-eabi-gcc -Wall -O0 -g3 -c -fmessage-length=0 -MT"src/main.o" -mcpu=cortex-a9 -mfpu=vfpv3 -mfloat-abi=hard -I../../ER_lenet_SDK_bsp/ps7_cortexa9_0/include -MMD -MP -MF"src/main.d" -MT"src/main.o" -o "src/main.o" "../src/main.c"
'Finished building: ../src/main.c'
' '
'Building target: ER_lenet_SDK.elf'
'Invoking: ARM v7 gcc linker'
arm-none-eabi-gcc -mcpu=cortex-a9 -mfpu=vfpv3 -mfloat-abi=hard -Wl,-build-id=none -specs=Xilinx.spec -Wl,-T -Wl,../src/lscript.ld -L../../ER_lenet_SDK_bsp/ps7_cortexa9_0/lib -o "ER_lenet_SDK.elf"  ./src/main.o ./src/platform.o   -Wl,--start-group,-lxil,-lgcc,-lc,--end-group
'Finished building target: ER_lenet_SDK.elf'
' '
'Invoking: ARM v7 Print Size'
arm-none-eabi-size ER_lenet_SDK.elf  |tee "ER_lenet_SDK.elf.size"
   text	   data	    bss	    dec	    hex	filename
  65764	   5704	  23472	  94940	  172dc	ER_lenet_SDK.elf
'Finished building: ER_lenet_SDK.elf.size'
' '
20:42:56 **** Incremental Build of configuration Debug for project ER_lenet_SDK ****
make pre-build main-build 
a9-linaro-pre-build-step
' '
make: Nothing to be done for 'main-build'.
20:43:43 **** Incremental Build of configuration Debug for project ER_lenet_SDK ****
make pre-build main-build 
a9-linaro-pre-build-step
' '
make: Nothing to be done for 'main-build'.
20:46:12 **** Auto Build of configuration Debug for project ER_lenet_SDK ****
make pre-build main-build 
a9-linaro-pre-build-step
' '
'Building file: ../src/main.c'
'Invoking: ARM v7 gcc compiler'
arm-none-eabi-gcc -Wall -O0 -g3 -c -fmessage-length=0 -MT"src/main.o" -mcpu=cortex-a9 -mfpu=vfpv3 -mfloat-abi=hard -I../../ER_lenet_SDK_bsp/ps7_cortexa9_0/include -MMD -MP -MF"src/main.d" -MT"src/main.o" -o "src/main.o" "../src/main.c"
'Finished building: ../src/main.c'
' '
'Building target: ER_lenet_SDK.elf'
'Invoking: ARM v7 gcc linker'
arm-none-eabi-gcc -mcpu=cortex-a9 -mfpu=vfpv3 -mfloat-abi=hard -Wl,-build-id=none -specs=Xilinx.spec -Wl,-T -Wl,../src/lscript.ld -L../../ER_lenet_SDK_bsp/ps7_cortexa9_0/lib -o "ER_lenet_SDK.elf"  ./src/main.o ./src/platform.o   -Wl,--start-group,-lxil,-lgcc,-lc,--end-group
'Finished building target: ER_lenet_SDK.elf'
' '
'Invoking: ARM v7 Print Size'
arm-none-eabi-size ER_lenet_SDK.elf  |tee "ER_lenet_SDK.elf.size"
   text	   data	    bss	    dec	    hex	filename
  65764	   5704	  23472	  94940	  172dc	ER_lenet_SDK.elf
'Finished building: ER_lenet_SDK.elf.size'
' '
20:46:16 **** Incremental Build of configuration Debug for project ER_lenet_SDK ****
make pre-build main-build 
a9-linaro-pre-build-step
' '
make: Nothing to be done for 'main-build'.
20:47:44 **** Incremental Build of configuration Debug for project ER_lenet_SDK ****
make pre-build main-build 
a9-linaro-pre-build-step
' '
'Building file: ../src/main.c'
'Invoking: ARM v7 gcc compiler'
arm-none-eabi-gcc -Wall -O0 -g3 -c -fmessage-length=0 -MT"src/main.o" -mcpu=cortex-a9 -mfpu=vfpv3 -mfloat-abi=hard -I../../ER_lenet_SDK_bsp/ps7_cortexa9_0/include -MMD -MP -MF"src/main.d" -MT"src/main.o" -o "src/main.o" "../src/main.c"
../src/main.c: In function 'main':
../src/main.c:239:13: warning: unused variable 'rx_buf' [-Wunused-variable]
     uint8_t rx_buf[3];
             ^~~~~~
'Finished building: ../src/main.c'
' '
'Building target: ER_lenet_SDK.elf'
'Invoking: ARM v7 gcc linker'
arm-none-eabi-gcc -mcpu=cortex-a9 -mfpu=vfpv3 -mfloat-abi=hard -Wl,-build-id=none -specs=Xilinx.spec -Wl,-T -Wl,../src/lscript.ld -L../../ER_lenet_SDK_bsp/ps7_cortexa9_0/lib -o "ER_lenet_SDK.elf"  ./src/main.o ./src/platform.o   -Wl,--start-group,-lxil,-lgcc,-lc,--end-group
'Finished building target: ER_lenet_SDK.elf'
' '
'Invoking: ARM v7 Print Size'
arm-none-eabi-size ER_lenet_SDK.elf  |tee "ER_lenet_SDK.elf.size"
   text	   data	    bss	    dec	    hex	filename
  65700	   5704	  23472	  94876	  1729c	ER_lenet_SDK.elf
'Finished building: ER_lenet_SDK.elf.size'
' '
20:48:32 **** Auto Build of configuration Debug for project ER_lenet_SDK ****
make pre-build main-build 
a9-linaro-pre-build-step
' '
'Building file: ../src/main.c'
'Invoking: ARM v7 gcc compiler'
arm-none-eabi-gcc -Wall -O0 -g3 -c -fmessage-length=0 -MT"src/main.o" -mcpu=cortex-a9 -mfpu=vfpv3 -mfloat-abi=hard -I../../ER_lenet_SDK_bsp/ps7_cortexa9_0/include -MMD -MP -MF"src/main.d" -MT"src/main.o" -o "src/main.o" "../src/main.c"
../src/main.c: In function 'main':
../src/main.c:239:13: warning: unused variable 'rx_buf' [-Wunused-variable]
     uint8_t rx_buf[3];
             ^~~~~~
'Finished building: ../src/main.c'
' '
'Building target: ER_lenet_SDK.elf'
'Invoking: ARM v7 gcc linker'
arm-none-eabi-gcc -mcpu=cortex-a9 -mfpu=vfpv3 -mfloat-abi=hard -Wl,-build-id=none -specs=Xilinx.spec -Wl,-T -Wl,../src/lscript.ld -L../../ER_lenet_SDK_bsp/ps7_cortexa9_0/lib -o "ER_lenet_SDK.elf"  ./src/main.o ./src/platform.o   -Wl,--start-group,-lxil,-lgcc,-lc,--end-group
'Finished building target: ER_lenet_SDK.elf'
' '
'Invoking: ARM v7 Print Size'
arm-none-eabi-size ER_lenet_SDK.elf  |tee "ER_lenet_SDK.elf.size"
   text	   data	    bss	    dec	    hex	filename
  65700	   5704	  23472	  94876	  1729c	ER_lenet_SDK.elf
'Finished building: ER_lenet_SDK.elf.size'
' '
20:48:35 **** Incremental Build of configuration Debug for project ER_lenet_SDK ****
make pre-build main-build 
a9-linaro-pre-build-step
' '
make: Nothing to be done for 'main-build'.
20:52:44 **** Auto Build of configuration Debug for project ER_lenet_SDK ****
make pre-build main-build 
a9-linaro-pre-build-step
' '
'Building file: ../src/main.c'
'Invoking: ARM v7 gcc compiler'
arm-none-eabi-gcc -Wall -O0 -g3 -c -fmessage-length=0 -MT"src/main.o" -mcpu=cortex-a9 -mfpu=vfpv3 -mfloat-abi=hard -I../../ER_lenet_SDK_bsp/ps7_cortexa9_0/include -MMD -MP -MF"src/main.d" -MT"src/main.o" -o "src/main.o" "../src/main.c"
'Finished building: ../src/main.c'
' '
'Building target: ER_lenet_SDK.elf'
'Invoking: ARM v7 gcc linker'
arm-none-eabi-gcc -mcpu=cortex-a9 -mfpu=vfpv3 -mfloat-abi=hard -Wl,-build-id=none -specs=Xilinx.spec -Wl,-T -Wl,../src/lscript.ld -L../../ER_lenet_SDK_bsp/ps7_cortexa9_0/lib -o "ER_lenet_SDK.elf"  ./src/main.o ./src/platform.o   -Wl,--start-group,-lxil,-lgcc,-lc,--end-group
'Finished building target: ER_lenet_SDK.elf'
' '
'Invoking: ARM v7 Print Size'
arm-none-eabi-size ER_lenet_SDK.elf  |tee "ER_lenet_SDK.elf.size"
   text	   data	    bss	    dec	    hex	filename
  65820	   5704	  23472	  94996	  17314	ER_lenet_SDK.elf
'Finished building: ER_lenet_SDK.elf.size'
' '
20:53:18 **** Incremental Build of configuration Debug for project ER_lenet_SDK ****
make pre-build main-build 
a9-linaro-pre-build-step
' '
'Building file: ../src/main.c'
'Invoking: ARM v7 gcc compiler'
arm-none-eabi-gcc -Wall -O0 -g3 -c -fmessage-length=0 -MT"src/main.o" -mcpu=cortex-a9 -mfpu=vfpv3 -mfloat-abi=hard -I../../ER_lenet_SDK_bsp/ps7_cortexa9_0/include -MMD -MP -MF"src/main.d" -MT"src/main.o" -o "src/main.o" "../src/main.c"
'Finished building: ../src/main.c'
' '
'Building target: ER_lenet_SDK.elf'
'Invoking: ARM v7 gcc linker'
arm-none-eabi-gcc -mcpu=cortex-a9 -mfpu=vfpv3 -mfloat-abi=hard -Wl,-build-id=none -specs=Xilinx.spec -Wl,-T -Wl,../src/lscript.ld -L../../ER_lenet_SDK_bsp/ps7_cortexa9_0/lib -o "ER_lenet_SDK.elf"  ./src/main.o ./src/platform.o   -Wl,--start-group,-lxil,-lgcc,-lc,--end-group
'Finished building target: ER_lenet_SDK.elf'
' '
'Invoking: ARM v7 Print Size'
arm-none-eabi-size ER_lenet_SDK.elf  |tee "ER_lenet_SDK.elf.size"
   text	   data	    bss	    dec	    hex	filename
  64080	   5688	  23392	  93160	  16be8	ER_lenet_SDK.elf
'Finished building: ER_lenet_SDK.elf.size'
' '
20:54:57 **** Incremental Build of configuration Debug for project ER_lenet_SDK ****
make pre-build main-build 
a9-linaro-pre-build-step
' '
'Building file: ../src/main.c'
'Invoking: ARM v7 gcc compiler'
arm-none-eabi-gcc -Wall -O0 -g3 -c -fmessage-length=0 -MT"src/main.o" -mcpu=cortex-a9 -mfpu=vfpv3 -mfloat-abi=hard -I../../ER_lenet_SDK_bsp/ps7_cortexa9_0/include -MMD -MP -MF"src/main.d" -MT"src/main.o" -o "src/main.o" "../src/main.c"
'Finished building: ../src/main.c'
' '
'Building target: ER_lenet_SDK.elf'
'Invoking: ARM v7 gcc linker'
arm-none-eabi-gcc -mcpu=cortex-a9 -mfpu=vfpv3 -mfloat-abi=hard -Wl,-build-id=none -specs=Xilinx.spec -Wl,-T -Wl,../src/lscript.ld -L../../ER_lenet_SDK_bsp/ps7_cortexa9_0/lib -o "ER_lenet_SDK.elf"  ./src/main.o ./src/platform.o   -Wl,--start-group,-lxil,-lgcc,-lc,--end-group
'Finished building target: ER_lenet_SDK.elf'
' '
'Invoking: ARM v7 Print Size'
arm-none-eabi-size ER_lenet_SDK.elf  |tee "ER_lenet_SDK.elf.size"
   text	   data	    bss	    dec	    hex	filename
  63952	   5688	  23392	  93032	  16b68	ER_lenet_SDK.elf
'Finished building: ER_lenet_SDK.elf.size'
' '
21:07:20 **** Auto Build of configuration Debug for project ER_lenet_SDK ****
make pre-build main-build 
a9-linaro-pre-build-step
' '
'Building file: ../src/main.c'
'Invoking: ARM v7 gcc compiler'
arm-none-eabi-gcc -Wall -O0 -g3 -c -fmessage-length=0 -MT"src/main.o" -mcpu=cortex-a9 -mfpu=vfpv3 -mfloat-abi=hard -I../../ER_lenet_SDK_bsp/ps7_cortexa9_0/include -MMD -MP -MF"src/main.d" -MT"src/main.o" -o "src/main.o" "../src/main.c"
../src/main.c: In function 'receive_image':
../src/main.c:261:17: error: 'START_CHAR' undeclared (first use in this function)
   if(byte_in == START_CHAR) start_detected = 1;
                 ^~~~~~~~~~
../src/main.c:261:17: note: each undeclared identifier is reported only once for each function it appears in
../src/main.c:263:40: error: 'SEPARATION_CHAR' undeclared (first use in this function)
   if(start_detected == 1 && byte_in != SEPARATION_CHAR && byte_in != END_CHAR){
                                        ^~~~~~~~~~~~~~~
../src/main.c:263:70: error: 'END_CHAR' undeclared (first use in this function); did you mean 'FD_CLR'?
   if(start_detected == 1 && byte_in != SEPARATION_CHAR && byte_in != END_CHAR){
                                                                      ^~~~~~~~
                                                                      FD_CLR
../src/main.c:268:35: error: expected ';' before '}' token
     img_buf[pixel_cnt++] = byte_in
                                   ^
                                   ;
    }
    ~                               
make: *** [src/subdir.mk:26: src/main.o] Error 1
21:07:28 **** Auto Build of configuration Debug for project ER_lenet_SDK ****
make pre-build main-build 
a9-linaro-pre-build-step
' '
'Building file: ../src/main.c'
'Invoking: ARM v7 gcc compiler'
arm-none-eabi-gcc -Wall -O0 -g3 -c -fmessage-length=0 -MT"src/main.o" -mcpu=cortex-a9 -mfpu=vfpv3 -mfloat-abi=hard -I../../ER_lenet_SDK_bsp/ps7_cortexa9_0/include -MMD -MP -MF"src/main.d" -MT"src/main.o" -o "src/main.o" "../src/main.c"
../src/main.c: In function 'receive_image':
../src/main.c:261:17: error: 'START_CHAR' undeclared (first use in this function)
   if(byte_in == START_CHAR) start_detected = 1;
                 ^~~~~~~~~~
../src/main.c:261:17: note: each undeclared identifier is reported only once for each function it appears in
../src/main.c:263:40: error: 'SEPARATION_CHAR' undeclared (first use in this function)
   if(start_detected == 1 && byte_in != SEPARATION_CHAR && byte_in != END_CHAR){
                                        ^~~~~~~~~~~~~~~
../src/main.c:263:70: error: 'END_CHAR' undeclared (first use in this function); did you mean 'FD_CLR'?
   if(start_detected == 1 && byte_in != SEPARATION_CHAR && byte_in != END_CHAR){
                                                                      ^~~~~~~~
                                                                      FD_CLR
../src/main.c:268:35: error: expected ';' before '}' token
     img_buf[pixel_cnt++] = byte_in
                                   ^
                                   ;
    }
    ~                               
make: *** [src/subdir.mk:26: src/main.o] Error 1
21:09:04 **** Auto Build of configuration Debug for project ER_lenet_SDK ****
make pre-build main-build 
a9-linaro-pre-build-step
' '
'Building file: ../src/main.c'
'Invoking: ARM v7 gcc compiler'
arm-none-eabi-gcc -Wall -O0 -g3 -c -fmessage-length=0 -MT"src/main.o" -mcpu=cortex-a9 -mfpu=vfpv3 -mfloat-abi=hard -I../../ER_lenet_SDK_bsp/ps7_cortexa9_0/include -MMD -MP -MF"src/main.d" -MT"src/main.o" -o "src/main.o" "../src/main.c"
../src/main.c: In function 'receive_image':
../src/main.c:275:35: error: expected ';' before '}' token
     img_buf[pixel_cnt++] = byte_in
                                   ^
                                   ;
    }
    ~                               
make: *** [src/subdir.mk:26: src/main.o] Error 1
21:12:25 **** Auto Build of configuration Debug for project ER_lenet_SDK ****
make pre-build main-build 
a9-linaro-pre-build-step
' '
'Building file: ../src/main.c'
'Invoking: ARM v7 gcc compiler'
arm-none-eabi-gcc -Wall -O0 -g3 -c -fmessage-length=0 -MT"src/main.o" -mcpu=cortex-a9 -mfpu=vfpv3 -mfloat-abi=hard -I../../ER_lenet_SDK_bsp/ps7_cortexa9_0/include -MMD -MP -MF"src/main.d" -MT"src/main.o" -o "src/main.o" "../src/main.c"
'Finished building: ../src/main.c'
' '
'Building target: ER_lenet_SDK.elf'
'Invoking: ARM v7 gcc linker'
arm-none-eabi-gcc -mcpu=cortex-a9 -mfpu=vfpv3 -mfloat-abi=hard -Wl,-build-id=none -specs=Xilinx.spec -Wl,-T -Wl,../src/lscript.ld -L../../ER_lenet_SDK_bsp/ps7_cortexa9_0/lib -o "ER_lenet_SDK.elf"  ./src/main.o ./src/platform.o   -Wl,--start-group,-lxil,-lgcc,-lc,--end-group
'Finished building target: ER_lenet_SDK.elf'
' '
'Invoking: ARM v7 Print Size'
arm-none-eabi-size ER_lenet_SDK.elf  |tee "ER_lenet_SDK.elf.size"
   text	   data	    bss	    dec	    hex	filename
  64208	   5688	  23392	  93288	  16c68	ER_lenet_SDK.elf
'Finished building: ER_lenet_SDK.elf.size'
' '
21:12:54 **** Auto Build of configuration Debug for project ER_lenet_SDK ****
make pre-build main-build 
a9-linaro-pre-build-step
' '
'Building file: ../src/main.c'
'Invoking: ARM v7 gcc compiler'
arm-none-eabi-gcc -Wall -O0 -g3 -c -fmessage-length=0 -MT"src/main.o" -mcpu=cortex-a9 -mfpu=vfpv3 -mfloat-abi=hard -I../../ER_lenet_SDK_bsp/ps7_cortexa9_0/include -MMD -MP -MF"src/main.d" -MT"src/main.o" -o "src/main.o" "../src/main.c"
'Finished building: ../src/main.c'
' '
'Building target: ER_lenet_SDK.elf'
'Invoking: ARM v7 gcc linker'
arm-none-eabi-gcc -mcpu=cortex-a9 -mfpu=vfpv3 -mfloat-abi=hard -Wl,-build-id=none -specs=Xilinx.spec -Wl,-T -Wl,../src/lscript.ld -L../../ER_lenet_SDK_bsp/ps7_cortexa9_0/lib -o "ER_lenet_SDK.elf"  ./src/main.o ./src/platform.o   -Wl,--start-group,-lxil,-lgcc,-lc,--end-group
'Finished building target: ER_lenet_SDK.elf'
' '
'Invoking: ARM v7 Print Size'
arm-none-eabi-size ER_lenet_SDK.elf  |tee "ER_lenet_SDK.elf.size"
   text	   data	    bss	    dec	    hex	filename
  64208	   5688	  23392	  93288	  16c68	ER_lenet_SDK.elf
'Finished building: ER_lenet_SDK.elf.size'
' '
21:28:38 **** Auto Build of configuration Debug for project ER_lenet_SDK ****
make pre-build main-build 
a9-linaro-pre-build-step
' '
'Building file: ../src/main.c'
'Invoking: ARM v7 gcc compiler'
arm-none-eabi-gcc -Wall -O0 -g3 -c -fmessage-length=0 -MT"src/main.o" -mcpu=cortex-a9 -mfpu=vfpv3 -mfloat-abi=hard -I../../ER_lenet_SDK_bsp/ps7_cortexa9_0/include -MMD -MP -MF"src/main.d" -MT"src/main.o" -o "src/main.o" "../src/main.c"
../src/main.c: In function 'receive_image':
../src/main.c:272:17: error: 'START_CHAR' undeclared (first use in this function); did you mean 'END_CHAR'?
   if(byte_in == START_CHAR) start_detected = 1;
                 ^~~~~~~~~~
                 END_CHAR
../src/main.c:272:17: note: each undeclared identifier is reported only once for each function it appears in
make: *** [src/subdir.mk:26: src/main.o] Error 1
00:23:03 **** Auto Build of configuration Debug for project ER_lenet_SDK ****
make pre-build main-build 
a9-linaro-pre-build-step
' '
'Building file: ../src/main.c'
'Invoking: ARM v7 gcc compiler'
arm-none-eabi-gcc -Wall -O0 -g3 -c -fmessage-length=0 -MT"src/main.o" -mcpu=cortex-a9 -mfpu=vfpv3 -mfloat-abi=hard -I../../ER_lenet_SDK_bsp/ps7_cortexa9_0/include -MMD -MP -MF"src/main.d" -MT"src/main.o" -o "src/main.o" "../src/main.c"
../src/main.c: In function 'receive_image':
../src/main.c:273:17: error: 'START_CHAR' undeclared (first use in this function); did you mean 'ACK_CHAR'?
   if(byte_in == START_CHAR) start_detected = 1;
                 ^~~~~~~~~~
                 ACK_CHAR
../src/main.c:273:17: note: each undeclared identifier is reported only once for each function it appears in
../src/main.c:284:41: error: 'RESPONSE_CHAR' undeclared (first use in this function); did you mean 'END_CHAR'?
    XUartPs_SendByte(STDOUT_BASEADDRESS, RESPONSE_CHAR);
                                         ^~~~~~~~~~~~~
                                         END_CHAR
make: *** [src/subdir.mk:26: src/main.o] Error 1
00:23:33 **** Auto Build of configuration Debug for project ER_lenet_SDK ****
make pre-build main-build 
a9-linaro-pre-build-step
' '
'Building file: ../src/main.c'
'Invoking: ARM v7 gcc compiler'
arm-none-eabi-gcc -Wall -O0 -g3 -c -fmessage-length=0 -MT"src/main.o" -mcpu=cortex-a9 -mfpu=vfpv3 -mfloat-abi=hard -I../../ER_lenet_SDK_bsp/ps7_cortexa9_0/include -MMD -MP -MF"src/main.d" -MT"src/main.o" -o "src/main.o" "../src/main.c"
../src/main.c: In function 'receive_image':
../src/main.c:284:41: error: 'RESPONSE_CHAR' undeclared (first use in this function); did you mean 'END_CHAR'?
    XUartPs_SendByte(STDOUT_BASEADDRESS, RESPONSE_CHAR);
                                         ^~~~~~~~~~~~~
                                         END_CHAR
../src/main.c:284:41: note: each undeclared identifier is reported only once for each function it appears in
make: *** [src/subdir.mk:26: src/main.o] Error 1
00:26:17 **** Auto Build of configuration Debug for project ER_lenet_SDK ****
make pre-build main-build 
a9-linaro-pre-build-step
' '
'Building file: ../src/main.c'
'Invoking: ARM v7 gcc compiler'
arm-none-eabi-gcc -Wall -O0 -g3 -c -fmessage-length=0 -MT"src/main.o" -mcpu=cortex-a9 -mfpu=vfpv3 -mfloat-abi=hard -I../../ER_lenet_SDK_bsp/ps7_cortexa9_0/include -MMD -MP -MF"src/main.d" -MT"src/main.o" -o "src/main.o" "../src/main.c"
../src/main.c: In function 'image_respond':
../src/main.c:290:25: error: expected '=', ',', ';', 'asm' or '__attribute__' before '{' token
 uint32_t tim_start(void){
                         ^
../src/main.c:298:24: error: expected '=', ',', ';', 'asm' or '__attribute__' before '{' token
 uint32_t tim_stop(void){
                        ^
../src/main.c:304:72: error: expected '=', ',', ';', 'asm' or '__attribute__' before '{' token
 double tim_elapsed_time_seconds(uint32_t start_tick, uint32_t end_tick){
                                                                        ^
../src/main.c:307: error: expected '{' at end of input
 }
 
make: *** [src/subdir.mk:26: src/main.o] Error 1
[...]
'Building target: ER_lenet_SDK.elf'
'Invoking: ARM v7 gcc linker'
arm-none-eabi-gcc -mcpu=cortex-a9 -mfpu=vfpv3 -mfloat-abi=hard -Wl,-build-id=none -specs=Xilinx.spec -Wl,-T -Wl,../src/lscript.ld -L../../ER_lenet_SDK_bsp/ps7_cortexa9_0/lib -o "ER_lenet_SDK.elf"  ./src/main.o ./src/platform.o   -Wl,--start-group,-lxil,-lgcc,-lc,--end-group
'Finished building target: ER_lenet_SDK.elf'
' '
'Invoking: ARM v7 Print Size'
arm-none-eabi-size ER_lenet_SDK.elf  |tee "ER_lenet_SDK.elf.size"
   text	   data	    bss	    dec	    hex	filename
  64760	   5688	  34672	 105120	  19aa0	ER_lenet_SDK.elf
'Finished building: ER_lenet_SDK.elf.size'
' '
21:35:00 **** Incremental Build of configuration Debug for project ER_lenet_SDK ****
make pre-build main-build 
a9-linaro-pre-build-step
' '
'Building file: ../src/main.c'
'Invoking: ARM v7 gcc compiler'
arm-none-eabi-gcc -Wall -O0 -g3 -c -fmessage-length=0 -MT"src/main.o" -mcpu=cortex-a9 -mfpu=vfpv3 -mfloat-abi=hard -I../../ER_lenet_SDK_bsp/ps7_cortexa9_0/include -MMD -MP -MF"src/main.d" -MT"src/main.o" -o "src/main.o" "../src/main.c"
../src/main.c: In function 'image_parse':
../src/main.c:351:20: warning: unused variable 'mpla' [-Wunused-variable]
   volatile uint8_t mpla = 1;
                    ^~~~
'Finished building: ../src/main.c'
' '
'Building target: ER_lenet_SDK.elf'
'Invoking: ARM v7 gcc linker'
arm-none-eabi-gcc -mcpu=cortex-a9 -mfpu=vfpv3 -mfloat-abi=hard -Wl,-build-id=none -specs=Xilinx.spec -Wl,-T -Wl,../src/lscript.ld -L../../ER_lenet_SDK_bsp/ps7_cortexa9_0/lib -o "ER_lenet_SDK.elf"  ./src/main.o ./src/platform.o   -Wl,--start-group,-lxil,-lgcc,-lc,--end-group
'Finished building target: ER_lenet_SDK.elf'
' '
'Invoking: ARM v7 Print Size'
arm-none-eabi-size ER_lenet_SDK.elf  |tee "ER_lenet_SDK.elf.size"
   text	   data	    bss	    dec	    hex	filename
  64760	   5688	  34672	 105120	  19aa0	ER_lenet_SDK.elf
'Finished building: ER_lenet_SDK.elf.size'
' '
21:39:02 **** Incremental Build of configuration Debug for project ER_lenet_SDK ****
make pre-build main-build 
a9-linaro-pre-build-step
' '
'Building file: ../src/main.c'
'Invoking: ARM v7 gcc compiler'
arm-none-eabi-gcc -Wall -O0 -g3 -c -fmessage-length=0 -MT"src/main.o" -mcpu=cortex-a9 -mfpu=vfpv3 -mfloat-abi=hard -I../../ER_lenet_SDK_bsp/ps7_cortexa9_0/include -MMD -MP -MF"src/main.d" -MT"src/main.o" -o "src/main.o" "../src/main.c"
../src/main.c: In function 'image_parse':
../src/main.c:351:20: warning: unused variable 'mpla' [-Wunused-variable]
   volatile uint8_t mpla = 1;
                    ^~~~
'Finished building: ../src/main.c'
' '
'Building target: ER_lenet_SDK.elf'
'Invoking: ARM v7 gcc linker'
arm-none-eabi-gcc -mcpu=cortex-a9 -mfpu=vfpv3 -mfloat-abi=hard -Wl,-build-id=none -specs=Xilinx.spec -Wl,-T -Wl,../src/lscript.ld -L../../ER_lenet_SDK_bsp/ps7_cortexa9_0/lib -o "ER_lenet_SDK.elf"  ./src/main.o ./src/platform.o   -Wl,--start-group,-lxil,-lgcc,-lc,--end-group
'Finished building target: ER_lenet_SDK.elf'
' '
'Invoking: ARM v7 Print Size'
arm-none-eabi-size ER_lenet_SDK.elf  |tee "ER_lenet_SDK.elf.size"
   text	   data	    bss	    dec	    hex	filename
  64760	   5688	  34672	 105120	  19aa0	ER_lenet_SDK.elf
'Finished building: ER_lenet_SDK.elf.size'
' '
21:40:10 **** Incremental Build of configuration Debug for project ER_lenet_SDK ****
make pre-build main-build 
a9-linaro-pre-build-step
' '
make: Nothing to be done for 'main-build'.
21:47:30 **** Auto Build of configuration Debug for project ER_lenet_SDK ****
make pre-build main-build 
a9-linaro-pre-build-step
' '
'Building file: ../src/main.c'
'Invoking: ARM v7 gcc compiler'
arm-none-eabi-gcc -Wall -O0 -g3 -c -fmessage-length=0 -MT"src/main.o" -mcpu=cortex-a9 -mfpu=vfpv3 -mfloat-abi=hard -I../../ER_lenet_SDK_bsp/ps7_cortexa9_0/include -MMD -MP -MF"src/main.d" -MT"src/main.o" -o "src/main.o" "../src/main.c"
'Finished building: ../src/main.c'
' '
'Building target: ER_lenet_SDK.elf'
'Invoking: ARM v7 gcc linker'
arm-none-eabi-gcc -mcpu=cortex-a9 -mfpu=vfpv3 -mfloat-abi=hard -Wl,-build-id=none -specs=Xilinx.spec -Wl,-T -Wl,../src/lscript.ld -L../../ER_lenet_SDK_bsp/ps7_cortexa9_0/lib -o "ER_lenet_SDK.elf"  ./src/main.o ./src/platform.o   -Wl,--start-group,-lxil,-lgcc,-lc,--end-group
'Finished building target: ER_lenet_SDK.elf'
' '
'Invoking: ARM v7 Print Size'
arm-none-eabi-size ER_lenet_SDK.elf  |tee "ER_lenet_SDK.elf.size"
   text	   data	    bss	    dec	    hex	filename
  64696	   5688	  34672	 105056	  19a60	ER_lenet_SDK.elf
'Finished building: ER_lenet_SDK.elf.size'
' '
21:47:34 **** Incremental Build of configuration Debug for project ER_lenet_SDK ****
make pre-build main-build 
a9-linaro-pre-build-step
' '
make: Nothing to be done for 'main-build'.
21:53:53 **** Incremental Build of configuration Debug for project ER_lenet_SDK ****
make pre-build main-build 
a9-linaro-pre-build-step
' '
make: Nothing to be done for 'main-build'.
21:57:05 **** Incremental Build of configuration Debug for project ER_lenet_SDK ****
make pre-build main-build 
a9-linaro-pre-build-step
' '
make: Nothing to be done for 'main-build'.
21:59:30 **** Incremental Build of configuration Debug for project ER_lenet_SDK ****
make pre-build main-build 
a9-linaro-pre-build-step
' '
make: Nothing to be done for 'main-build'.
22:01:40 **** Incremental Build of configuration Debug for project ER_lenet_SDK ****
make pre-build main-build 
a9-linaro-pre-build-step
' '
make: Nothing to be done for 'main-build'.
22:09:54 **** Auto Build of configuration Debug for project ER_lenet_SDK ****
make pre-build main-build 
a9-linaro-pre-build-step
' '
'Building file: ../src/main.c'
'Invoking: ARM v7 gcc compiler'
arm-none-eabi-gcc -Wall -O0 -g3 -c -fmessage-length=0 -MT"src/main.o" -mcpu=cortex-a9 -mfpu=vfpv3 -mfloat-abi=hard -I../../ER_lenet_SDK_bsp/ps7_cortexa9_0/include -MMD -MP -MF"src/main.d" -MT"src/main.o" -o "src/main.o" "../src/main.c"
'Finished building: ../src/main.c'
' '
'Building target: ER_lenet_SDK.elf'
'Invoking: ARM v7 gcc linker'
arm-none-eabi-gcc -mcpu=cortex-a9 -mfpu=vfpv3 -mfloat-abi=hard -Wl,-build-id=none -specs=Xilinx.spec -Wl,-T -Wl,../src/lscript.ld -L../../ER_lenet_SDK_bsp/ps7_cortexa9_0/lib -o "ER_lenet_SDK.elf"  ./src/main.o ./src/platform.o   -Wl,--start-group,-lxil,-lgcc,-lc,--end-group
'Finished building target: ER_lenet_SDK.elf'
' '
'Invoking: ARM v7 Print Size'
arm-none-eabi-size ER_lenet_SDK.elf  |tee "ER_lenet_SDK.elf.size"
   text	   data	    bss	    dec	    hex	filename
  64696	   5688	  34672	 105056	  19a60	ER_lenet_SDK.elf
'Finished building: ER_lenet_SDK.elf.size'
' '
22:16:43 **** Auto Build of configuration Debug for project ER_lenet_SDK ****
make pre-build main-build 
a9-linaro-pre-build-step
' '
'Building file: ../src/main.c'
'Invoking: ARM v7 gcc compiler'
arm-none-eabi-gcc -Wall -O0 -g3 -c -fmessage-length=0 -MT"src/main.o" -mcpu=cortex-a9 -mfpu=vfpv3 -mfloat-abi=hard -I../../ER_lenet_SDK_bsp/ps7_cortexa9_0/include -MMD -MP -MF"src/main.d" -MT"src/main.o" -o "src/main.o" "../src/main.c"
../src/main.c: In function 'image_parse':
../src/main.c:334:19: error: 'LONG_MIN' undeclared (first use in this function)
  if(true_label == LONG_MIN && errno == ERANGE){
                   ^~~~~~~~
../src/main.c:334:19: note: 'LONG_MIN' is defined in header '<limits.h>'; did you forget to '#include <limits.h>'?
../src/main.c:63:1:
+#include <limits.h>
 
../src/main.c:334:19:
  if(true_label == LONG_MIN && errno == ERANGE){
                   ^~~~~~~~
../src/main.c:334:19: note: each undeclared identifier is reported only once for each function it appears in
../src/main.c:335:20: warning: unused variable 'mpla' [-Wunused-variable]
   volatile uint8_t mpla = 1;
                    ^~~~
make: *** [src/subdir.mk:26: src/main.o] Error 1
22:17:49 **** Auto Build of configuration Debug for project ER_lenet_SDK ****
make pre-build main-build 
a9-linaro-pre-build-step
' '
'Building file: ../src/main.c'
'Invoking: ARM v7 gcc compiler'
arm-none-eabi-gcc -Wall -O0 -g3 -c -fmessage-length=0 -MT"src/main.o" -mcpu=cortex-a9 -mfpu=vfpv3 -mfloat-abi=hard -I../../ER_lenet_SDK_bsp/ps7_cortexa9_0/include -MMD -MP -MF"src/main.d" -MT"src/main.o" -o "src/main.o" "../src/main.c"
../src/main.c: In function 'image_parse':
../src/main.c:335:20: warning: unused variable 'mpla' [-Wunused-variable]
   volatile uint8_t mpla = 1;
                    ^~~~
../src/main.c:353:22: warning: unused variable 'mpla' [-Wunused-variable]
     volatile uint8_t mpla = 1;
                      ^~~~
'Finished building: ../src/main.c'
' '
'Building target: ER_lenet_SDK.elf'
'Invoking: ARM v7 gcc linker'
arm-none-eabi-gcc -mcpu=cortex-a9 -mfpu=vfpv3 -mfloat-abi=hard -Wl,-build-id=none -specs=Xilinx.spec -Wl,-T -Wl,../src/lscript.ld -L../../ER_lenet_SDK_bsp/ps7_cortexa9_0/lib -o "ER_lenet_SDK.elf"  ./src/main.o ./src/platform.o   -Wl,--start-group,-lxil,-lgcc,-lc,--end-group
'Finished building target: ER_lenet_SDK.elf'
' '
'Invoking: ARM v7 Print Size'
arm-none-eabi-size ER_lenet_SDK.elf  |tee "ER_lenet_SDK.elf.size"
   text	   data	    bss	    dec	    hex	filename
  64808	   5688	  34672	 105168	  19ad0	ER_lenet_SDK.elf
'Finished building: ER_lenet_SDK.elf.size'
' '
22:17:55 **** Incremental Build of configuration Debug for project ER_lenet_SDK ****
make pre-build main-build 
a9-linaro-pre-build-step
' '
make: Nothing to be done for 'main-build'.
22:20:39 **** Auto Build of configuration Debug for project ER_lenet_SDK ****
make pre-build main-build 
a9-linaro-pre-build-step
' '
'Building file: ../src/main.c'
'Invoking: ARM v7 gcc compiler'
arm-none-eabi-gcc -Wall -O0 -g3 -c -fmessage-length=0 -MT"src/main.o" -mcpu=cortex-a9 -mfpu=vfpv3 -mfloat-abi=hard -I../../ER_lenet_SDK_bsp/ps7_cortexa9_0/include -MMD -MP -MF"src/main.d" -MT"src/main.o" -o "src/main.o" "../src/main.c"
../src/main.c: In function 'image_parse':
../src/main.c:334:20: warning: unused variable 'mpla' [-Wunused-variable]
   volatile uint8_t mpla = 1;
                    ^~~~
../src/main.c:351:7: error: 'errno' undeclared (first use in this function)
    if(errno == ERANGE){
       ^~~~~
../src/main.c:351:7: note: 'errno' is defined in header '<errno.h>'; did you forget to '#include <errno.h>'?
../src/main.c:62:1:
+#include <errno.h>
 
../src/main.c:351:7:
    if(errno == ERANGE){
       ^~~~~
../src/main.c:351:7: note: each undeclared identifier is reported only once for each function it appears in
../src/main.c:351:16: error: 'ERANGE' undeclared (first use in this function)
    if(errno == ERANGE){
                ^~~~~~
../src/main.c:352:22: warning: unused variable 'mpla' [-Wunused-variable]
     volatile uint8_t mpla = 1;
                      ^~~~
make: *** [src/subdir.mk:26: src/main.o] Error 1
22:21:32 **** Auto Build of configuration Debug for project ER_lenet_SDK ****
make pre-build main-build 
a9-linaro-pre-build-step
' '
'Building file: ../src/main.c'
'Invoking: ARM v7 gcc compiler'
arm-none-eabi-gcc -Wall -O0 -g3 -c -fmessage-length=0 -MT"src/main.o" -mcpu=cortex-a9 -mfpu=vfpv3 -mfloat-abi=hard -I../../ER_lenet_SDK_bsp/ps7_cortexa9_0/include -MMD -MP -MF"src/main.d" -MT"src/main.o" -o "src/main.o" "../src/main.c"
../src/main.c: In function 'image_parse':
../src/main.c:334:20: warning: unused variable 'mpla' [-Wunused-variable]
   volatile uint8_t mpla = 1;
                    ^~~~
../src/main.c:352:22: warning: unused variable 'mpla' [-Wunused-variable]
     volatile uint8_t mpla = 1;
                      ^~~~
'Finished building: ../src/main.c'
' '
'Building target: ER_lenet_SDK.elf'
'Invoking: ARM v7 gcc linker'
arm-none-eabi-gcc -mcpu=cortex-a9 -mfpu=vfpv3 -mfloat-abi=hard -Wl,-build-id=none -specs=Xilinx.spec -Wl,-T -Wl,../src/lscript.ld -L../../ER_lenet_SDK_bsp/ps7_cortexa9_0/lib -o "ER_lenet_SDK.elf"  ./src/main.o ./src/platform.o   -Wl,--start-group,-lxil,-lgcc,-lc,--end-group
'Finished building target: ER_lenet_SDK.elf'
' '
'Invoking: ARM v7 Print Size'
arm-none-eabi-size ER_lenet_SDK.elf  |tee "ER_lenet_SDK.elf.size"
   text	   data	    bss	    dec	    hex	filename
  64824	   5688	  34672	 105184	  19ae0	ER_lenet_SDK.elf
'Finished building: ER_lenet_SDK.elf.size'
' '
22:21:43 **** Incremental Build of configuration Debug for project ER_lenet_SDK ****
make pre-build main-build 
a9-linaro-pre-build-step
' '
make: Nothing to be done for 'main-build'.
22:21:52 **** Incremental Build of configuration Debug for project ER_lenet_SDK ****
make pre-build main-build 
a9-linaro-pre-build-step
' '
make: Nothing to be done for 'main-build'.
22:22:00 **** Incremental Build of configuration Debug for project ER_lenet_SDK ****
make pre-build main-build 
a9-linaro-pre-build-step
' '
make: Nothing to be done for 'main-build'.
22:22:14 **** Incremental Build of configuration Debug for project ER_lenet_SDK ****
make pre-build main-build 
a9-linaro-pre-build-step
' '
make: Nothing to be done for 'main-build'.
22:22:38 **** Incremental Build of configuration Debug for project ER_lenet_SDK ****
make pre-build main-build 
a9-linaro-pre-build-step
' '
make: Nothing to be done for 'main-build'.
22:22:53 **** Incremental Build of configuration Debug for project ER_lenet_SDK ****
make pre-build main-build 
a9-linaro-pre-build-step
' '
make: Nothing to be done for 'main-build'.
22:23:42 **** Incremental Build of configuration Debug for project ER_lenet_SDK ****
make pre-build main-build 
a9-linaro-pre-build-step
' '
make: Nothing to be done for 'main-build'.
22:27:30 **** Incremental Build of configuration Debug for project ER_lenet_SDK ****
make pre-build main-build 
a9-linaro-pre-build-step
' '
make: Nothing to be done for 'main-build'.
22:36:54 **** Incremental Build of configuration Debug for project ER_lenet_SDK ****
make pre-build main-build 
a9-linaro-pre-build-step
' '
make: Nothing to be done for 'main-build'.
22:55:06 **** Auto Build of configuration Debug for project ER_lenet_SDK ****
make pre-build main-build 
a9-linaro-pre-build-step
' '
'Building file: ../src/main.c'
'Invoking: ARM v7 gcc compiler'
arm-none-eabi-gcc -Wall -O0 -g3 -c -fmessage-length=0 -MT"src/main.o" -mcpu=cortex-a9 -mfpu=vfpv3 -mfloat-abi=hard -I../../ER_lenet_SDK_bsp/ps7_cortexa9_0/include -MMD -MP -MF"src/main.d" -MT"src/main.o" -o "src/main.o" "../src/main.c"
../src/main.c: In function 'image_receive':
../src/main.c:318:19: warning: unused variable 'mpla' [-Wunused-variable]
  volatile uint8_t mpla = 1;
                   ^~~~
../src/main.c: In function 'image_parse':
../src/main.c:335:20: warning: unused variable 'mpla' [-Wunused-variable]
   volatile uint8_t mpla = 1;
                    ^~~~
../src/main.c:353:22: warning: unused variable 'mpla' [-Wunused-variable]
     volatile uint8_t mpla = 1;
                      ^~~~
'Finished building: ../src/main.c'
' '
'Building target: ER_lenet_SDK.elf'
'Invoking: ARM v7 gcc linker'
arm-none-eabi-gcc -mcpu=cortex-a9 -mfpu=vfpv3 -mfloat-abi=hard -Wl,-build-id=none -specs=Xilinx.spec -Wl,-T -Wl,../src/lscript.ld -L../../ER_lenet_SDK_bsp/ps7_cortexa9_0/lib -o "ER_lenet_SDK.elf"  ./src/main.o ./src/platform.o   -Wl,--start-group,-lxil,-lgcc,-lc,--end-group
'Finished building target: ER_lenet_SDK.elf'
' '
'Invoking: ARM v7 Print Size'
arm-none-eabi-size ER_lenet_SDK.elf  |tee "ER_lenet_SDK.elf.size"
   text	   data	    bss	    dec	    hex	filename
  64824	   5688	  34672	 105184	  19ae0	ER_lenet_SDK.elf
'Finished building: ER_lenet_SDK.elf.size'
' '
22:55:22 **** Incremental Build of configuration Debug for project ER_lenet_SDK ****
make pre-build main-build 
a9-linaro-pre-build-step
' '
make: Nothing to be done for 'main-build'.
22:57:23 **** Incremental Build of configuration Debug for project ER_lenet_SDK ****
make pre-build main-build 
a9-linaro-pre-build-step
' '
make: Nothing to be done for 'main-build'.
23:04:21 **** Incremental Build of configuration Debug for project ER_lenet_SDK ****
make pre-build main-build 
a9-linaro-pre-build-step
' '
'Building file: ../src/main.c'
'Invoking: ARM v7 gcc compiler'
arm-none-eabi-gcc -Wall -O0 -g3 -c -fmessage-length=0 -MT"src/main.o" -mcpu=cortex-a9 -mfpu=vfpv3 -mfloat-abi=hard -I../../ER_lenet_SDK_bsp/ps7_cortexa9_0/include -MMD -MP -MF"src/main.d" -MT"src/main.o" -o "src/main.o" "../src/main.c"
../src/main.c: In function 'image_receive':
../src/main.c:318:19: warning: unused variable 'mpla' [-Wunused-variable]
  volatile uint8_t mpla = 1;
                   ^~~~
../src/main.c: In function 'image_parse':
../src/main.c:335:20: warning: unused variable 'mpla' [-Wunused-variable]
   volatile uint8_t mpla = 1;
                    ^~~~
../src/main.c:353:22: warning: unused variable 'mpla' [-Wunused-variable]
     volatile uint8_t mpla = 1;
                      ^~~~
'Finished building: ../src/main.c'
' '
'Building target: ER_lenet_SDK.elf'
'Invoking: ARM v7 gcc linker'
arm-none-eabi-gcc -mcpu=cortex-a9 -mfpu=vfpv3 -mfloat-abi=hard -Wl,-build-id=none -specs=Xilinx.spec -Wl,-T -Wl,../src/lscript.ld -L../../ER_lenet_SDK_bsp/ps7_cortexa9_0/lib -o "ER_lenet_SDK.elf"  ./src/main.o ./src/platform.o   -Wl,--start-group,-lxil,-lgcc,-lc,--end-group
'Finished building target: ER_lenet_SDK.elf'
' '
'Invoking: ARM v7 Print Size'
arm-none-eabi-size ER_lenet_SDK.elf  |tee "ER_lenet_SDK.elf.size"
   text	   data	    bss	    dec	    hex	filename
  64824	   5688	  34672	 105184	  19ae0	ER_lenet_SDK.elf
'Finished building: ER_lenet_SDK.elf.size'
' '
23:04:57 **** Incremental Build of configuration Debug for project ER_lenet_SDK ****
make pre-build main-build 
a9-linaro-pre-build-step
' '
make: Nothing to be done for 'main-build'.
23:12:33 **** Incremental Build of configuration Debug for project ER_lenet_SDK ****
make pre-build main-build 
a9-linaro-pre-build-step
' '
'Building file: ../src/main.c'
'Invoking: ARM v7 gcc compiler'
arm-none-eabi-gcc -Wall -O0 -g3 -c -fmessage-length=0 -MT"src/main.o" -mcpu=cortex-a9 -mfpu=vfpv3 -mfloat-abi=hard -I../../ER_lenet_SDK_bsp/ps7_cortexa9_0/include -MMD -MP -MF"src/main.d" -MT"src/main.o" -o "src/main.o" "../src/main.c"
../src/main.c: In function 'image_parse':
../src/main.c:334:20: warning: unused variable 'mpla' [-Wunused-variable]
   volatile uint8_t mpla = 1;
                    ^~~~
../src/main.c:352:22: warning: unused variable 'mpla' [-Wunused-variable]
     volatile uint8_t mpla = 1;
                      ^~~~
'Finished building: ../src/main.c'
' '
'Building target: ER_lenet_SDK.elf'
'Invoking: ARM v7 gcc linker'
arm-none-eabi-gcc -mcpu=cortex-a9 -mfpu=vfpv3 -mfloat-abi=hard -Wl,-build-id=none -specs=Xilinx.spec -Wl,-T -Wl,../src/lscript.ld -L../../ER_lenet_SDK_bsp/ps7_cortexa9_0/lib -o "ER_lenet_SDK.elf"  ./src/main.o ./src/platform.o   -Wl,--start-group,-lxil,-lgcc,-lc,--end-group
'Finished building target: ER_lenet_SDK.elf'
' '
'Invoking: ARM v7 Print Size'
arm-none-eabi-size ER_lenet_SDK.elf  |tee "ER_lenet_SDK.elf.size"
   text	   data	    bss	    dec	    hex	filename
  64824	   5688	  34672	 105184	  19ae0	ER_lenet_SDK.elf
'Finished building: ER_lenet_SDK.elf.size'
' '
23:38:15 **** Auto Build of configuration Debug for project ER_lenet_SDK ****
make pre-build main-build 
a9-linaro-pre-build-step
' '
'Building file: ../src/main.c'
'Invoking: ARM v7 gcc compiler'
arm-none-eabi-gcc -Wall -O0 -g3 -c -fmessage-length=0 -MT"src/main.o" -mcpu=cortex-a9 -mfpu=vfpv3 -mfloat-abi=hard -I../../ER_lenet_SDK_bsp/ps7_cortexa9_0/include -MMD -MP -MF"src/main.d" -MT"src/main.o" -o "src/main.o" "../src/main.c"
'Finished building: ../src/main.c'
' '
'Building target: ER_lenet_SDK.elf'
'Invoking: ARM v7 gcc linker'
arm-none-eabi-gcc -mcpu=cortex-a9 -mfpu=vfpv3 -mfloat-abi=hard -Wl,-build-id=none -specs=Xilinx.spec -Wl,-T -Wl,../src/lscript.ld -L../../ER_lenet_SDK_bsp/ps7_cortexa9_0/lib -o "ER_lenet_SDK.elf"  ./src/main.o ./src/platform.o   -Wl,--start-group,-lxil,-lgcc,-lc,--end-group
'Finished building target: ER_lenet_SDK.elf'
' '
'Invoking: ARM v7 Print Size'
arm-none-eabi-size ER_lenet_SDK.elf  |tee "ER_lenet_SDK.elf.size"
   text	   data	    bss	    dec	    hex	filename
  64696	   5688	  34672	 105056	  19a60	ER_lenet_SDK.elf
'Finished building: ER_lenet_SDK.elf.size'
' '
